12:27:57 **** Incremental Build of configuration Debug for project p5_PPM_BT_passthrough ****
make all 
make: Nothing to be done for `all'.
12:28:12 **** Clean-only build of configuration Debug for project p5_PPM_BT_passthrough ****
make clean 
rm -rf  ./src/platform.o ./src/ppm_passthrough.o  ./src/platform.d ./src/ppm_passthrough.d  p5_PPM_BT_passthrough.elf.size  p5_PPM_BT_passthrough.elf
' '
12:28:12 **** Clean-only build of project system_bsp ****
make -k clean 
rm -rf ps7_cortexa9_0
12:28:25 **** Build of project system_bsp ****
make -k all 
libgen -hw ../system_hw_platform/system.xml\
	       \
	       -pe ps7_cortexa9_0 \
	       -log libgen.log \
	       system.mss
libgen
Xilinx EDK 14.7 Build EDK_P.20131013
Copyright (c) 1995-2012 Xilinx, Inc.  All rights reserved.

Command Line: libgen -hw ../system_hw_platform/system.xml -pe ps7_cortexa9_0
-log libgen.log system.mss 


Staging source files.
Running DRCs.
Running generate.
Running post_generate.
Running include - 'make -s include "COMPILER=arm-xilinx-eabi-gcc"
"ARCHIVER=arm-xilinx-eabi-ar" "COMPILER_FLAGS= -O2 -c"
"EXTRA_COMPILER_FLAGS=-g"'.

Running libs - 'make -s libs "COMPILER=arm-xilinx-eabi-gcc"
"ARCHIVER=arm-xilinx-eabi-ar" "COMPILER_FLAGS= -O2 -c"
"EXTRA_COMPILER_FLAGS=-g"'.
"Compiling common"
arm-xilinx-eabi-ar: creating ../../../lib/libxil.a
"Compiling standalone"
"Compiling gpio"
"Compiling devcfg"
"Compiling dmaps"
"Compiling emacps"
"Compiling gpiops"
"Compiling qspips"
"Compiling scugic"
"Compiling scutimer"
"Compiling scuwdt"
"Compiling ttcps"
"Compiling uartps"
"Compiling usbps"
"Compiling xadcps"
"Compiling cpu_cortexa9"
Running execs_generate.
'Finished building libraries'
12:29:39 **** Build of configuration Debug for project p5_PPM_BT_passthrough ****
make all 
'Building file: ../src/platform.c'
'Invoking: ARM gcc compiler'
arm-xilinx-eabi-gcc -Wall -O0 -g3 -c -fmessage-length=0 -I../../system_bsp/ps7_cortexa9_0/include -MMD -MP -MF"src/platform.d" -MT"src/platform.d" -o "src/platform.o" "../src/platform.c"
'Finished building: ../src/platform.c'
' '
'Building file: ../src/ppm_passthrough.c'
'Invoking: ARM gcc compiler'
arm-xilinx-eabi-gcc -Wall -O0 -g3 -c -fmessage-length=0 -I../../system_bsp/ps7_cortexa9_0/include -MMD -MP -MF"src/ppm_passthrough.d" -MT"src/ppm_passthrough.d" -o "src/ppm_passthrough.o" "../src/ppm_passthrough.c"
../src/ppm_passthrough.c: In function 'main':
../src/ppm_passthrough.c:143:6: warning: passing argument 2 of 'memcpy' makes pointer from integer without a cast [enabled by default]
In file included from ../../system_bsp/ps7_cortexa9_0/include/xil_printf.h:9:0,
                 from ../../system_bsp/ps7_cortexa9_0/include/xil_io.h:74,
                 from ../../system_bsp/ps7_cortexa9_0/include/xuartps_hw.h:78,
                 from ../../system_bsp/ps7_cortexa9_0/include/xuartps.h:177,
                 from ../src/ppm_passthrough.c:37:
c:\xilinx\14.7\ise_ds\edk\gnu\arm\nt\bin\../lib/gcc/arm-xilinx-eabi/4.7.3/../../../../arm-xilinx-eabi/include/string.h:24:8: note: expected 'const void *' but argument is of type 'int'
../src/ppm_passthrough.c:144:6: warning: passing argument 2 of 'memcpy' makes pointer from integer without a cast [enabled by default]
In file included from ../../system_bsp/ps7_cortexa9_0/include/xil_printf.h:9:0,
                 from ../../system_bsp/ps7_cortexa9_0/include/xil_io.h:74,
                 from ../../system_bsp/ps7_cortexa9_0/include/xuartps_hw.h:78,
                 from ../../system_bsp/ps7_cortexa9_0/include/xuartps.h:177,
                 from ../src/ppm_passthrough.c:37:
c:\xilinx\14.7\ise_ds\edk\gnu\arm\nt\bin\../lib/gcc/arm-xilinx-eabi/4.7.3/../../../../arm-xilinx-eabi/include/string.h:24:8: note: expected 'const void *' but argument is of type 'int'
../src/ppm_passthrough.c:145:6: warning: passing argument 2 of 'memcpy' makes pointer from integer without a cast [enabled by default]
In file included from ../../system_bsp/ps7_cortexa9_0/include/xil_printf.h:9:0,
                 from ../../system_bsp/ps7_cortexa9_0/include/xil_io.h:74,
                 from ../../system_bsp/ps7_cortexa9_0/include/xuartps_hw.h:78,
                 from ../../system_bsp/ps7_cortexa9_0/include/xuartps.h:177,
                 from ../src/ppm_passthrough.c:37:
c:\xilinx\14.7\ise_ds\edk\gnu\arm\nt\bin\../lib/gcc/arm-xilinx-eabi/4.7.3/../../../../arm-xilinx-eabi/include/string.h:24:8: note: expected 'const void *' but argument is of type 'int'
../src/ppm_passthrough.c:146:6: warning: passing argument 2 of 'memcpy' makes pointer from integer without a cast [enabled by default]
In file included from ../../system_bsp/ps7_cortexa9_0/include/xil_printf.h:9:0,
                 from ../../system_bsp/ps7_cortexa9_0/include/xil_io.h:74,
                 from ../../system_bsp/ps7_cortexa9_0/include/xuartps_hw.h:78,
                 from ../../system_bsp/ps7_cortexa9_0/include/xuartps.h:177,
                 from ../src/ppm_passthrough.c:37:
c:\xilinx\14.7\ise_ds\edk\gnu\arm\nt\bin\../lib/gcc/arm-xilinx-eabi/4.7.3/../../../../arm-xilinx-eabi/include/string.h:24:8: note: expected 'const void *' but argument is of type 'int'
../src/ppm_passthrough.c:135:10: warning: unused variable 'command' [-Wunused-variable]
'Finished building: ../src/ppm_passthrough.c'
' '
'Building target: p5_PPM_BT_passthrough.elf'
'Invoking: ARM gcc linker'
arm-xilinx-eabi-gcc -Wl,-T -Wl,../src/lscript.ld -L../../system_bsp/ps7_cortexa9_0/lib -o "p5_PPM_BT_passthrough.elf"  ./src/platform.o ./src/ppm_passthrough.o   -Wl,--start-group,-lxil,-lgcc,-lc,--end-group
'Finished building target: p5_PPM_BT_passthrough.elf'
' '
'Invoking: ARM Print Size'
arm-xilinx-eabi-size p5_PPM_BT_passthrough.elf  |tee "p5_PPM_BT_passthrough.elf.size"
   text	   data	    bss	    dec	    hex	filename
  37880	   1176	  29860	  68916	  10d34	p5_PPM_BT_passthrough.elf
'Finished building: p5_PPM_BT_passthrough.elf.size'
' '
12:29:41 **** Auto Build of configuration Debug for project p4_quad_commands ****
make all 
make: Nothing to be done for `all'.
12:29:42 **** Auto Build of configuration Debug for project p3_UART0_test ****
make all 
make: Nothing to be done for `all'.
12:29:42 **** Auto Build of configuration Debug for project p3_BT_configure ****
make all 
make: Nothing to be done for `all'.
12:30:44 **** Incremental Build of configuration Debug for project p5_PPM_BT_passthrough ****
make all 
make: Nothing to be done for `all'.
12:30:45 **** Incremental Build of configuration Debug for project p4_quad_commands ****
make all 
make: Nothing to be done for `all'.
12:30:46 **** Incremental Build of configuration Debug for project p3_UART0_test ****
make all 
make: Nothing to be done for `all'.
12:30:46 **** Incremental Build of configuration Debug for project p3_BT_configure ****
make all 
make: Nothing to be done for `all'.
12:32:15 **** Auto Build of project system_bsp ****
make -k all 
'Finished building libraries'
12:42:23 **** Auto Build of project system_bsp ****
make -k all 
'Finished building libraries'
12:42:27 **** Auto Build of project system_bsp ****
make -k all 
libgen -hw ../system_hw_platform/system.xml\
	       \
	       -pe ps7_cortexa9_0 \
	       -log libgen.log \
	       system.mss
libgen
Xilinx EDK 14.7 Build EDK_P.20131013
Copyright (c) 1995-2012 Xilinx, Inc.  All rights reserved.

Command Line: libgen -hw ../system_hw_platform/system.xml -pe ps7_cortexa9_0
-log libgen.log system.mss 


Staging source files.
Running DRCs.
Running generate.
Running post_generate.
Running include - 'make -s include "COMPILER=arm-xilinx-eabi-gcc"
"ARCHIVER=arm-xilinx-eabi-ar" "COMPILER_FLAGS= -O2 -c"
"EXTRA_COMPILER_FLAGS=-g"'.

Running libs - 'make -s libs "COMPILER=arm-xilinx-eabi-gcc"
"ARCHIVER=arm-xilinx-eabi-ar" "COMPILER_FLAGS= -O2 -c"
"EXTRA_COMPILER_FLAGS=-g"'.
"Compiling common"
arm-xilinx-eabi-ar: creating ../../../lib/libxil.a
"Compiling standalone"
"Compiling gpio"
"Compiling devcfg"
"Compiling dmaps"
"Compiling emacps"
"Compiling gpiops"
"Compiling qspips"
"Compiling scugic"
"Compiling scutimer"
"Compiling scuwdt"
"Compiling ttcps"
"Compiling uartps"
"Compiling usbps"
"Compiling xadcps"
"Compiling cpu_cortexa9"
Running execs_generate.
'Finished building libraries'
12:43:51 **** Auto Build of configuration Debug for project p5_PPM_BT_passthrough ****
make all 
make: Nothing to be done for `all'.
12:43:51 **** Auto Build of configuration Debug for project p4_quad_commands ****
make all 
make: Nothing to be done for `all'.
12:43:52 **** Auto Build of configuration Debug for project p3_UART0_test ****
make all 
make: Nothing to be done for `all'.
12:43:52 **** Auto Build of configuration Debug for project p3_BT_configure ****
make all 
make: Nothing to be done for `all'.
12:43:53 **** Clean-only build of project system_bsp ****
make -k clean 
rm -rf ps7_cortexa9_0
12:44:03 **** Clean-only build of configuration Debug for project p3_BT_configure ****
make clean 
rm -rf  ./src/hello_quad_cities.o ./src/platform.o  ./src/hello_quad_cities.d ./src/platform.d  p3_BT_configure.elf.size  p3_BT_configure.elf
' '
12:44:04 **** Clean-only build of configuration Debug for project p3_UART0_test ****
make clean 
rm -rf  ./src/helloworld.o ./src/platform.o  ./src/helloworld.d ./src/platform.d  p3_UART0_test.elf.size  p3_UART0_test.elf
' '
12:44:04 **** Clean-only build of configuration Debug for project p4_quad_commands ****
make clean 
rm -rf  ./src/platform.o ./src/quad_commands.o  ./src/platform.d ./src/quad_commands.d  p4_quad_commands.elf.size  p4_quad_commands.elf
' '
12:44:04 **** Clean-only build of configuration Debug for project p5_PPM_BT_passthrough ****
make clean 
rm -rf  ./src/platform.o ./src/ppm_passthrough.o  ./src/platform.d ./src/ppm_passthrough.d  p5_PPM_BT_passthrough.elf.size  p5_PPM_BT_passthrough.elf
' '
12:44:05 **** Build of project system_bsp ****
make -k all 
libgen -hw ../system_hw_platform/system.xml\
	       \
	       -pe ps7_cortexa9_0 \
	       -log libgen.log \
	       system.mss
libgen
Xilinx EDK 14.7 Build EDK_P.20131013
Copyright (c) 1995-2012 Xilinx, Inc.  All rights reserved.

Command Line: libgen -hw ../system_hw_platform/system.xml -pe ps7_cortexa9_0
-log libgen.log system.mss 


Staging source files.
Running DRCs.
Running generate.
Running post_generate.
Running include - 'make -s include "COMPILER=arm-xilinx-eabi-gcc"
"ARCHIVER=arm-xilinx-eabi-ar" "COMPILER_FLAGS= -O2 -c"
"EXTRA_COMPILER_FLAGS=-g"'.

Running libs - 'make -s libs "COMPILER=arm-xilinx-eabi-gcc"
"ARCHIVER=arm-xilinx-eabi-ar" "COMPILER_FLAGS= -O2 -c"
"EXTRA_COMPILER_FLAGS=-g"'.
"Compiling common"
arm-xilinx-eabi-ar: creating ../../../lib/libxil.a
"Compiling standalone"
"Compiling gpio"
"Compiling devcfg"
"Compiling dmaps"
"Compiling emacps"
"Compiling gpiops"
"Compiling qspips"
"Compiling scugic"
"Compiling scutimer"
"Compiling scuwdt"
"Compiling ttcps"
"Compiling uartps"
"Compiling usbps"
"Compiling xadcps"
"Compiling cpu_cortexa9"
Running execs_generate.
'Finished building libraries'
12:45:20 **** Build of configuration Debug for project p5_PPM_BT_passthrough ****
make all 
'Building file: ../src/platform.c'
'Invoking: ARM gcc compiler'
arm-xilinx-eabi-gcc -Wall -O0 -g3 -c -fmessage-length=0 -I../../system_bsp/ps7_cortexa9_0/include -MMD -MP -MF"src/platform.d" -MT"src/platform.d" -o "src/platform.o" "../src/platform.c"
'Finished building: ../src/platform.c'
' '
'Building file: ../src/ppm_passthrough.c'
'Invoking: ARM gcc compiler'
arm-xilinx-eabi-gcc -Wall -O0 -g3 -c -fmessage-length=0 -I../../system_bsp/ps7_cortexa9_0/include -MMD -MP -MF"src/ppm_passthrough.d" -MT"src/ppm_passthrough.d" -o "src/ppm_passthrough.o" "../src/ppm_passthrough.c"
../src/ppm_passthrough.c: In function 'main':
../src/ppm_passthrough.c:143:6: warning: passing argument 2 of 'memcpy' makes pointer from integer without a cast [enabled by default]
In file included from ../../system_bsp/ps7_cortexa9_0/include/xil_printf.h:9:0,
                 from ../../system_bsp/ps7_cortexa9_0/include/xil_io.h:74,
                 from ../../system_bsp/ps7_cortexa9_0/include/xuartps_hw.h:78,
                 from ../../system_bsp/ps7_cortexa9_0/include/xuartps.h:177,
                 from ../src/ppm_passthrough.c:37:
c:\xilinx\14.7\ise_ds\edk\gnu\arm\nt\bin\../lib/gcc/arm-xilinx-eabi/4.7.3/../../../../arm-xilinx-eabi/include/string.h:24:8: note: expected 'const void *' but argument is of type 'int'
../src/ppm_passthrough.c:144:6: warning: passing argument 2 of 'memcpy' makes pointer from integer without a cast [enabled by default]
In file included from ../../system_bsp/ps7_cortexa9_0/include/xil_printf.h:9:0,
                 from ../../system_bsp/ps7_cortexa9_0/include/xil_io.h:74,
                 from ../../system_bsp/ps7_cortexa9_0/include/xuartps_hw.h:78,
                 from ../../system_bsp/ps7_cortexa9_0/include/xuartps.h:177,
                 from ../src/ppm_passthrough.c:37:
c:\xilinx\14.7\ise_ds\edk\gnu\arm\nt\bin\../lib/gcc/arm-xilinx-eabi/4.7.3/../../../../arm-xilinx-eabi/include/string.h:24:8: note: expected 'const void *' but argument is of type 'int'
../src/ppm_passthrough.c:145:6: warning: passing argument 2 of 'memcpy' makes pointer from integer without a cast [enabled by default]
In file included from ../../system_bsp/ps7_cortexa9_0/include/xil_printf.h:9:0,
                 from ../../system_bsp/ps7_cortexa9_0/include/xil_io.h:74,
                 from ../../system_bsp/ps7_cortexa9_0/include/xuartps_hw.h:78,
                 from ../../system_bsp/ps7_cortexa9_0/include/xuartps.h:177,
                 from ../src/ppm_passthrough.c:37:
c:\xilinx\14.7\ise_ds\edk\gnu\arm\nt\bin\../lib/gcc/arm-xilinx-eabi/4.7.3/../../../../arm-xilinx-eabi/include/string.h:24:8: note: expected 'const void *' but argument is of type 'int'
../src/ppm_passthrough.c:146:6: warning: passing argument 2 of 'memcpy' makes pointer from integer without a cast [enabled by default]
In file included from ../../system_bsp/ps7_cortexa9_0/include/xil_printf.h:9:0,
                 from ../../system_bsp/ps7_cortexa9_0/include/xil_io.h:74,
                 from ../../system_bsp/ps7_cortexa9_0/include/xuartps_hw.h:78,
                 from ../../system_bsp/ps7_cortexa9_0/include/xuartps.h:177,
                 from ../src/ppm_passthrough.c:37:
c:\xilinx\14.7\ise_ds\edk\gnu\arm\nt\bin\../lib/gcc/arm-xilinx-eabi/4.7.3/../../../../arm-xilinx-eabi/include/string.h:24:8: note: expected 'const void *' but argument is of type 'int'
../src/ppm_passthrough.c:135:10: warning: unused variable 'command' [-Wunused-variable]
'Finished building: ../src/ppm_passthrough.c'
' '
'Building target: p5_PPM_BT_passthrough.elf'
'Invoking: ARM gcc linker'
arm-xilinx-eabi-gcc -Wl,-T -Wl,../src/lscript.ld -L../../system_bsp/ps7_cortexa9_0/lib -o "p5_PPM_BT_passthrough.elf"  ./src/platform.o ./src/ppm_passthrough.o   -Wl,--start-group,-lxil,-lgcc,-lc,--end-group
'Finished building target: p5_PPM_BT_passthrough.elf'
' '
'Invoking: ARM Print Size'
arm-xilinx-eabi-size p5_PPM_BT_passthrough.elf  |tee "p5_PPM_BT_passthrough.elf.size"
   text	   data	    bss	    dec	    hex	filename
  37880	   1176	  29860	  68916	  10d34	p5_PPM_BT_passthrough.elf
'Finished building: p5_PPM_BT_passthrough.elf.size'
' '
12:45:21 **** Build of configuration Debug for project p4_quad_commands ****
make all 
'Building file: ../src/platform.c'
'Invoking: ARM gcc compiler'
arm-xilinx-eabi-gcc -Wall -O0 -g3 -c -fmessage-length=0 -I../../system_bsp/ps7_cortexa9_0/include -MMD -MP -MF"src/platform.d" -MT"src/platform.d" -o "src/platform.o" "../src/platform.c"
'Finished building: ../src/platform.c'
' '
'Building file: ../src/quad_commands.c'
'Invoking: ARM gcc compiler'
arm-xilinx-eabi-gcc -Wall -O0 -g3 -c -fmessage-length=0 -I../../system_bsp/ps7_cortexa9_0/include -MMD -MP -MF"src/quad_commands.d" -MT"src/quad_commands.d" -o "src/quad_commands.o" "../src/quad_commands.c"
'Finished building: ../src/quad_commands.c'
' '
'Building target: p4_quad_commands.elf'
'Invoking: ARM gcc linker'
arm-xilinx-eabi-gcc -Wl,-T -Wl,../src/lscript.ld -L../../system_bsp/ps7_cortexa9_0/lib -o "p4_quad_commands.elf"  ./src/platform.o ./src/quad_commands.o   -Wl,--start-group,-lxil,-lgcc,-lc,--end-group
'Finished building target: p4_quad_commands.elf'
' '
'Invoking: ARM Print Size'
arm-xilinx-eabi-size p4_quad_commands.elf  |tee "p4_quad_commands.elf.size"
   text	   data	    bss	    dec	    hex	filename
  90452	   2384	  30188	 123024	  1e090	p4_quad_commands.elf
'Finished building: p4_quad_commands.elf.size'
' '
12:45:23 **** Build of configuration Debug for project p3_UART0_test ****
make all 
'Building file: ../src/helloworld.c'
'Invoking: ARM gcc compiler'
arm-xilinx-eabi-gcc -Wall -O0 -g3 -c -fmessage-length=0 -I../../system_bsp/ps7_cortexa9_0/include -MMD -MP -MF"src/helloworld.d" -MT"src/helloworld.d" -o "src/helloworld.o" "../src/helloworld.c"
../src/helloworld.c: In function 'uart0_recvBuffer':
../src/helloworld.c:135:25: warning: comparison between pointer and integer [enabled by default]
'Finished building: ../src/helloworld.c'
' '
'Building file: ../src/platform.c'
'Invoking: ARM gcc compiler'
arm-xilinx-eabi-gcc -Wall -O0 -g3 -c -fmessage-length=0 -I../../system_bsp/ps7_cortexa9_0/include -MMD -MP -MF"src/platform.d" -MT"src/platform.d" -o "src/platform.o" "../src/platform.c"
'Finished building: ../src/platform.c'
' '
'Building target: p3_UART0_test.elf'
'Invoking: ARM gcc linker'
arm-xilinx-eabi-gcc -Wl,-T -Wl,../src/lscript.ld -L../../system_bsp/ps7_cortexa9_0/lib -o "p3_UART0_test.elf"  ./src/helloworld.o ./src/platform.o   -Wl,--start-group,-lxil,-lgcc,-lc,--end-group
'Finished building target: p3_UART0_test.elf'
' '
'Invoking: ARM Print Size'
arm-xilinx-eabi-size p3_UART0_test.elf  |tee "p3_UART0_test.elf.size"
   text	   data	    bss	    dec	    hex	filename
  28064	   1136	  29860	  59060	   e6b4	p3_UART0_test.elf
'Finished building: p3_UART0_test.elf.size'
' '
12:45:25 **** Build of configuration Debug for project p3_BT_configure ****
make all 
'Building file: ../src/hello_quad_cities.c'
'Invoking: ARM gcc compiler'
arm-xilinx-eabi-gcc -Wall -O0 -g3 -c -fmessage-length=0 -I../../system_bsp/ps7_cortexa9_0/include -MMD -MP -MF"src/hello_quad_cities.d" -MT"src/hello_quad_cities.d" -o "src/hello_quad_cities.o" "../src/hello_quad_cities.c"
'Finished building: ../src/hello_quad_cities.c'
' '
'Building file: ../src/platform.c'
'Invoking: ARM gcc compiler'
arm-xilinx-eabi-gcc -Wall -O0 -g3 -c -fmessage-length=0 -I../../system_bsp/ps7_cortexa9_0/include -MMD -MP -MF"src/platform.d" -MT"src/platform.d" -o "src/platform.o" "../src/platform.c"
'Finished building: ../src/platform.c'
' '
'Building target: p3_BT_configure.elf'
'Invoking: ARM gcc linker'
arm-xilinx-eabi-gcc -Wl,-T -Wl,../src/lscript.ld -L../../system_bsp/ps7_cortexa9_0/lib -o "p3_BT_configure.elf"  ./src/hello_quad_cities.o ./src/platform.o   -Wl,--start-group,-lxil,-lgcc,-lc,--end-group
'Finished building target: p3_BT_configure.elf'
' '
'Invoking: ARM Print Size'
arm-xilinx-eabi-size p3_BT_configure.elf  |tee "p3_BT_configure.elf.size"
   text	   data	    bss	    dec	    hex	filename
  87420	   2376	  30188	 119984	  1d4b0	p3_BT_configure.elf
'Finished building: p3_BT_configure.elf.size'
' '
12:45:51 **** Clean-only build of project system_bsp ****
make -k clean 
rm -rf ps7_cortexa9_0
12:46:02 **** Build of project system_bsp ****
make -k all 
libgen -hw ../system_hw_platform/system.xml\
	       \
	       -pe ps7_cortexa9_0 \
	       -log libgen.log \
	       system.mss
libgen
Xilinx EDK 14.7 Build EDK_P.20131013
Copyright (c) 1995-2012 Xilinx, Inc.  All rights reserved.

Command Line: libgen -hw ../system_hw_platform/system.xml -pe ps7_cortexa9_0
-log libgen.log system.mss 


Staging source files.
Running DRCs.
Running generate.
Running post_generate.
Running include - 'make -s include "COMPILER=arm-xilinx-eabi-gcc"
"ARCHIVER=arm-xilinx-eabi-ar" "COMPILER_FLAGS= -O2 -c"
"EXTRA_COMPILER_FLAGS=-g"'.

Running libs - 'make -s libs "COMPILER=arm-xilinx-eabi-gcc"
"ARCHIVER=arm-xilinx-eabi-ar" "COMPILER_FLAGS= -O2 -c"
"EXTRA_COMPILER_FLAGS=-g"'.
"Compiling common"
arm-xilinx-eabi-ar: creating ../../../lib/libxil.a
"Compiling standalone"
"Compiling gpio"
"Compiling devcfg"
"Compiling dmaps"
"Compiling emacps"
"Compiling gpiops"
"Compiling qspips"
"Compiling scugic"
"Compiling scutimer"
"Compiling scuwdt"
"Compiling ttcps"
"Compiling uartps"
"Compiling usbps"
"Compiling xadcps"
"Compiling cpu_cortexa9"
Running execs_generate.
'Finished building libraries'
12:47:15 **** Auto Build of configuration Debug for project p5_PPM_BT_passthrough ****
make all 
make: Nothing to be done for `all'.
12:47:15 **** Auto Build of configuration Debug for project p4_quad_commands ****
make all 
make: Nothing to be done for `all'.
12:47:15 **** Auto Build of configuration Debug for project p3_UART0_test ****
make all 
make: Nothing to be done for `all'.
12:47:15 **** Auto Build of configuration Debug for project p3_BT_configure ****
make all 
make: Nothing to be done for `all'.
12:47:16 **** Incremental Build of configuration Debug for project p5_PPM_BT_passthrough ****
make all 
make: Nothing to be done for `all'.
12:47:16 **** Incremental Build of configuration Debug for project p4_quad_commands ****
make all 
make: Nothing to be done for `all'.
12:47:17 **** Incremental Build of configuration Debug for project p3_UART0_test ****
make all 
make: Nothing to be done for `all'.
12:47:18 **** Incremental Build of configuration Debug for project p3_BT_configure ****
make all 
make: Nothing to be done for `all'.
12:52:41 **** Auto Build of configuration Debug for project p5_PPM_BT_passthrough ****
make all 
'Building file: ../src/ppm_passthrough.c'
'Invoking: ARM gcc compiler'
arm-xilinx-eabi-gcc -Wall -O0 -g3 -c -fmessage-length=0 -I../../system_bsp/ps7_cortexa9_0/include -MMD -MP -MF"src/ppm_passthrough.d" -MT"src/ppm_passthrough.d" -o "src/ppm_passthrough.o" "../src/ppm_passthrough.c"
../src/ppm_passthrough.c: In function 'main':
../src/ppm_passthrough.c:150:17: error: 'ROLL_OFFSET' undeclared (first use in this function)
../src/ppm_passthrough.c:150:17: note: each undeclared identifier is reported only once for each function it appears in
../src/ppm_passthrough.c:141:10: warning: unused variable 'command' [-Wunused-variable]
../src/ppm_passthrough.c:135:29: warning: unused variable 'yaw' [-Wunused-variable]
../src/ppm_passthrough.c:135:19: warning: unused variable 'throttle' [-Wunused-variable]
../src/ppm_passthrough.c:135:12: warning: unused variable 'pitch' [-Wunused-variable]
../src/ppm_passthrough.c:135:6: warning: unused variable 'roll' [-Wunused-variable]
make: *** [src/ppm_passthrough.o] Error 1
12:53:21 **** Auto Build of configuration Debug for project p5_PPM_BT_passthrough ****
make all 
'Building file: ../src/ppm_passthrough.c'
'Invoking: ARM gcc compiler'
arm-xilinx-eabi-gcc -Wall -O0 -g3 -c -fmessage-length=0 -I../../system_bsp/ps7_cortexa9_0/include -MMD -MP -MF"src/ppm_passthrough.d" -MT"src/ppm_passthrough.d" -o "src/ppm_passthrough.o" "../src/ppm_passthrough.c"
../src/ppm_passthrough.c: In function 'main':
../src/ppm_passthrough.c:141:10: warning: unused variable 'command' [-Wunused-variable]
../src/ppm_passthrough.c:135:29: warning: unused variable 'yaw' [-Wunused-variable]
../src/ppm_passthrough.c:135:19: warning: unused variable 'throttle' [-Wunused-variable]
../src/ppm_passthrough.c:135:12: warning: unused variable 'pitch' [-Wunused-variable]
../src/ppm_passthrough.c:135:6: warning: unused variable 'roll' [-Wunused-variable]
'Finished building: ../src/ppm_passthrough.c'
' '
'Building target: p5_PPM_BT_passthrough.elf'
'Invoking: ARM gcc linker'
arm-xilinx-eabi-gcc -Wl,-T -Wl,../src/lscript.ld -L../../system_bsp/ps7_cortexa9_0/lib -o "p5_PPM_BT_passthrough.elf"  ./src/platform.o ./src/ppm_passthrough.o   -Wl,--start-group,-lxil,-lgcc,-lc,--end-group
'Finished building target: p5_PPM_BT_passthrough.elf'
' '
'Invoking: ARM Print Size'
arm-xilinx-eabi-size p5_PPM_BT_passthrough.elf  |tee "p5_PPM_BT_passthrough.elf.size"
   text	   data	    bss	    dec	    hex	filename
  37892	   1176	  29860	  68928	  10d40	p5_PPM_BT_passthrough.elf
'Finished building: p5_PPM_BT_passthrough.elf.size'
' '
12:53:36 **** Incremental Build of configuration Debug for project p5_PPM_BT_passthrough ****
make all 
make: Nothing to be done for `all'.
12:53:37 **** Incremental Build of configuration Debug for project p4_quad_commands ****
make all 
make: Nothing to be done for `all'.
12:53:37 **** Incremental Build of configuration Debug for project p3_UART0_test ****
make all 
make: Nothing to be done for `all'.
12:53:38 **** Incremental Build of configuration Debug for project p3_BT_configure ****
make all 
make: Nothing to be done for `all'.
12:57:36 **** Auto Build of configuration Debug for project p5_PPM_BT_passthrough ****
make all 
'Building file: ../src/ppm_passthrough.c'
'Invoking: ARM gcc compiler'
arm-xilinx-eabi-gcc -Wall -O0 -g3 -c -fmessage-length=0 -I../../system_bsp/ps7_cortexa9_0/include -MMD -MP -MF"src/ppm_passthrough.d" -MT"src/ppm_passthrough.d" -o "src/ppm_passthrough.o" "../src/ppm_passthrough.c"
../src/ppm_passthrough.c: In function 'main':
../src/ppm_passthrough.c:141:10: warning: unused variable 'command' [-Wunused-variable]
../src/ppm_passthrough.c:135:29: warning: variable 'yaw' set but not used [-Wunused-but-set-variable]
../src/ppm_passthrough.c:135:12: warning: variable 'pitch' set but not used [-Wunused-but-set-variable]
../src/ppm_passthrough.c:135:6: warning: variable 'roll' set but not used [-Wunused-but-set-variable]
'Finished building: ../src/ppm_passthrough.c'
' '
'Building target: p5_PPM_BT_passthrough.elf'
'Invoking: ARM gcc linker'
arm-xilinx-eabi-gcc -Wl,-T -Wl,../src/lscript.ld -L../../system_bsp/ps7_cortexa9_0/lib -o "p5_PPM_BT_passthrough.elf"  ./src/platform.o ./src/ppm_passthrough.o   -Wl,--start-group,-lxil,-lgcc,-lc,--end-group
'Finished building target: p5_PPM_BT_passthrough.elf'
' '
'Invoking: ARM Print Size'
arm-xilinx-eabi-size p5_PPM_BT_passthrough.elf  |tee "p5_PPM_BT_passthrough.elf.size"
   text	   data	    bss	    dec	    hex	filename
  37976	   1176	  29860	  69012	  10d94	p5_PPM_BT_passthrough.elf
'Finished building: p5_PPM_BT_passthrough.elf.size'
' '
12:57:39 **** Auto Build of configuration Debug for project p5_PPM_BT_passthrough ****
make all 
'Building file: ../src/ppm_passthrough.c'
'Invoking: ARM gcc compiler'
arm-xilinx-eabi-gcc -Wall -O0 -g3 -c -fmessage-length=0 -I../../system_bsp/ps7_cortexa9_0/include -MMD -MP -MF"src/ppm_passthrough.d" -MT"src/ppm_passthrough.d" -o "src/ppm_passthrough.o" "../src/ppm_passthrough.c"
../src/ppm_passthrough.c: In function 'main':
../src/ppm_passthrough.c:141:10: warning: unused variable 'command' [-Wunused-variable]
../src/ppm_passthrough.c:135:29: warning: variable 'yaw' set but not used [-Wunused-but-set-variable]
../src/ppm_passthrough.c:135:12: warning: variable 'pitch' set but not used [-Wunused-but-set-variable]
../src/ppm_passthrough.c:135:6: warning: variable 'roll' set but not used [-Wunused-but-set-variable]
'Finished building: ../src/ppm_passthrough.c'
' '
'Building target: p5_PPM_BT_passthrough.elf'
'Invoking: ARM gcc linker'
arm-xilinx-eabi-gcc -Wl,-T -Wl,../src/lscript.ld -L../../system_bsp/ps7_cortexa9_0/lib -o "p5_PPM_BT_passthrough.elf"  ./src/platform.o ./src/ppm_passthrough.o   -Wl,--start-group,-lxil,-lgcc,-lc,--end-group
'Finished building target: p5_PPM_BT_passthrough.elf'
' '
'Invoking: ARM Print Size'
arm-xilinx-eabi-size p5_PPM_BT_passthrough.elf  |tee "p5_PPM_BT_passthrough.elf.size"
   text	   data	    bss	    dec	    hex	filename
  37840	   1176	  29860	  68876	  10d0c	p5_PPM_BT_passthrough.elf
'Finished building: p5_PPM_BT_passthrough.elf.size'
' '
12:57:59 **** Auto Build of configuration Debug for project p5_PPM_BT_passthrough ****
make all 
'Building file: ../src/ppm_passthrough.c'
'Invoking: ARM gcc compiler'
arm-xilinx-eabi-gcc -Wall -O0 -g3 -c -fmessage-length=0 -I../../system_bsp/ps7_cortexa9_0/include -MMD -MP -MF"src/ppm_passthrough.d" -MT"src/ppm_passthrough.d" -o "src/ppm_passthrough.o" "../src/ppm_passthrough.c"
../src/ppm_passthrough.c: In function 'main':
../src/ppm_passthrough.c:154:6: error: too few arguments to function 'send_command'
../src/ppm_passthrough.c:107:5: note: declared here
../src/ppm_passthrough.c:155:5: error: expected ';' before '}' token
../src/ppm_passthrough.c:141:10: warning: unused variable 'command' [-Wunused-variable]
../src/ppm_passthrough.c:135:29: warning: variable 'yaw' set but not used [-Wunused-but-set-variable]
../src/ppm_passthrough.c:135:19: warning: variable 'throttle' set but not used [-Wunused-but-set-variable]
../src/ppm_passthrough.c:135:12: warning: variable 'pitch' set but not used [-Wunused-but-set-variable]
../src/ppm_passthrough.c:135:6: warning: variable 'roll' set but not used [-Wunused-but-set-variable]
make: *** [src/ppm_passthrough.o] Error 1
12:59:37 **** Auto Build of configuration Debug for project p5_PPM_BT_passthrough ****
make all 
'Building file: ../src/ppm_passthrough.c'
'Invoking: ARM gcc compiler'
arm-xilinx-eabi-gcc -Wall -O0 -g3 -c -fmessage-length=0 -I../../system_bsp/ps7_cortexa9_0/include -MMD -MP -MF"src/ppm_passthrough.d" -MT"src/ppm_passthrough.d" -o "src/ppm_passthrough.o" "../src/ppm_passthrough.c"
../src/ppm_passthrough.c: In function 'main':
../src/ppm_passthrough.c:157:6: error: too few arguments to function 'send_command'
../src/ppm_passthrough.c:107:5: note: declared here
../src/ppm_passthrough.c:158:5: error: expected ';' before '}' token
../src/ppm_passthrough.c:141:10: warning: unused variable 'command' [-Wunused-variable]
../src/ppm_passthrough.c:135:19: warning: variable 'throttle' set but not used [-Wunused-but-set-variable]
../src/ppm_passthrough.c:135:12: warning: variable 'pitch' set but not used [-Wunused-but-set-variable]
../src/ppm_passthrough.c:135:6: warning: variable 'roll' set but not used [-Wunused-but-set-variable]
make: *** [src/ppm_passthrough.o] Error 1
12:59:41 **** Auto Build of configuration Debug for project p5_PPM_BT_passthrough ****
make all 
'Building file: ../src/ppm_passthrough.c'
'Invoking: ARM gcc compiler'
arm-xilinx-eabi-gcc -Wall -O0 -g3 -c -fmessage-length=0 -I../../system_bsp/ps7_cortexa9_0/include -MMD -MP -MF"src/ppm_passthrough.d" -MT"src/ppm_passthrough.d" -o "src/ppm_passthrough.o" "../src/ppm_passthrough.c"
../src/ppm_passthrough.c: In function 'main':
../src/ppm_passthrough.c:157:6: error: too few arguments to function 'send_command'
../src/ppm_passthrough.c:107:5: note: declared here
../src/ppm_passthrough.c:158:5: error: expected ';' before '}' token
../src/ppm_passthrough.c:141:10: warning: unused variable 'command' [-Wunused-variable]
../src/ppm_passthrough.c:135:19: warning: variable 'throttle' set but not used [-Wunused-but-set-variable]
../src/ppm_passthrough.c:135:12: warning: variable 'pitch' set but not used [-Wunused-but-set-variable]
../src/ppm_passthrough.c:135:6: warning: variable 'roll' set but not used [-Wunused-but-set-variable]
make: *** [src/ppm_passthrough.o] Error 1
13:00:53 **** Auto Build of configuration Debug for project p5_PPM_BT_passthrough ****
make all 
'Building file: ../src/ppm_passthrough.c'
'Invoking: ARM gcc compiler'
arm-xilinx-eabi-gcc -Wall -O0 -g3 -c -fmessage-length=0 -I../../system_bsp/ps7_cortexa9_0/include -MMD -MP -MF"src/ppm_passthrough.d" -MT"src/ppm_passthrough.d" -o "src/ppm_passthrough.o" "../src/ppm_passthrough.c"
../src/ppm_passthrough.c: In function 'main':
../src/ppm_passthrough.c:160:6: error: too few arguments to function 'send_command'
../src/ppm_passthrough.c:107:5: note: declared here
../src/ppm_passthrough.c:161:5: error: expected ';' before '}' token
../src/ppm_passthrough.c:141:10: warning: unused variable 'command' [-Wunused-variable]
../src/ppm_passthrough.c:135:12: warning: variable 'pitch' set but not used [-Wunused-but-set-variable]
../src/ppm_passthrough.c:135:6: warning: variable 'roll' set but not used [-Wunused-but-set-variable]
make: *** [src/ppm_passthrough.o] Error 1
13:01:25 **** Auto Build of configuration Debug for project p5_PPM_BT_passthrough ****
make all 
'Building file: ../src/ppm_passthrough.c'
'Invoking: ARM gcc compiler'
arm-xilinx-eabi-gcc -Wall -O0 -g3 -c -fmessage-length=0 -I../../system_bsp/ps7_cortexa9_0/include -MMD -MP -MF"src/ppm_passthrough.d" -MT"src/ppm_passthrough.d" -o "src/ppm_passthrough.o" "../src/ppm_passthrough.c"
../src/ppm_passthrough.c: In function 'main':
../src/ppm_passthrough.c:160:6: error: too few arguments to function 'send_command'
../src/ppm_passthrough.c:107:5: note: declared here
../src/ppm_passthrough.c:161:5: error: expected ';' before '}' token
../src/ppm_passthrough.c:141:10: warning: unused variable 'command' [-Wunused-variable]
../src/ppm_passthrough.c:135:12: warning: variable 'pitch' set but not used [-Wunused-but-set-variable]
../src/ppm_passthrough.c:135:6: warning: variable 'roll' set but not used [-Wunused-but-set-variable]
make: *** [src/ppm_passthrough.o] Error 1
13:03:37 **** Auto Build of configuration Debug for project p5_PPM_BT_passthrough ****
make all 
'Building file: ../src/ppm_passthrough.c'
'Invoking: ARM gcc compiler'
arm-xilinx-eabi-gcc -Wall -O0 -g3 -c -fmessage-length=0 -I../../system_bsp/ps7_cortexa9_0/include -MMD -MP -MF"src/ppm_passthrough.d" -MT"src/ppm_passthrough.d" -o "src/ppm_passthrough.o" "../src/ppm_passthrough.c"
../src/ppm_passthrough.c: In function 'main':
../src/ppm_passthrough.c:160:6: error: too few arguments to function 'send_command'
../src/ppm_passthrough.c:107:5: note: declared here
../src/ppm_passthrough.c:161:5: error: expected ';' before '}' token
../src/ppm_passthrough.c:141:10: warning: unused variable 'command' [-Wunused-variable]
../src/ppm_passthrough.c:135:12: warning: variable 'pitch' set but not used [-Wunused-but-set-variable]
../src/ppm_passthrough.c:135:6: warning: variable 'roll' set but not used [-Wunused-but-set-variable]
../src/ppm_passthrough.c: At top level:
../src/ppm_passthrough.c:360:5: error: conflicting types for 'create_arm_packet'
../src/ppm_passthrough.c:108:5: note: previous declaration of 'create_arm_packet' was here
../src/ppm_passthrough.c: In function 'create_arm_packet':
../src/ppm_passthrough.c:367:21: error: 'roll_and_pitch' undeclared (first use in this function)
../src/ppm_passthrough.c:367:21: note: each undeclared identifier is reported only once for each function it appears in
make: *** [src/ppm_passthrough.o] Error 1
13:03:50 **** Auto Build of configuration Debug for project p5_PPM_BT_passthrough ****
make all 
'Building file: ../src/ppm_passthrough.c'
'Invoking: ARM gcc compiler'
arm-xilinx-eabi-gcc -Wall -O0 -g3 -c -fmessage-length=0 -I../../system_bsp/ps7_cortexa9_0/include -MMD -MP -MF"src/ppm_passthrough.d" -MT"src/ppm_passthrough.d" -o "src/ppm_passthrough.o" "../src/ppm_passthrough.c"
../src/ppm_passthrough.c: In function 'main':
../src/ppm_passthrough.c:160:6: error: too few arguments to function 'send_command'
../src/ppm_passthrough.c:107:5: note: declared here
../src/ppm_passthrough.c:161:5: error: expected ';' before '}' token
../src/ppm_passthrough.c:141:10: warning: unused variable 'command' [-Wunused-variable]
../src/ppm_passthrough.c:135:12: warning: variable 'pitch' set but not used [-Wunused-but-set-variable]
../src/ppm_passthrough.c:135:6: warning: variable 'roll' set but not used [-Wunused-but-set-variable]
../src/ppm_passthrough.c: At top level:
../src/ppm_passthrough.c:360:5: error: conflicting types for 'create_arm_packet'
../src/ppm_passthrough.c:108:5: note: previous declaration of 'create_arm_packet' was here
../src/ppm_passthrough.c: In function 'create_arm_packet':
../src/ppm_passthrough.c:369:23: error: 'roll_and_pitch' undeclared (first use in this function)
../src/ppm_passthrough.c:369:23: note: each undeclared identifier is reported only once for each function it appears in
make: *** [src/ppm_passthrough.o] Error 1
13:03:55 **** Auto Build of configuration Debug for project p5_PPM_BT_passthrough ****
make all 
'Building file: ../src/ppm_passthrough.c'
'Invoking: ARM gcc compiler'
arm-xilinx-eabi-gcc -Wall -O0 -g3 -c -fmessage-length=0 -I../../system_bsp/ps7_cortexa9_0/include -MMD -MP -MF"src/ppm_passthrough.d" -MT"src/ppm_passthrough.d" -o "src/ppm_passthrough.o" "../src/ppm_passthrough.c"
../src/ppm_passthrough.c: In function 'main':
../src/ppm_passthrough.c:160:6: error: too few arguments to function 'send_command'
../src/ppm_passthrough.c:107:5: note: declared here
../src/ppm_passthrough.c:161:5: error: expected ';' before '}' token
../src/ppm_passthrough.c:141:10: warning: unused variable 'command' [-Wunused-variable]
../src/ppm_passthrough.c:135:12: warning: variable 'pitch' set but not used [-Wunused-but-set-variable]
../src/ppm_passthrough.c:135:6: warning: variable 'roll' set but not used [-Wunused-but-set-variable]
../src/ppm_passthrough.c: At top level:
../src/ppm_passthrough.c:360:5: error: conflicting types for 'create_arm_packet'
../src/ppm_passthrough.c:108:5: note: previous declaration of 'create_arm_packet' was here
../src/ppm_passthrough.c: In function 'create_arm_packet':
../src/ppm_passthrough.c:375:23: error: 'roll_and_pitch' undeclared (first use in this function)
../src/ppm_passthrough.c:375:23: note: each undeclared identifier is reported only once for each function it appears in
make: *** [src/ppm_passthrough.o] Error 1
13:04:14 **** Auto Build of configuration Debug for project p5_PPM_BT_passthrough ****
make all 
'Building file: ../src/ppm_passthrough.c'
'Invoking: ARM gcc compiler'
arm-xilinx-eabi-gcc -Wall -O0 -g3 -c -fmessage-length=0 -I../../system_bsp/ps7_cortexa9_0/include -MMD -MP -MF"src/ppm_passthrough.d" -MT"src/ppm_passthrough.d" -o "src/ppm_passthrough.o" "../src/ppm_passthrough.c"
../src/ppm_passthrough.c: In function 'main':
../src/ppm_passthrough.c:160:6: error: too few arguments to function 'send_command'
../src/ppm_passthrough.c:107:5: note: declared here
../src/ppm_passthrough.c:161:5: error: expected ';' before '}' token
../src/ppm_passthrough.c:141:10: warning: unused variable 'command' [-Wunused-variable]
../src/ppm_passthrough.c:135:12: warning: variable 'pitch' set but not used [-Wunused-but-set-variable]
../src/ppm_passthrough.c:135:6: warning: variable 'roll' set but not used [-Wunused-but-set-variable]
../src/ppm_passthrough.c: At top level:
../src/ppm_passthrough.c:360:5: error: conflicting types for 'create_arm_packet'
../src/ppm_passthrough.c:108:5: note: previous declaration of 'create_arm_packet' was here
make: *** [src/ppm_passthrough.o] Error 1
13:04:34 **** Auto Build of configuration Debug for project p5_PPM_BT_passthrough ****
make all 
'Building file: ../src/ppm_passthrough.c'
'Invoking: ARM gcc compiler'
arm-xilinx-eabi-gcc -Wall -O0 -g3 -c -fmessage-length=0 -I../../system_bsp/ps7_cortexa9_0/include -MMD -MP -MF"src/ppm_passthrough.d" -MT"src/ppm_passthrough.d" -o "src/ppm_passthrough.o" "../src/ppm_passthrough.c"
../src/ppm_passthrough.c: In function 'main':
../src/ppm_passthrough.c:160:6: error: too few arguments to function 'send_command'
../src/ppm_passthrough.c:107:5: note: declared here
../src/ppm_passthrough.c:161:5: error: expected ';' before '}' token
../src/ppm_passthrough.c:141:10: warning: unused variable 'command' [-Wunused-variable]
../src/ppm_passthrough.c:135:12: warning: variable 'pitch' set but not used [-Wunused-but-set-variable]
../src/ppm_passthrough.c:135:6: warning: variable 'roll' set but not used [-Wunused-but-set-variable]
../src/ppm_passthrough.c: In function 'send_command':
../src/ppm_passthrough.c:199:3: error: too few arguments to function 'create_arm_packet'
../src/ppm_passthrough.c:108:5: note: declared here
make: *** [src/ppm_passthrough.o] Error 1
13:05:45 **** Auto Build of configuration Debug for project p5_PPM_BT_passthrough ****
make all 
'Building file: ../src/ppm_passthrough.c'
'Invoking: ARM gcc compiler'
arm-xilinx-eabi-gcc -Wall -O0 -g3 -c -fmessage-length=0 -I../../system_bsp/ps7_cortexa9_0/include -MMD -MP -MF"src/ppm_passthrough.d" -MT"src/ppm_passthrough.d" -o "src/ppm_passthrough.o" "../src/ppm_passthrough.c"
../src/ppm_passthrough.c: In function 'send_command':
../src/ppm_passthrough.c:199:3: error: too few arguments to function 'create_arm_packet'
../src/ppm_passthrough.c:108:5: note: declared here
make: *** [src/ppm_passthrough.o] Error 1
13:06:24 **** Auto Build of configuration Debug for project p5_PPM_BT_passthrough ****
make all 
'Building file: ../src/ppm_passthrough.c'
'Invoking: ARM gcc compiler'
arm-xilinx-eabi-gcc -Wall -O0 -g3 -c -fmessage-length=0 -I../../system_bsp/ps7_cortexa9_0/include -MMD -MP -MF"src/ppm_passthrough.d" -MT"src/ppm_passthrough.d" -o "src/ppm_passthrough.o" "../src/ppm_passthrough.c"
../src/ppm_passthrough.c: In function 'main':
../src/ppm_passthrough.c:161:20: error: 'uart' undeclared (first use in this function)
../src/ppm_passthrough.c:161:20: note: each undeclared identifier is reported only once for each function it appears in
../src/ppm_passthrough.c:162:26: error: 'recv_buff' undeclared (first use in this function)
../src/ppm_passthrough.c: In function 'send_command':
../src/ppm_passthrough.c:203:3: error: too few arguments to function 'create_arm_packet'
../src/ppm_passthrough.c:108:5: note: declared here
make: *** [src/ppm_passthrough.o] Error 1
13:06:33 **** Auto Build of configuration Debug for project p5_PPM_BT_passthrough ****
make all 
'Building file: ../src/ppm_passthrough.c'
'Invoking: ARM gcc compiler'
arm-xilinx-eabi-gcc -Wall -O0 -g3 -c -fmessage-length=0 -I../../system_bsp/ps7_cortexa9_0/include -MMD -MP -MF"src/ppm_passthrough.d" -MT"src/ppm_passthrough.d" -o "src/ppm_passthrough.o" "../src/ppm_passthrough.c"
../src/ppm_passthrough.c: In function 'main':
../src/ppm_passthrough.c:161:20: error: 'uart' undeclared (first use in this function)
../src/ppm_passthrough.c:161:20: note: each undeclared identifier is reported only once for each function it appears in
../src/ppm_passthrough.c:162:26: error: 'recv_buff' undeclared (first use in this function)
../src/ppm_passthrough.c: In function 'send_command':
../src/ppm_passthrough.c:203:3: error: too few arguments to function 'create_arm_packet'
../src/ppm_passthrough.c:108:5: note: declared here
make: *** [src/ppm_passthrough.o] Error 1
13:06:49 **** Auto Build of configuration Debug for project p5_PPM_BT_passthrough ****
make all 
'Building file: ../src/ppm_passthrough.c'
'Invoking: ARM gcc compiler'
arm-xilinx-eabi-gcc -Wall -O0 -g3 -c -fmessage-length=0 -I../../system_bsp/ps7_cortexa9_0/include -MMD -MP -MF"src/ppm_passthrough.d" -MT"src/ppm_passthrough.d" -o "src/ppm_passthrough.o" "../src/ppm_passthrough.c"
../src/ppm_passthrough.c: In function 'main':
../src/ppm_passthrough.c:161:21: error: 'uart' undeclared (first use in this function)
../src/ppm_passthrough.c:161:21: note: each undeclared identifier is reported only once for each function it appears in
../src/ppm_passthrough.c:162:27: error: 'recv_buff' undeclared (first use in this function)
../src/ppm_passthrough.c: In function 'send_command':
../src/ppm_passthrough.c:203:3: error: too few arguments to function 'create_arm_packet'
../src/ppm_passthrough.c:108:5: note: declared here
make: *** [src/ppm_passthrough.o] Error 1
13:07:01 **** Auto Build of configuration Debug for project p5_PPM_BT_passthrough ****
make all 
'Building file: ../src/ppm_passthrough.c'
'Invoking: ARM gcc compiler'
arm-xilinx-eabi-gcc -Wall -O0 -g3 -c -fmessage-length=0 -I../../system_bsp/ps7_cortexa9_0/include -MMD -MP -MF"src/ppm_passthrough.d" -MT"src/ppm_passthrough.d" -o "src/ppm_passthrough.o" "../src/ppm_passthrough.c"
../src/ppm_passthrough.c: In function 'main':
../src/ppm_passthrough.c:161:3: error: incompatible type for argument 1 of 'uart0_sendBuffer'
../src/ppm_passthrough.c:104:5: note: expected 'struct XUartPs *' but argument is of type 'XUartPs'
../src/ppm_passthrough.c:162:27: error: 'recv_buff' undeclared (first use in this function)
../src/ppm_passthrough.c:162:27: note: each undeclared identifier is reported only once for each function it appears in
../src/ppm_passthrough.c:162:3: error: incompatible type for argument 1 of 'uart0_recvBuffer'
../src/ppm_passthrough.c:105:5: note: expected 'struct XUartPs *' but argument is of type 'XUartPs'
../src/ppm_passthrough.c: In function 'send_command':
../src/ppm_passthrough.c:203:3: error: too few arguments to function 'create_arm_packet'
../src/ppm_passthrough.c:108:5: note: declared here
make: *** [src/ppm_passthrough.o] Error 1
13:07:06 **** Auto Build of configuration Debug for project p5_PPM_BT_passthrough ****
make all 
'Building file: ../src/ppm_passthrough.c'
'Invoking: ARM gcc compiler'
arm-xilinx-eabi-gcc -Wall -O0 -g3 -c -fmessage-length=0 -I../../system_bsp/ps7_cortexa9_0/include -MMD -MP -MF"src/ppm_passthrough.d" -MT"src/ppm_passthrough.d" -o "src/ppm_passthrough.o" "../src/ppm_passthrough.c"
../src/ppm_passthrough.c: In function 'main':
../src/ppm_passthrough.c:162:28: error: 'recv_buff' undeclared (first use in this function)
../src/ppm_passthrough.c:162:28: note: each undeclared identifier is reported only once for each function it appears in
../src/ppm_passthrough.c: In function 'send_command':
../src/ppm_passthrough.c:203:3: error: too few arguments to function 'create_arm_packet'
../src/ppm_passthrough.c:108:5: note: declared here
make: *** [src/ppm_passthrough.o] Error 1
13:07:25 **** Auto Build of configuration Debug for project p5_PPM_BT_passthrough ****
make all 
'Building file: ../src/ppm_passthrough.c'
'Invoking: ARM gcc compiler'
arm-xilinx-eabi-gcc -Wall -O0 -g3 -c -fmessage-length=0 -I../../system_bsp/ps7_cortexa9_0/include -MMD -MP -MF"src/ppm_passthrough.d" -MT"src/ppm_passthrough.d" -o "src/ppm_passthrough.o" "../src/ppm_passthrough.c"
../src/ppm_passthrough.c: In function 'send_command':
../src/ppm_passthrough.c:203:3: error: too few arguments to function 'create_arm_packet'
../src/ppm_passthrough.c:108:5: note: declared here
make: *** [src/ppm_passthrough.o] Error 1
13:07:31 **** Auto Build of configuration Debug for project p5_PPM_BT_passthrough ****
make all 
'Building file: ../src/ppm_passthrough.c'
'Invoking: ARM gcc compiler'
arm-xilinx-eabi-gcc -Wall -O0 -g3 -c -fmessage-length=0 -I../../system_bsp/ps7_cortexa9_0/include -MMD -MP -MF"src/ppm_passthrough.d" -MT"src/ppm_passthrough.d" -o "src/ppm_passthrough.o" "../src/ppm_passthrough.c"
../src/ppm_passthrough.c: In function 'send_command':
../src/ppm_passthrough.c:202:3: error: too few arguments to function 'create_arm_packet'
../src/ppm_passthrough.c:108:5: note: declared here
make: *** [src/ppm_passthrough.o] Error 1
13:07:37 **** Auto Build of configuration Debug for project p5_PPM_BT_passthrough ****
make all 
'Building file: ../src/ppm_passthrough.c'
'Invoking: ARM gcc compiler'
arm-xilinx-eabi-gcc -Wall -O0 -g3 -c -fmessage-length=0 -I../../system_bsp/ps7_cortexa9_0/include -MMD -MP -MF"src/ppm_passthrough.d" -MT"src/ppm_passthrough.d" -o "src/ppm_passthrough.o" "../src/ppm_passthrough.c"
../src/ppm_passthrough.c: In function 'send_command':
../src/ppm_passthrough.c:202:3: error: too few arguments to function 'create_arm_packet'
../src/ppm_passthrough.c:108:5: note: declared here
make: *** [src/ppm_passthrough.o] Error 1
13:07:46 **** Auto Build of configuration Debug for project p5_PPM_BT_passthrough ****
make all 
'Building file: ../src/ppm_passthrough.c'
'Invoking: ARM gcc compiler'
arm-xilinx-eabi-gcc -Wall -O0 -g3 -c -fmessage-length=0 -I../../system_bsp/ps7_cortexa9_0/include -MMD -MP -MF"src/ppm_passthrough.d" -MT"src/ppm_passthrough.d" -o "src/ppm_passthrough.o" "../src/ppm_passthrough.c"
'Finished building: ../src/ppm_passthrough.c'
' '
'Building target: p5_PPM_BT_passthrough.elf'
'Invoking: ARM gcc linker'
arm-xilinx-eabi-gcc -Wl,-T -Wl,../src/lscript.ld -L../../system_bsp/ps7_cortexa9_0/lib -o "p5_PPM_BT_passthrough.elf"  ./src/platform.o ./src/ppm_passthrough.o   -Wl,--start-group,-lxil,-lgcc,-lc,--end-group
'Finished building target: p5_PPM_BT_passthrough.elf'
' '
'Invoking: ARM Print Size'
arm-xilinx-eabi-size p5_PPM_BT_passthrough.elf  |tee "p5_PPM_BT_passthrough.elf.size"
   text	   data	    bss	    dec	    hex	filename
  37964	   1176	  29860	  69000	  10d88	p5_PPM_BT_passthrough.elf
'Finished building: p5_PPM_BT_passthrough.elf.size'
' '
13:08:17 **** Incremental Build of configuration Debug for project p5_PPM_BT_passthrough ****
make all 
make: Nothing to be done for `all'.
13:08:18 **** Incremental Build of configuration Debug for project p4_quad_commands ****
make all 
make: Nothing to be done for `all'.
13:08:19 **** Incremental Build of configuration Debug for project p3_UART0_test ****
make all 
make: Nothing to be done for `all'.
13:08:19 **** Incremental Build of configuration Debug for project p3_BT_configure ****
make all 
make: Nothing to be done for `all'.
13:09:53 **** Auto Build of configuration Debug for project p5_PPM_BT_passthrough ****
make all 
'Building file: ../src/ppm_passthrough.c'
'Invoking: ARM gcc compiler'
arm-xilinx-eabi-gcc -Wall -O0 -g3 -c -fmessage-length=0 -I../../system_bsp/ps7_cortexa9_0/include -MMD -MP -MF"src/ppm_passthrough.d" -MT"src/ppm_passthrough.d" -o "src/ppm_passthrough.o" "../src/ppm_passthrough.c"
'Finished building: ../src/ppm_passthrough.c'
' '
'Building target: p5_PPM_BT_passthrough.elf'
'Invoking: ARM gcc linker'
arm-xilinx-eabi-gcc -Wl,-T -Wl,../src/lscript.ld -L../../system_bsp/ps7_cortexa9_0/lib -o "p5_PPM_BT_passthrough.elf"  ./src/platform.o ./src/ppm_passthrough.o   -Wl,--start-group,-lxil,-lgcc,-lc,--end-group
'Finished building target: p5_PPM_BT_passthrough.elf'
' '
'Invoking: ARM Print Size'
arm-xilinx-eabi-size p5_PPM_BT_passthrough.elf  |tee "p5_PPM_BT_passthrough.elf.size"
   text	   data	    bss	    dec	    hex	filename
  37996	   1176	  29860	  69032	  10da8	p5_PPM_BT_passthrough.elf
'Finished building: p5_PPM_BT_passthrough.elf.size'
' '
13:10:11 **** Incremental Build of configuration Debug for project p5_PPM_BT_passthrough ****
make all 
make: Nothing to be done for `all'.
13:10:12 **** Incremental Build of configuration Debug for project p4_quad_commands ****
make all 
make: Nothing to be done for `all'.
13:10:12 **** Incremental Build of configuration Debug for project p3_UART0_test ****
make all 
make: Nothing to be done for `all'.
13:10:13 **** Incremental Build of configuration Debug for project p3_BT_configure ****
make all 
make: Nothing to be done for `all'.
13:10:48 **** Auto Build of configuration Debug for project p5_PPM_BT_passthrough ****
make all 
'Building file: ../src/ppm_passthrough.c'
'Invoking: ARM gcc compiler'
arm-xilinx-eabi-gcc -Wall -O0 -g3 -c -fmessage-length=0 -I../../system_bsp/ps7_cortexa9_0/include -MMD -MP -MF"src/ppm_passthrough.d" -MT"src/ppm_passthrough.d" -o "src/ppm_passthrough.o" "../src/ppm_passthrough.c"
'Finished building: ../src/ppm_passthrough.c'
' '
'Building target: p5_PPM_BT_passthrough.elf'
'Invoking: ARM gcc linker'
arm-xilinx-eabi-gcc -Wl,-T -Wl,../src/lscript.ld -L../../system_bsp/ps7_cortexa9_0/lib -o "p5_PPM_BT_passthrough.elf"  ./src/platform.o ./src/ppm_passthrough.o   -Wl,--start-group,-lxil,-lgcc,-lc,--end-group
'Finished building target: p5_PPM_BT_passthrough.elf'
' '
'Invoking: ARM Print Size'
arm-xilinx-eabi-size p5_PPM_BT_passthrough.elf  |tee "p5_PPM_BT_passthrough.elf.size"
   text	   data	    bss	    dec	    hex	filename
  37996	   1176	  29860	  69032	  10da8	p5_PPM_BT_passthrough.elf
'Finished building: p5_PPM_BT_passthrough.elf.size'
' '
13:10:53 **** Auto Build of configuration Debug for project p5_PPM_BT_passthrough ****
make all 
'Building file: ../src/ppm_passthrough.c'
'Invoking: ARM gcc compiler'
arm-xilinx-eabi-gcc -Wall -O0 -g3 -c -fmessage-length=0 -I../../system_bsp/ps7_cortexa9_0/include -MMD -MP -MF"src/ppm_passthrough.d" -MT"src/ppm_passthrough.d" -o "src/ppm_passthrough.o" "../src/ppm_passthrough.c"
'Finished building: ../src/ppm_passthrough.c'
' '
'Building target: p5_PPM_BT_passthrough.elf'
'Invoking: ARM gcc linker'
arm-xilinx-eabi-gcc -Wl,-T -Wl,../src/lscript.ld -L../../system_bsp/ps7_cortexa9_0/lib -o "p5_PPM_BT_passthrough.elf"  ./src/platform.o ./src/ppm_passthrough.o   -Wl,--start-group,-lxil,-lgcc,-lc,--end-group
'Finished building target: p5_PPM_BT_passthrough.elf'
' '
'Invoking: ARM Print Size'
arm-xilinx-eabi-size p5_PPM_BT_passthrough.elf  |tee "p5_PPM_BT_passthrough.elf.size"
   text	   data	    bss	    dec	    hex	filename
  37964	   1176	  29860	  69000	  10d88	p5_PPM_BT_passthrough.elf
'Finished building: p5_PPM_BT_passthrough.elf.size'
' '
13:12:00 **** Auto Build of configuration Debug for project p5_PPM_BT_passthrough ****
make all 
'Building file: ../src/ppm_passthrough.c'
'Invoking: ARM gcc compiler'
arm-xilinx-eabi-gcc -Wall -O0 -g3 -c -fmessage-length=0 -I../../system_bsp/ps7_cortexa9_0/include -MMD -MP -MF"src/ppm_passthrough.d" -MT"src/ppm_passthrough.d" -o "src/ppm_passthrough.o" "../src/ppm_passthrough.c"
'Finished building: ../src/ppm_passthrough.c'
' '
'Building target: p5_PPM_BT_passthrough.elf'
'Invoking: ARM gcc linker'
arm-xilinx-eabi-gcc -Wl,-T -Wl,../src/lscript.ld -L../../system_bsp/ps7_cortexa9_0/lib -o "p5_PPM_BT_passthrough.elf"  ./src/platform.o ./src/ppm_passthrough.o   -Wl,--start-group,-lxil,-lgcc,-lc,--end-group
'Finished building target: p5_PPM_BT_passthrough.elf'
' '
'Invoking: ARM Print Size'
arm-xilinx-eabi-size p5_PPM_BT_passthrough.elf  |tee "p5_PPM_BT_passthrough.elf.size"
   text	   data	    bss	    dec	    hex	filename
  38048	   1176	  29860	  69084	  10ddc	p5_PPM_BT_passthrough.elf
'Finished building: p5_PPM_BT_passthrough.elf.size'
' '
13:12:05 **** Auto Build of configuration Debug for project p5_PPM_BT_passthrough ****
make all 
'Building file: ../src/ppm_passthrough.c'
'Invoking: ARM gcc compiler'
arm-xilinx-eabi-gcc -Wall -O0 -g3 -c -fmessage-length=0 -I../../system_bsp/ps7_cortexa9_0/include -MMD -MP -MF"src/ppm_passthrough.d" -MT"src/ppm_passthrough.d" -o "src/ppm_passthrough.o" "../src/ppm_passthrough.c"
'Finished building: ../src/ppm_passthrough.c'
' '
'Building target: p5_PPM_BT_passthrough.elf'
'Invoking: ARM gcc linker'
arm-xilinx-eabi-gcc -Wl,-T -Wl,../src/lscript.ld -L../../system_bsp/ps7_cortexa9_0/lib -o "p5_PPM_BT_passthrough.elf"  ./src/platform.o ./src/ppm_passthrough.o   -Wl,--start-group,-lxil,-lgcc,-lc,--end-group
'Finished building target: p5_PPM_BT_passthrough.elf'
' '
'Invoking: ARM Print Size'
arm-xilinx-eabi-size p5_PPM_BT_passthrough.elf  |tee "p5_PPM_BT_passthrough.elf.size"
   text	   data	    bss	    dec	    hex	filename
  38048	   1176	  29860	  69084	  10ddc	p5_PPM_BT_passthrough.elf
'Finished building: p5_PPM_BT_passthrough.elf.size'
' '
13:12:10 **** Auto Build of configuration Debug for project p5_PPM_BT_passthrough ****
make all 
'Building file: ../src/ppm_passthrough.c'
'Invoking: ARM gcc compiler'
arm-xilinx-eabi-gcc -Wall -O0 -g3 -c -fmessage-length=0 -I../../system_bsp/ps7_cortexa9_0/include -MMD -MP -MF"src/ppm_passthrough.d" -MT"src/ppm_passthrough.d" -o "src/ppm_passthrough.o" "../src/ppm_passthrough.c"
'Finished building: ../src/ppm_passthrough.c'
' '
'Building target: p5_PPM_BT_passthrough.elf'
'Invoking: ARM gcc linker'
arm-xilinx-eabi-gcc -Wl,-T -Wl,../src/lscript.ld -L../../system_bsp/ps7_cortexa9_0/lib -o "p5_PPM_BT_passthrough.elf"  ./src/platform.o ./src/ppm_passthrough.o   -Wl,--start-group,-lxil,-lgcc,-lc,--end-group
'Finished building target: p5_PPM_BT_passthrough.elf'
' '
'Invoking: ARM Print Size'
arm-xilinx-eabi-size p5_PPM_BT_passthrough.elf  |tee "p5_PPM_BT_passthrough.elf.size"
   text	   data	    bss	    dec	    hex	filename
  38048	   1176	  29860	  69084	  10ddc	p5_PPM_BT_passthrough.elf
'Finished building: p5_PPM_BT_passthrough.elf.size'
' '
13:12:15 **** Auto Build of configuration Debug for project p5_PPM_BT_passthrough ****
make all 
'Building file: ../src/ppm_passthrough.c'
'Invoking: ARM gcc compiler'
arm-xilinx-eabi-gcc -Wall -O0 -g3 -c -fmessage-length=0 -I../../system_bsp/ps7_cortexa9_0/include -MMD -MP -MF"src/ppm_passthrough.d" -MT"src/ppm_passthrough.d" -o "src/ppm_passthrough.o" "../src/ppm_passthrough.c"
'Finished building: ../src/ppm_passthrough.c'
' '
'Building target: p5_PPM_BT_passthrough.elf'
'Invoking: ARM gcc linker'
arm-xilinx-eabi-gcc -Wl,-T -Wl,../src/lscript.ld -L../../system_bsp/ps7_cortexa9_0/lib -o "p5_PPM_BT_passthrough.elf"  ./src/platform.o ./src/ppm_passthrough.o   -Wl,--start-group,-lxil,-lgcc,-lc,--end-group
'Finished building target: p5_PPM_BT_passthrough.elf'
' '
'Invoking: ARM Print Size'
arm-xilinx-eabi-size p5_PPM_BT_passthrough.elf  |tee "p5_PPM_BT_passthrough.elf.size"
   text	   data	    bss	    dec	    hex	filename
  38048	   1176	  29860	  69084	  10ddc	p5_PPM_BT_passthrough.elf
'Finished building: p5_PPM_BT_passthrough.elf.size'
' '
13:12:20 **** Incremental Build of configuration Debug for project p5_PPM_BT_passthrough ****
make all 
make: Nothing to be done for `all'.
13:12:20 **** Incremental Build of configuration Debug for project p4_quad_commands ****
make all 
make: Nothing to be done for `all'.
13:12:21 **** Incremental Build of configuration Debug for project p3_UART0_test ****
make all 
make: Nothing to be done for `all'.
13:12:21 **** Incremental Build of configuration Debug for project p3_BT_configure ****
make all 
make: Nothing to be done for `all'.
13:12:53 **** Incremental Build of configuration Debug for project p5_PPM_BT_passthrough ****
make all 
make: Nothing to be done for `all'.
13:12:54 **** Incremental Build of configuration Debug for project p4_quad_commands ****
make all 
make: Nothing to be done for `all'.
13:12:55 **** Incremental Build of configuration Debug for project p3_UART0_test ****
make all 
make: Nothing to be done for `all'.
13:12:55 **** Incremental Build of configuration Debug for project p3_BT_configure ****
make all 
make: Nothing to be done for `all'.
13:15:47 **** Auto Build of configuration Debug for project p5_PPM_BT_passthrough ****
make all 
'Building file: ../src/ppm_passthrough.c'
'Invoking: ARM gcc compiler'
arm-xilinx-eabi-gcc -Wall -O0 -g3 -c -fmessage-length=0 -I../../system_bsp/ps7_cortexa9_0/include -MMD -MP -MF"src/ppm_passthrough.d" -MT"src/ppm_passthrough.d" -o "src/ppm_passthrough.o" "../src/ppm_passthrough.c"
'Finished building: ../src/ppm_passthrough.c'
' '
'Building target: p5_PPM_BT_passthrough.elf'
'Invoking: ARM gcc linker'
arm-xilinx-eabi-gcc -Wl,-T -Wl,../src/lscript.ld -L../../system_bsp/ps7_cortexa9_0/lib -o "p5_PPM_BT_passthrough.elf"  ./src/platform.o ./src/ppm_passthrough.o   -Wl,--start-group,-lxil,-lgcc,-lc,--end-group
'Finished building target: p5_PPM_BT_passthrough.elf'
' '
'Invoking: ARM Print Size'
arm-xilinx-eabi-size p5_PPM_BT_passthrough.elf  |tee "p5_PPM_BT_passthrough.elf.size"
   text	   data	    bss	    dec	    hex	filename
  38736	   1176	  29860	  69772	  1108c	p5_PPM_BT_passthrough.elf
'Finished building: p5_PPM_BT_passthrough.elf.size'
' '
13:18:08 **** Auto Build of configuration Debug for project p5_PPM_BT_passthrough ****
make all 
'Building file: ../src/ppm_passthrough.c'
'Invoking: ARM gcc compiler'
arm-xilinx-eabi-gcc -Wall -O0 -g3 -c -fmessage-length=0 -I../../system_bsp/ps7_cortexa9_0/include -MMD -MP -MF"src/ppm_passthrough.d" -MT"src/ppm_passthrough.d" -o "src/ppm_passthrough.o" "../src/ppm_passthrough.c"
../src/ppm_passthrough.c: In function 'main':
../src/ppm_passthrough.c:171:6: warning: large integer implicitly truncated to unsigned type [-Woverflow]
../src/ppm_passthrough.c:171:6: warning: large integer implicitly truncated to unsigned type [-Woverflow]
../src/ppm_passthrough.c:172:6: warning: large integer implicitly truncated to unsigned type [-Woverflow]
../src/ppm_passthrough.c:172:6: warning: large integer implicitly truncated to unsigned type [-Woverflow]
'Finished building: ../src/ppm_passthrough.c'
' '
'Building target: p5_PPM_BT_passthrough.elf'
'Invoking: ARM gcc linker'
arm-xilinx-eabi-gcc -Wl,-T -Wl,../src/lscript.ld -L../../system_bsp/ps7_cortexa9_0/lib -o "p5_PPM_BT_passthrough.elf"  ./src/platform.o ./src/ppm_passthrough.o   -Wl,--start-group,-lxil,-lgcc,-lc,--end-group
'Finished building target: p5_PPM_BT_passthrough.elf'
' '
'Invoking: ARM Print Size'
arm-xilinx-eabi-size p5_PPM_BT_passthrough.elf  |tee "p5_PPM_BT_passthrough.elf.size"
   text	   data	    bss	    dec	    hex	filename
  38824	   1176	  29860	  69860	  110e4	p5_PPM_BT_passthrough.elf
'Finished building: p5_PPM_BT_passthrough.elf.size'
' '
13:18:39 **** Auto Build of configuration Debug for project p5_PPM_BT_passthrough ****
make all 
'Building file: ../src/ppm_passthrough.c'
'Invoking: ARM gcc compiler'
arm-xilinx-eabi-gcc -Wall -O0 -g3 -c -fmessage-length=0 -I../../system_bsp/ps7_cortexa9_0/include -MMD -MP -MF"src/ppm_passthrough.d" -MT"src/ppm_passthrough.d" -o "src/ppm_passthrough.o" "../src/ppm_passthrough.c"
../src/ppm_passthrough.c: In function 'main':
../src/ppm_passthrough.c:171:6: warning: large integer implicitly truncated to unsigned type [-Woverflow]
../src/ppm_passthrough.c:171:6: warning: large integer implicitly truncated to unsigned type [-Woverflow]
../src/ppm_passthrough.c:172:6: warning: large integer implicitly truncated to unsigned type [-Woverflow]
../src/ppm_passthrough.c:172:6: warning: large integer implicitly truncated to unsigned type [-Woverflow]
../src/ppm_passthrough.c:174:6: warning: large integer implicitly truncated to unsigned type [-Woverflow]
../src/ppm_passthrough.c:174:6: warning: large integer implicitly truncated to unsigned type [-Woverflow]
'Finished building: ../src/ppm_passthrough.c'
' '
'Building target: p5_PPM_BT_passthrough.elf'
'Invoking: ARM gcc linker'
arm-xilinx-eabi-gcc -Wl,-T -Wl,../src/lscript.ld -L../../system_bsp/ps7_cortexa9_0/lib -o "p5_PPM_BT_passthrough.elf"  ./src/platform.o ./src/ppm_passthrough.o   -Wl,--start-group,-lxil,-lgcc,-lc,--end-group
'Finished building target: p5_PPM_BT_passthrough.elf'
' '
'Invoking: ARM Print Size'
arm-xilinx-eabi-size p5_PPM_BT_passthrough.elf  |tee "p5_PPM_BT_passthrough.elf.size"
   text	   data	    bss	    dec	    hex	filename
  38868	   1176	  29860	  69904	  11110	p5_PPM_BT_passthrough.elf
'Finished building: p5_PPM_BT_passthrough.elf.size'
' '
13:18:43 **** Auto Build of configuration Debug for project p5_PPM_BT_passthrough ****
make all 
'Building file: ../src/ppm_passthrough.c'
'Invoking: ARM gcc compiler'
arm-xilinx-eabi-gcc -Wall -O0 -g3 -c -fmessage-length=0 -I../../system_bsp/ps7_cortexa9_0/include -MMD -MP -MF"src/ppm_passthrough.d" -MT"src/ppm_passthrough.d" -o "src/ppm_passthrough.o" "../src/ppm_passthrough.c"
../src/ppm_passthrough.c: In function 'main':
../src/ppm_passthrough.c:171:6: warning: large integer implicitly truncated to unsigned type [-Woverflow]
../src/ppm_passthrough.c:171:6: warning: large integer implicitly truncated to unsigned type [-Woverflow]
../src/ppm_passthrough.c:172:6: warning: large integer implicitly truncated to unsigned type [-Woverflow]
../src/ppm_passthrough.c:172:6: warning: large integer implicitly truncated to unsigned type [-Woverflow]
../src/ppm_passthrough.c:174:6: warning: large integer implicitly truncated to unsigned type [-Woverflow]
../src/ppm_passthrough.c:174:6: warning: large integer implicitly truncated to unsigned type [-Woverflow]
'Finished building: ../src/ppm_passthrough.c'
' '
'Building target: p5_PPM_BT_passthrough.elf'
'Invoking: ARM gcc linker'
arm-xilinx-eabi-gcc -Wl,-T -Wl,../src/lscript.ld -L../../system_bsp/ps7_cortexa9_0/lib -o "p5_PPM_BT_passthrough.elf"  ./src/platform.o ./src/ppm_passthrough.o   -Wl,--start-group,-lxil,-lgcc,-lc,--end-group
'Finished building target: p5_PPM_BT_passthrough.elf'
' '
'Invoking: ARM Print Size'
arm-xilinx-eabi-size p5_PPM_BT_passthrough.elf  |tee "p5_PPM_BT_passthrough.elf.size"
   text	   data	    bss	    dec	    hex	filename
  38820	   1176	  29860	  69856	  110e0	p5_PPM_BT_passthrough.elf
'Finished building: p5_PPM_BT_passthrough.elf.size'
' '
13:18:57 **** Incremental Build of configuration Debug for project p5_PPM_BT_passthrough ****
make all 
make: Nothing to be done for `all'.
13:18:58 **** Incremental Build of configuration Debug for project p4_quad_commands ****
make all 
make: Nothing to be done for `all'.
13:18:59 **** Incremental Build of configuration Debug for project p3_UART0_test ****
make all 
make: Nothing to be done for `all'.
13:18:59 **** Incremental Build of configuration Debug for project p3_BT_configure ****
make all 
make: Nothing to be done for `all'.
13:19:42 **** Auto Build of configuration Debug for project p5_PPM_BT_passthrough ****
make all 
'Building file: ../src/ppm_passthrough.c'
'Invoking: ARM gcc compiler'
arm-xilinx-eabi-gcc -Wall -O0 -g3 -c -fmessage-length=0 -I../../system_bsp/ps7_cortexa9_0/include -MMD -MP -MF"src/ppm_passthrough.d" -MT"src/ppm_passthrough.d" -o "src/ppm_passthrough.o" "../src/ppm_passthrough.c"
../src/ppm_passthrough.c: In function 'main':
../src/ppm_passthrough.c:171:6: warning: large integer implicitly truncated to unsigned type [-Woverflow]
../src/ppm_passthrough.c:171:6: warning: large integer implicitly truncated to unsigned type [-Woverflow]
../src/ppm_passthrough.c:172:6: warning: large integer implicitly truncated to unsigned type [-Woverflow]
../src/ppm_passthrough.c:172:6: warning: large integer implicitly truncated to unsigned type [-Woverflow]
../src/ppm_passthrough.c:173:6: warning: large integer implicitly truncated to unsigned type [-Woverflow]
../src/ppm_passthrough.c:173:6: warning: large integer implicitly truncated to unsigned type [-Woverflow]
../src/ppm_passthrough.c:174:6: warning: large integer implicitly truncated to unsigned type [-Woverflow]
../src/ppm_passthrough.c:174:6: warning: large integer implicitly truncated to unsigned type [-Woverflow]
'Finished building: ../src/ppm_passthrough.c'
' '
'Building target: p5_PPM_BT_passthrough.elf'
'Invoking: ARM gcc linker'
arm-xilinx-eabi-gcc -Wl,-T -Wl,../src/lscript.ld -L../../system_bsp/ps7_cortexa9_0/lib -o "p5_PPM_BT_passthrough.elf"  ./src/platform.o ./src/ppm_passthrough.o   -Wl,--start-group,-lxil,-lgcc,-lc,--end-group
'Finished building target: p5_PPM_BT_passthrough.elf'
' '
'Invoking: ARM Print Size'
arm-xilinx-eabi-size p5_PPM_BT_passthrough.elf  |tee "p5_PPM_BT_passthrough.elf.size"
   text	   data	    bss	    dec	    hex	filename
  38864	   1176	  29860	  69900	  1110c	p5_PPM_BT_passthrough.elf
'Finished building: p5_PPM_BT_passthrough.elf.size'
' '
13:20:05 **** Auto Build of configuration Debug for project p5_PPM_BT_passthrough ****
make all 
'Building file: ../src/ppm_passthrough.c'
'Invoking: ARM gcc compiler'
arm-xilinx-eabi-gcc -Wall -O0 -g3 -c -fmessage-length=0 -I../../system_bsp/ps7_cortexa9_0/include -MMD -MP -MF"src/ppm_passthrough.d" -MT"src/ppm_passthrough.d" -o "src/ppm_passthrough.o" "../src/ppm_passthrough.c"
../src/ppm_passthrough.c: In function 'main':
../src/ppm_passthrough.c:163:6: warning: large integer implicitly truncated to unsigned type [-Woverflow]
../src/ppm_passthrough.c:163:6: warning: large integer implicitly truncated to unsigned type [-Woverflow]
../src/ppm_passthrough.c:164:6: warning: large integer implicitly truncated to unsigned type [-Woverflow]
../src/ppm_passthrough.c:164:6: warning: large integer implicitly truncated to unsigned type [-Woverflow]
../src/ppm_passthrough.c:165:6: warning: large integer implicitly truncated to unsigned type [-Woverflow]
../src/ppm_passthrough.c:165:6: warning: large integer implicitly truncated to unsigned type [-Woverflow]
../src/ppm_passthrough.c:166:6: warning: large integer implicitly truncated to unsigned type [-Woverflow]
../src/ppm_passthrough.c:166:6: warning: large integer implicitly truncated to unsigned type [-Woverflow]
'Finished building: ../src/ppm_passthrough.c'
' '
'Building target: p5_PPM_BT_passthrough.elf'
'Invoking: ARM gcc linker'
arm-xilinx-eabi-gcc -Wl,-T -Wl,../src/lscript.ld -L../../system_bsp/ps7_cortexa9_0/lib -o "p5_PPM_BT_passthrough.elf"  ./src/platform.o ./src/ppm_passthrough.o   -Wl,--start-group,-lxil,-lgcc,-lc,--end-group
'Finished building target: p5_PPM_BT_passthrough.elf'
' '
'Invoking: ARM Print Size'
arm-xilinx-eabi-size p5_PPM_BT_passthrough.elf  |tee "p5_PPM_BT_passthrough.elf.size"
   text	   data	    bss	    dec	    hex	filename
  38912	   1176	  29860	  69948	  1113c	p5_PPM_BT_passthrough.elf
'Finished building: p5_PPM_BT_passthrough.elf.size'
' '
13:20:08 **** Auto Build of configuration Debug for project p5_PPM_BT_passthrough ****
make all 
'Building file: ../src/ppm_passthrough.c'
'Invoking: ARM gcc compiler'
arm-xilinx-eabi-gcc -Wall -O0 -g3 -c -fmessage-length=0 -I../../system_bsp/ps7_cortexa9_0/include -MMD -MP -MF"src/ppm_passthrough.d" -MT"src/ppm_passthrough.d" -o "src/ppm_passthrough.o" "../src/ppm_passthrough.c"
../src/ppm_passthrough.c: In function 'main':
../src/ppm_passthrough.c:163:6: warning: large integer implicitly truncated to unsigned type [-Woverflow]
../src/ppm_passthrough.c:163:6: warning: large integer implicitly truncated to unsigned type [-Woverflow]
../src/ppm_passthrough.c:164:6: warning: large integer implicitly truncated to unsigned type [-Woverflow]
../src/ppm_passthrough.c:164:6: warning: large integer implicitly truncated to unsigned type [-Woverflow]
../src/ppm_passthrough.c:165:6: warning: large integer implicitly truncated to unsigned type [-Woverflow]
../src/ppm_passthrough.c:165:6: warning: large integer implicitly truncated to unsigned type [-Woverflow]
../src/ppm_passthrough.c:166:6: warning: large integer implicitly truncated to unsigned type [-Woverflow]
../src/ppm_passthrough.c:166:6: warning: large integer implicitly truncated to unsigned type [-Woverflow]
'Finished building: ../src/ppm_passthrough.c'
' '
'Building target: p5_PPM_BT_passthrough.elf'
'Invoking: ARM gcc linker'
arm-xilinx-eabi-gcc -Wl,-T -Wl,../src/lscript.ld -L../../system_bsp/ps7_cortexa9_0/lib -o "p5_PPM_BT_passthrough.elf"  ./src/platform.o ./src/ppm_passthrough.o   -Wl,--start-group,-lxil,-lgcc,-lc,--end-group
'Finished building target: p5_PPM_BT_passthrough.elf'
' '
'Invoking: ARM Print Size'
arm-xilinx-eabi-size p5_PPM_BT_passthrough.elf  |tee "p5_PPM_BT_passthrough.elf.size"
   text	   data	    bss	    dec	    hex	filename
  38912	   1176	  29860	  69948	  1113c	p5_PPM_BT_passthrough.elf
'Finished building: p5_PPM_BT_passthrough.elf.size'
' '
13:20:10 **** Incremental Build of configuration Debug for project p5_PPM_BT_passthrough ****
make all 
make: Nothing to be done for `all'.
13:20:11 **** Incremental Build of configuration Debug for project p4_quad_commands ****
make all 
make: Nothing to be done for `all'.
13:20:11 **** Incremental Build of configuration Debug for project p3_UART0_test ****
make all 
make: Nothing to be done for `all'.
13:20:12 **** Incremental Build of configuration Debug for project p3_BT_configure ****
make all 
make: Nothing to be done for `all'.
13:22:09 **** Auto Build of configuration Debug for project p5_PPM_BT_passthrough ****
make all 
'Building file: ../src/ppm_passthrough.c'
'Invoking: ARM gcc compiler'
arm-xilinx-eabi-gcc -Wall -O0 -g3 -c -fmessage-length=0 -I../../system_bsp/ps7_cortexa9_0/include -MMD -MP -MF"src/ppm_passthrough.d" -MT"src/ppm_passthrough.d" -o "src/ppm_passthrough.o" "../src/ppm_passthrough.c"
'Finished building: ../src/ppm_passthrough.c'
' '
'Building target: p5_PPM_BT_passthrough.elf'
'Invoking: ARM gcc linker'
arm-xilinx-eabi-gcc -Wl,-T -Wl,../src/lscript.ld -L../../system_bsp/ps7_cortexa9_0/lib -o "p5_PPM_BT_passthrough.elf"  ./src/platform.o ./src/ppm_passthrough.o   -Wl,--start-group,-lxil,-lgcc,-lc,--end-group
'Finished building target: p5_PPM_BT_passthrough.elf'
' '
'Invoking: ARM Print Size'
arm-xilinx-eabi-size p5_PPM_BT_passthrough.elf  |tee "p5_PPM_BT_passthrough.elf.size"
   text	   data	    bss	    dec	    hex	filename
  38912	   1176	  29860	  69948	  1113c	p5_PPM_BT_passthrough.elf
'Finished building: p5_PPM_BT_passthrough.elf.size'
' '
13:22:30 **** Auto Build of configuration Debug for project p5_PPM_BT_passthrough ****
make all 
'Building file: ../src/ppm_passthrough.c'
'Invoking: ARM gcc compiler'
arm-xilinx-eabi-gcc -Wall -O0 -g3 -c -fmessage-length=0 -I../../system_bsp/ps7_cortexa9_0/include -MMD -MP -MF"src/ppm_passthrough.d" -MT"src/ppm_passthrough.d" -o "src/ppm_passthrough.o" "../src/ppm_passthrough.c"
'Finished building: ../src/ppm_passthrough.c'
' '
'Building target: p5_PPM_BT_passthrough.elf'
'Invoking: ARM gcc linker'
arm-xilinx-eabi-gcc -Wl,-T -Wl,../src/lscript.ld -L../../system_bsp/ps7_cortexa9_0/lib -o "p5_PPM_BT_passthrough.elf"  ./src/platform.o ./src/ppm_passthrough.o   -Wl,--start-group,-lxil,-lgcc,-lc,--end-group
'Finished building target: p5_PPM_BT_passthrough.elf'
' '
'Invoking: ARM Print Size'
arm-xilinx-eabi-size p5_PPM_BT_passthrough.elf  |tee "p5_PPM_BT_passthrough.elf.size"
   text	   data	    bss	    dec	    hex	filename
  38936	   1176	  29860	  69972	  11154	p5_PPM_BT_passthrough.elf
'Finished building: p5_PPM_BT_passthrough.elf.size'
' '
13:22:52 **** Incremental Build of configuration Debug for project p5_PPM_BT_passthrough ****
make all 
make: Nothing to be done for `all'.
13:22:53 **** Incremental Build of configuration Debug for project p4_quad_commands ****
make all 
make: Nothing to be done for `all'.
13:22:54 **** Incremental Build of configuration Debug for project p3_UART0_test ****
make all 
make: Nothing to be done for `all'.
13:22:55 **** Incremental Build of configuration Debug for project p3_BT_configure ****
make all 
make: Nothing to be done for `all'.
13:23:44 **** Auto Build of configuration Debug for project p5_PPM_BT_passthrough ****
make all 
'Building file: ../src/ppm_passthrough.c'
'Invoking: ARM gcc compiler'
arm-xilinx-eabi-gcc -Wall -O0 -g3 -c -fmessage-length=0 -I../../system_bsp/ps7_cortexa9_0/include -MMD -MP -MF"src/ppm_passthrough.d" -MT"src/ppm_passthrough.d" -o "src/ppm_passthrough.o" "../src/ppm_passthrough.c"
'Finished building: ../src/ppm_passthrough.c'
' '
'Building target: p5_PPM_BT_passthrough.elf'
'Invoking: ARM gcc linker'
arm-xilinx-eabi-gcc -Wl,-T -Wl,../src/lscript.ld -L../../system_bsp/ps7_cortexa9_0/lib -o "p5_PPM_BT_passthrough.elf"  ./src/platform.o ./src/ppm_passthrough.o   -Wl,--start-group,-lxil,-lgcc,-lc,--end-group
'Finished building target: p5_PPM_BT_passthrough.elf'
' '
'Invoking: ARM Print Size'
arm-xilinx-eabi-size p5_PPM_BT_passthrough.elf  |tee "p5_PPM_BT_passthrough.elf.size"
   text	   data	    bss	    dec	    hex	filename
  38936	   1176	  29860	  69972	  11154	p5_PPM_BT_passthrough.elf
'Finished building: p5_PPM_BT_passthrough.elf.size'
' '
13:23:52 **** Incremental Build of configuration Debug for project p5_PPM_BT_passthrough ****
make all 
make: Nothing to be done for `all'.
13:23:53 **** Incremental Build of configuration Debug for project p4_quad_commands ****
make all 
make: Nothing to be done for `all'.
13:23:54 **** Incremental Build of configuration Debug for project p3_UART0_test ****
make all 
make: Nothing to be done for `all'.
13:23:54 **** Incremental Build of configuration Debug for project p3_BT_configure ****
make all 
make: Nothing to be done for `all'.
13:27:04 **** Auto Build of configuration Debug for project p5_PPM_BT_passthrough ****
make all 
'Building file: ../src/ppm_passthrough.c'
'Invoking: ARM gcc compiler'
arm-xilinx-eabi-gcc -Wall -O0 -g3 -c -fmessage-length=0 -I../../system_bsp/ps7_cortexa9_0/include -MMD -MP -MF"src/ppm_passthrough.d" -MT"src/ppm_passthrough.d" -o "src/ppm_passthrough.o" "../src/ppm_passthrough.c"
'Finished building: ../src/ppm_passthrough.c'
' '
'Building target: p5_PPM_BT_passthrough.elf'
'Invoking: ARM gcc linker'
arm-xilinx-eabi-gcc -Wl,-T -Wl,../src/lscript.ld -L../../system_bsp/ps7_cortexa9_0/lib -o "p5_PPM_BT_passthrough.elf"  ./src/platform.o ./src/ppm_passthrough.o   -Wl,--start-group,-lxil,-lgcc,-lc,--end-group
'Finished building target: p5_PPM_BT_passthrough.elf'
' '
'Invoking: ARM Print Size'
arm-xilinx-eabi-size p5_PPM_BT_passthrough.elf  |tee "p5_PPM_BT_passthrough.elf.size"
   text	   data	    bss	    dec	    hex	filename
  38936	   1176	  29860	  69972	  11154	p5_PPM_BT_passthrough.elf
'Finished building: p5_PPM_BT_passthrough.elf.size'
' '
13:27:09 **** Incremental Build of configuration Debug for project p5_PPM_BT_passthrough ****
make all 
make: Nothing to be done for `all'.
13:27:09 **** Incremental Build of configuration Debug for project p4_quad_commands ****
make all 
make: Nothing to be done for `all'.
13:27:10 **** Incremental Build of configuration Debug for project p3_UART0_test ****
make all 
make: Nothing to be done for `all'.
13:27:10 **** Incremental Build of configuration Debug for project p3_BT_configure ****
make all 
make: Nothing to be done for `all'.
13:27:53 **** Auto Build of configuration Debug for project p5_PPM_BT_passthrough ****
make all 
'Building file: ../src/ppm_passthrough.c'
'Invoking: ARM gcc compiler'
arm-xilinx-eabi-gcc -Wall -O0 -g3 -c -fmessage-length=0 -I../../system_bsp/ps7_cortexa9_0/include -MMD -MP -MF"src/ppm_passthrough.d" -MT"src/ppm_passthrough.d" -o "src/ppm_passthrough.o" "../src/ppm_passthrough.c"
'Finished building: ../src/ppm_passthrough.c'
' '
'Building target: p5_PPM_BT_passthrough.elf'
'Invoking: ARM gcc linker'
arm-xilinx-eabi-gcc -Wl,-T -Wl,../src/lscript.ld -L../../system_bsp/ps7_cortexa9_0/lib -o "p5_PPM_BT_passthrough.elf"  ./src/platform.o ./src/ppm_passthrough.o   -Wl,--start-group,-lxil,-lgcc,-lc,--end-group
'Finished building target: p5_PPM_BT_passthrough.elf'
' '
'Invoking: ARM Print Size'
arm-xilinx-eabi-size p5_PPM_BT_passthrough.elf  |tee "p5_PPM_BT_passthrough.elf.size"
   text	   data	    bss	    dec	    hex	filename
  38300	   1176	  29860	  69336	  10ed8	p5_PPM_BT_passthrough.elf
'Finished building: p5_PPM_BT_passthrough.elf.size'
' '
13:28:37 **** Auto Build of configuration Debug for project p5_PPM_BT_passthrough ****
make all 
'Building file: ../src/ppm_passthrough.c'
'Invoking: ARM gcc compiler'
arm-xilinx-eabi-gcc -Wall -O0 -g3 -c -fmessage-length=0 -I../../system_bsp/ps7_cortexa9_0/include -MMD -MP -MF"src/ppm_passthrough.d" -MT"src/ppm_passthrough.d" -o "src/ppm_passthrough.o" "../src/ppm_passthrough.c"
'Finished building: ../src/ppm_passthrough.c'
' '
'Building target: p5_PPM_BT_passthrough.elf'
'Invoking: ARM gcc linker'
arm-xilinx-eabi-gcc -Wl,-T -Wl,../src/lscript.ld -L../../system_bsp/ps7_cortexa9_0/lib -o "p5_PPM_BT_passthrough.elf"  ./src/platform.o ./src/ppm_passthrough.o   -Wl,--start-group,-lxil,-lgcc,-lc,--end-group
'Finished building target: p5_PPM_BT_passthrough.elf'
' '
'Invoking: ARM Print Size'
arm-xilinx-eabi-size p5_PPM_BT_passthrough.elf  |tee "p5_PPM_BT_passthrough.elf.size"
   text	   data	    bss	    dec	    hex	filename
  38300	   1176	  29860	  69336	  10ed8	p5_PPM_BT_passthrough.elf
'Finished building: p5_PPM_BT_passthrough.elf.size'
' '
13:28:49 **** Auto Build of configuration Debug for project p5_PPM_BT_passthrough ****
make all 
'Building file: ../src/ppm_passthrough.c'
'Invoking: ARM gcc compiler'
arm-xilinx-eabi-gcc -Wall -O0 -g3 -c -fmessage-length=0 -I../../system_bsp/ps7_cortexa9_0/include -MMD -MP -MF"src/ppm_passthrough.d" -MT"src/ppm_passthrough.d" -o "src/ppm_passthrough.o" "../src/ppm_passthrough.c"
'Finished building: ../src/ppm_passthrough.c'
' '
'Building target: p5_PPM_BT_passthrough.elf'
'Invoking: ARM gcc linker'
arm-xilinx-eabi-gcc -Wl,-T -Wl,../src/lscript.ld -L../../system_bsp/ps7_cortexa9_0/lib -o "p5_PPM_BT_passthrough.elf"  ./src/platform.o ./src/ppm_passthrough.o   -Wl,--start-group,-lxil,-lgcc,-lc,--end-group
'Finished building target: p5_PPM_BT_passthrough.elf'
' '
'Invoking: ARM Print Size'
arm-xilinx-eabi-size p5_PPM_BT_passthrough.elf  |tee "p5_PPM_BT_passthrough.elf.size"
   text	   data	    bss	    dec	    hex	filename
  38348	   1176	  29860	  69384	  10f08	p5_PPM_BT_passthrough.elf
'Finished building: p5_PPM_BT_passthrough.elf.size'
' '
13:28:56 **** Incremental Build of configuration Debug for project p5_PPM_BT_passthrough ****
make all 
make: Nothing to be done for `all'.
[...]
../src/sensor_analysis.c: In function 'main':
../src/sensor_analysis.c:155:14: warning: unused variable 'alpha' [-Wunused-variable]
../src/sensor_analysis.c:149:10: warning: variable 'magz' set but not used [-Wunused-but-set-variable]
../src/sensor_analysis.c:148:10: warning: variable 'magy' set but not used [-Wunused-but-set-variable]
../src/sensor_analysis.c:147:10: warning: variable 'magx' set but not used [-Wunused-but-set-variable]
../src/sensor_analysis.c:146:10: warning: variable 'gyrz' set but not used [-Wunused-but-set-variable]
../src/sensor_analysis.c:145:10: warning: variable 'gyry' set but not used [-Wunused-but-set-variable]
../src/sensor_analysis.c:144:10: warning: variable 'gyrx' set but not used [-Wunused-but-set-variable]
../src/sensor_analysis.c:143:10: warning: variable 'accz' set but not used [-Wunused-but-set-variable]
../src/sensor_analysis.c:142:10: warning: variable 'accy' set but not used [-Wunused-but-set-variable]
'Finished building: ../src/sensor_analysis.c'
' '
'Building target: p6_sensor_analysis.elf'
'Invoking: ARM gcc linker'
arm-xilinx-eabi-gcc -Wl,-T -Wl,../src/lscript.ld -L../../system_bsp/ps7_cortexa9_0/lib -o "p6_sensor_analysis.elf"  ./src/platform.o ./src/sensor_analysis.o   -lm -Wl,--start-group,-lxil,-lgcc,-lc,--end-group
'Finished building target: p6_sensor_analysis.elf'
' '
'Invoking: ARM Print Size'
arm-xilinx-eabi-size p6_sensor_analysis.elf  |tee "p6_sensor_analysis.elf.size"
   text	   data	    bss	    dec	    hex	filename
  77588	   2352	  29932	 109872	  1ad30	p6_sensor_analysis.elf
'Finished building: p6_sensor_analysis.elf.size'
' '
13:09:09 **** Auto Build of configuration Debug for project p6_sensor_analysis ****
make all 
'Building file: ../src/sensor_analysis.c'
'Invoking: ARM gcc compiler'
arm-xilinx-eabi-gcc -Wall -O0 -g3 -c -fmessage-length=0 -I../../system_bsp/ps7_cortexa9_0/include -MMD -MP -MF"src/sensor_analysis.d" -MT"src/sensor_analysis.d" -o "src/sensor_analysis.o" "../src/sensor_analysis.c"
../src/sensor_analysis.c: In function 'main':
../src/sensor_analysis.c:189:25: error: 'gryx' undeclared (first use in this function)
../src/sensor_analysis.c:189:25: note: each undeclared identifier is reported only once for each function it appears in
../src/sensor_analysis.c:155:14: warning: unused variable 'alpha' [-Wunused-variable]
../src/sensor_analysis.c:149:10: warning: variable 'magz' set but not used [-Wunused-but-set-variable]
../src/sensor_analysis.c:148:10: warning: variable 'magy' set but not used [-Wunused-but-set-variable]
../src/sensor_analysis.c:147:10: warning: variable 'magx' set but not used [-Wunused-but-set-variable]
../src/sensor_analysis.c:146:10: warning: variable 'gyrz' set but not used [-Wunused-but-set-variable]
../src/sensor_analysis.c:144:10: warning: variable 'gyrx' set but not used [-Wunused-but-set-variable]
../src/sensor_analysis.c:143:10: warning: variable 'accz' set but not used [-Wunused-but-set-variable]
../src/sensor_analysis.c:142:10: warning: variable 'accy' set but not used [-Wunused-but-set-variable]
../src/sensor_analysis.c:141:10: warning: variable 'accx' set but not used [-Wunused-but-set-variable]
make: *** [src/sensor_analysis.o] Error 1
13:09:19 **** Auto Build of configuration Debug for project p6_sensor_analysis ****
make all 
'Building file: ../src/sensor_analysis.c'
'Invoking: ARM gcc compiler'
arm-xilinx-eabi-gcc -Wall -O0 -g3 -c -fmessage-length=0 -I../../system_bsp/ps7_cortexa9_0/include -MMD -MP -MF"src/sensor_analysis.d" -MT"src/sensor_analysis.d" -o "src/sensor_analysis.o" "../src/sensor_analysis.c"
../src/sensor_analysis.c: In function 'main':
../src/sensor_analysis.c:155:14: warning: unused variable 'alpha' [-Wunused-variable]
../src/sensor_analysis.c:149:10: warning: variable 'magz' set but not used [-Wunused-but-set-variable]
../src/sensor_analysis.c:148:10: warning: variable 'magy' set but not used [-Wunused-but-set-variable]
../src/sensor_analysis.c:147:10: warning: variable 'magx' set but not used [-Wunused-but-set-variable]
../src/sensor_analysis.c:146:10: warning: variable 'gyrz' set but not used [-Wunused-but-set-variable]
../src/sensor_analysis.c:143:10: warning: variable 'accz' set but not used [-Wunused-but-set-variable]
../src/sensor_analysis.c:142:10: warning: variable 'accy' set but not used [-Wunused-but-set-variable]
../src/sensor_analysis.c:141:10: warning: variable 'accx' set but not used [-Wunused-but-set-variable]
'Finished building: ../src/sensor_analysis.c'
' '
'Building target: p6_sensor_analysis.elf'
'Invoking: ARM gcc linker'
arm-xilinx-eabi-gcc -Wl,-T -Wl,../src/lscript.ld -L../../system_bsp/ps7_cortexa9_0/lib -o "p6_sensor_analysis.elf"  ./src/platform.o ./src/sensor_analysis.o   -lm -Wl,--start-group,-lxil,-lgcc,-lc,--end-group
'Finished building target: p6_sensor_analysis.elf'
' '
'Invoking: ARM Print Size'
arm-xilinx-eabi-size p6_sensor_analysis.elf  |tee "p6_sensor_analysis.elf.size"
   text	   data	    bss	    dec	    hex	filename
  77612	   2352	  29932	 109896	  1ad48	p6_sensor_analysis.elf
'Finished building: p6_sensor_analysis.elf.size'
' '
13:09:23 **** Incremental Build of configuration Debug for project p6_sensor_analysis ****
make all 
make: Nothing to be done for `all'.
13:09:23 **** Incremental Build of configuration Debug for project p5_PPM_BT_passthrough ****
make all 
make: Nothing to be done for `all'.
13:09:24 **** Incremental Build of configuration Debug for project p4_quad_commands ****
make all 
make: Nothing to be done for `all'.
13:09:25 **** Incremental Build of configuration Debug for project p3_UART0_test ****
make all 
make: Nothing to be done for `all'.
13:09:25 **** Incremental Build of configuration Debug for project p3_BT_configure ****
make all 
make: Nothing to be done for `all'.
13:10:26 **** Incremental Build of configuration Debug for project p6_sensor_analysis ****
make all 
make: Nothing to be done for `all'.
13:10:27 **** Incremental Build of configuration Debug for project p5_PPM_BT_passthrough ****
make all 
make: Nothing to be done for `all'.
13:10:27 **** Incremental Build of configuration Debug for project p4_quad_commands ****
make all 
make: Nothing to be done for `all'.
13:10:28 **** Incremental Build of configuration Debug for project p3_UART0_test ****
make all 
make: Nothing to be done for `all'.
13:10:29 **** Incremental Build of configuration Debug for project p3_BT_configure ****
make all 
make: Nothing to be done for `all'.
13:14:35 **** Auto Build of configuration Debug for project p6_sensor_analysis ****
make all 
'Building file: ../src/sensor_analysis.c'
'Invoking: ARM gcc compiler'
arm-xilinx-eabi-gcc -Wall -O0 -g3 -c -fmessage-length=0 -I../../system_bsp/ps7_cortexa9_0/include -MMD -MP -MF"src/sensor_analysis.d" -MT"src/sensor_analysis.d" -o "src/sensor_analysis.o" "../src/sensor_analysis.c"
../src/sensor_analysis.c: In function 'main':
../src/sensor_analysis.c:155:14: warning: unused variable 'alpha' [-Wunused-variable]
../src/sensor_analysis.c:149:10: warning: variable 'magz' set but not used [-Wunused-but-set-variable]
../src/sensor_analysis.c:148:10: warning: variable 'magy' set but not used [-Wunused-but-set-variable]
../src/sensor_analysis.c:147:10: warning: variable 'magx' set but not used [-Wunused-but-set-variable]
../src/sensor_analysis.c:146:10: warning: variable 'gyrz' set but not used [-Wunused-but-set-variable]
../src/sensor_analysis.c:143:10: warning: variable 'accz' set but not used [-Wunused-but-set-variable]
../src/sensor_analysis.c:142:10: warning: variable 'accy' set but not used [-Wunused-but-set-variable]
../src/sensor_analysis.c:141:10: warning: variable 'accx' set but not used [-Wunused-but-set-variable]
'Finished building: ../src/sensor_analysis.c'
' '
'Building target: p6_sensor_analysis.elf'
'Invoking: ARM gcc linker'
arm-xilinx-eabi-gcc -Wl,-T -Wl,../src/lscript.ld -L../../system_bsp/ps7_cortexa9_0/lib -o "p6_sensor_analysis.elf"  ./src/platform.o ./src/sensor_analysis.o   -lm -Wl,--start-group,-lxil,-lgcc,-lc,--end-group
'Finished building target: p6_sensor_analysis.elf'
' '
'Invoking: ARM Print Size'
arm-xilinx-eabi-size p6_sensor_analysis.elf  |tee "p6_sensor_analysis.elf.size"
   text	   data	    bss	    dec	    hex	filename
  77596	   2352	  29960	 109908	  1ad54	p6_sensor_analysis.elf
'Finished building: p6_sensor_analysis.elf.size'
' '
13:14:38 **** Incremental Build of configuration Debug for project p6_sensor_analysis ****
make all 
make: Nothing to be done for `all'.
13:14:38 **** Incremental Build of configuration Debug for project p5_PPM_BT_passthrough ****
make all 
make: Nothing to be done for `all'.
13:14:39 **** Incremental Build of configuration Debug for project p4_quad_commands ****
make all 
make: Nothing to be done for `all'.
13:14:39 **** Incremental Build of configuration Debug for project p3_UART0_test ****
make all 
make: Nothing to be done for `all'.
13:14:40 **** Incremental Build of configuration Debug for project p3_BT_configure ****
make all 
make: Nothing to be done for `all'.
13:17:16 **** Auto Build of configuration Debug for project p6_sensor_analysis ****
make all 
'Building file: ../src/sensor_analysis.c'
'Invoking: ARM gcc compiler'
arm-xilinx-eabi-gcc -Wall -O0 -g3 -c -fmessage-length=0 -I../../system_bsp/ps7_cortexa9_0/include -MMD -MP -MF"src/sensor_analysis.d" -MT"src/sensor_analysis.d" -o "src/sensor_analysis.o" "../src/sensor_analysis.c"
../src/sensor_analysis.c: In function 'main':
../src/sensor_analysis.c:155:14: warning: unused variable 'alpha' [-Wunused-variable]
../src/sensor_analysis.c:149:10: warning: variable 'magz' set but not used [-Wunused-but-set-variable]
../src/sensor_analysis.c:148:10: warning: variable 'magy' set but not used [-Wunused-but-set-variable]
../src/sensor_analysis.c:147:10: warning: variable 'magx' set but not used [-Wunused-but-set-variable]
../src/sensor_analysis.c:146:10: warning: variable 'gyrz' set but not used [-Wunused-but-set-variable]
../src/sensor_analysis.c:143:10: warning: variable 'accz' set but not used [-Wunused-but-set-variable]
../src/sensor_analysis.c:142:10: warning: variable 'accy' set but not used [-Wunused-but-set-variable]
../src/sensor_analysis.c:141:10: warning: variable 'accx' set but not used [-Wunused-but-set-variable]
'Finished building: ../src/sensor_analysis.c'
' '
'Building target: p6_sensor_analysis.elf'
'Invoking: ARM gcc linker'
arm-xilinx-eabi-gcc -Wl,-T -Wl,../src/lscript.ld -L../../system_bsp/ps7_cortexa9_0/lib -o "p6_sensor_analysis.elf"  ./src/platform.o ./src/sensor_analysis.o   -lm -Wl,--start-group,-lxil,-lgcc,-lc,--end-group
'Finished building target: p6_sensor_analysis.elf'
' '
'Invoking: ARM Print Size'
arm-xilinx-eabi-size p6_sensor_analysis.elf  |tee "p6_sensor_analysis.elf.size"
   text	   data	    bss	    dec	    hex	filename
  77596	   2352	  29960	 109908	  1ad54	p6_sensor_analysis.elf
'Finished building: p6_sensor_analysis.elf.size'
' '
13:18:24 **** Auto Build of configuration Debug for project p6_sensor_analysis ****
make all 
'Building file: ../src/sensor_analysis.c'
'Invoking: ARM gcc compiler'
arm-xilinx-eabi-gcc -Wall -O0 -g3 -c -fmessage-length=0 -I../../system_bsp/ps7_cortexa9_0/include -MMD -MP -MF"src/sensor_analysis.d" -MT"src/sensor_analysis.d" -o "src/sensor_analysis.o" "../src/sensor_analysis.c"
../src/sensor_analysis.c: In function 'main':
../src/sensor_analysis.c:155:14: warning: unused variable 'alpha' [-Wunused-variable]
../src/sensor_analysis.c:149:10: warning: variable 'magz' set but not used [-Wunused-but-set-variable]
../src/sensor_analysis.c:148:10: warning: variable 'magy' set but not used [-Wunused-but-set-variable]
../src/sensor_analysis.c:147:10: warning: variable 'magx' set but not used [-Wunused-but-set-variable]
../src/sensor_analysis.c:146:10: warning: variable 'gyrz' set but not used [-Wunused-but-set-variable]
../src/sensor_analysis.c:143:10: warning: variable 'accz' set but not used [-Wunused-but-set-variable]
../src/sensor_analysis.c:142:10: warning: variable 'accy' set but not used [-Wunused-but-set-variable]
../src/sensor_analysis.c:141:10: warning: variable 'accx' set but not used [-Wunused-but-set-variable]
'Finished building: ../src/sensor_analysis.c'
' '
'Building target: p6_sensor_analysis.elf'
'Invoking: ARM gcc linker'
arm-xilinx-eabi-gcc -Wl,-T -Wl,../src/lscript.ld -L../../system_bsp/ps7_cortexa9_0/lib -o "p6_sensor_analysis.elf"  ./src/platform.o ./src/sensor_analysis.o   -lm -Wl,--start-group,-lxil,-lgcc,-lc,--end-group
'Finished building target: p6_sensor_analysis.elf'
' '
'Invoking: ARM Print Size'
arm-xilinx-eabi-size p6_sensor_analysis.elf  |tee "p6_sensor_analysis.elf.size"
   text	   data	    bss	    dec	    hex	filename
  77596	   2352	  29960	 109908	  1ad54	p6_sensor_analysis.elf
'Finished building: p6_sensor_analysis.elf.size'
' '
13:23:07 **** Incremental Build of configuration Debug for project p6_sensor_analysis ****
make all 
make: Nothing to be done for `all'.
13:23:08 **** Incremental Build of configuration Debug for project p5_PPM_BT_passthrough ****
make all 
make: Nothing to be done for `all'.
13:23:08 **** Incremental Build of configuration Debug for project p4_quad_commands ****
make all 
make: Nothing to be done for `all'.
13:23:09 **** Incremental Build of configuration Debug for project p3_UART0_test ****
make all 
make: Nothing to be done for `all'.
13:23:10 **** Incremental Build of configuration Debug for project p3_BT_configure ****
make all 
make: Nothing to be done for `all'.
13:24:13 **** Incremental Build of configuration Debug for project p6_sensor_analysis ****
make all 
make: Nothing to be done for `all'.
13:24:13 **** Incremental Build of configuration Debug for project p5_PPM_BT_passthrough ****
make all 
make: Nothing to be done for `all'.
13:24:14 **** Incremental Build of configuration Debug for project p4_quad_commands ****
make all 
make: Nothing to be done for `all'.
13:24:15 **** Incremental Build of configuration Debug for project p3_UART0_test ****
make all 
make: Nothing to be done for `all'.
13:24:15 **** Incremental Build of configuration Debug for project p3_BT_configure ****
make all 
make: Nothing to be done for `all'.
13:26:18 **** Auto Build of configuration Debug for project p6_sensor_analysis ****
make all 
'Building file: ../src/sensor_analysis.c'
'Invoking: ARM gcc compiler'
arm-xilinx-eabi-gcc -Wall -O0 -g3 -c -fmessage-length=0 -I../../system_bsp/ps7_cortexa9_0/include -MMD -MP -MF"src/sensor_analysis.d" -MT"src/sensor_analysis.d" -o "src/sensor_analysis.o" "../src/sensor_analysis.c"
../src/sensor_analysis.c: In function 'main':
../src/sensor_analysis.c:155:14: warning: unused variable 'alpha' [-Wunused-variable]
../src/sensor_analysis.c:149:10: warning: variable 'magz' set but not used [-Wunused-but-set-variable]
../src/sensor_analysis.c:148:10: warning: variable 'magy' set but not used [-Wunused-but-set-variable]
../src/sensor_analysis.c:147:10: warning: variable 'magx' set but not used [-Wunused-but-set-variable]
../src/sensor_analysis.c:146:10: warning: variable 'gyrz' set but not used [-Wunused-but-set-variable]
../src/sensor_analysis.c:145:10: warning: variable 'gyry' set but not used [-Wunused-but-set-variable]
../src/sensor_analysis.c:144:10: warning: variable 'gyrx' set but not used [-Wunused-but-set-variable]
../src/sensor_analysis.c:143:10: warning: variable 'accz' set but not used [-Wunused-but-set-variable]
'Finished building: ../src/sensor_analysis.c'
' '
'Building target: p6_sensor_analysis.elf'
'Invoking: ARM gcc linker'
arm-xilinx-eabi-gcc -Wl,-T -Wl,../src/lscript.ld -L../../system_bsp/ps7_cortexa9_0/lib -o "p6_sensor_analysis.elf"  ./src/platform.o ./src/sensor_analysis.o   -lm -Wl,--start-group,-lxil,-lgcc,-lc,--end-group
'Finished building target: p6_sensor_analysis.elf'
' '
'Invoking: ARM Print Size'
arm-xilinx-eabi-size p6_sensor_analysis.elf  |tee "p6_sensor_analysis.elf.size"
   text	   data	    bss	    dec	    hex	filename
  77556	   2352	  29960	 109868	  1ad2c	p6_sensor_analysis.elf
'Finished building: p6_sensor_analysis.elf.size'
' '
13:26:22 **** Incremental Build of configuration Debug for project p6_sensor_analysis ****
make all 
make: Nothing to be done for `all'.
13:26:22 **** Incremental Build of configuration Debug for project p5_PPM_BT_passthrough ****
make all 
make: Nothing to be done for `all'.
13:26:23 **** Incremental Build of configuration Debug for project p4_quad_commands ****
make all 
make: Nothing to be done for `all'.
13:26:24 **** Incremental Build of configuration Debug for project p3_UART0_test ****
make all 
make: Nothing to be done for `all'.
13:26:24 **** Incremental Build of configuration Debug for project p3_BT_configure ****
make all 
make: Nothing to be done for `all'.
13:42:16 **** Incremental Build of configuration Debug for project p6_sensor_analysis ****
make all 
make: Nothing to be done for `all'.
13:42:16 **** Incremental Build of configuration Debug for project p5_PPM_BT_passthrough ****
make all 
make: Nothing to be done for `all'.
13:42:17 **** Incremental Build of configuration Debug for project p4_quad_commands ****
make all 
make: Nothing to be done for `all'.
13:42:18 **** Incremental Build of configuration Debug for project p3_UART0_test ****
make all 
make: Nothing to be done for `all'.
13:42:19 **** Incremental Build of configuration Debug for project p3_BT_configure ****
make all 
make: Nothing to be done for `all'.
13:44:31 **** Auto Build of configuration Debug for project p6_sensor_analysis ****
make all 
'Building file: ../src/sensor_analysis.c'
'Invoking: ARM gcc compiler'
arm-xilinx-eabi-gcc -Wall -O0 -g3 -c -fmessage-length=0 -I../../system_bsp/ps7_cortexa9_0/include -MMD -MP -MF"src/sensor_analysis.d" -MT"src/sensor_analysis.d" -o "src/sensor_analysis.o" "../src/sensor_analysis.c"
../src/sensor_analysis.c: In function 'main':
../src/sensor_analysis.c:155:14: warning: unused variable 'alpha' [-Wunused-variable]
../src/sensor_analysis.c:149:10: warning: variable 'magz' set but not used [-Wunused-but-set-variable]
../src/sensor_analysis.c:148:10: warning: variable 'magy' set but not used [-Wunused-but-set-variable]
../src/sensor_analysis.c:147:10: warning: variable 'magx' set but not used [-Wunused-but-set-variable]
../src/sensor_analysis.c:146:10: warning: variable 'gyrz' set but not used [-Wunused-but-set-variable]
../src/sensor_analysis.c:143:10: warning: variable 'accz' set but not used [-Wunused-but-set-variable]
../src/sensor_analysis.c:142:10: warning: variable 'accy' set but not used [-Wunused-but-set-variable]
../src/sensor_analysis.c:141:10: warning: variable 'accx' set but not used [-Wunused-but-set-variable]
'Finished building: ../src/sensor_analysis.c'
' '
'Building target: p6_sensor_analysis.elf'
'Invoking: ARM gcc linker'
arm-xilinx-eabi-gcc -Wl,-T -Wl,../src/lscript.ld -L../../system_bsp/ps7_cortexa9_0/lib -o "p6_sensor_analysis.elf"  ./src/platform.o ./src/sensor_analysis.o   -lm -Wl,--start-group,-lxil,-lgcc,-lc,--end-group
'Finished building target: p6_sensor_analysis.elf'
' '
'Invoking: ARM Print Size'
arm-xilinx-eabi-size p6_sensor_analysis.elf  |tee "p6_sensor_analysis.elf.size"
   text	   data	    bss	    dec	    hex	filename
  77596	   2352	  29960	 109908	  1ad54	p6_sensor_analysis.elf
'Finished building: p6_sensor_analysis.elf.size'
' '
13:44:38 **** Incremental Build of configuration Debug for project p6_sensor_analysis ****
make all 
make: Nothing to be done for `all'.
13:44:39 **** Incremental Build of configuration Debug for project p5_PPM_BT_passthrough ****
make all 
make: Nothing to be done for `all'.
13:44:39 **** Incremental Build of configuration Debug for project p4_quad_commands ****
make all 
make: Nothing to be done for `all'.
13:44:40 **** Incremental Build of configuration Debug for project p3_UART0_test ****
make all 
make: Nothing to be done for `all'.
13:44:40 **** Incremental Build of configuration Debug for project p3_BT_configure ****
make all 
make: Nothing to be done for `all'.
