09:55:13 **** Incremental Build of configuration Debug for project p7_request_gps ****
make all 
make: Nothing to be done for `all'.
09:56:29 **** Auto Build of configuration Debug for project p6_sensor_analysis ****
make all 
'Building file: ../src/sensor_analysis.c'
'Invoking: ARM gcc compiler'
arm-xilinx-eabi-gcc -Wall -O0 -g3 -c -fmessage-length=0 -I../../system_bsp/ps7_cortexa9_0/include -MMD -MP -MF"src/sensor_analysis.d" -MT"src/sensor_analysis.d" -o "src/sensor_analysis.o" "../src/sensor_analysis.c"
../src/sensor_analysis.c: In function 'main':
../src/sensor_analysis.c:155:14: warning: unused variable 'alpha' [-Wunused-variable]
../src/sensor_analysis.c:149:10: warning: variable 'magz' set but not used [-Wunused-but-set-variable]
../src/sensor_analysis.c:148:10: warning: variable 'magy' set but not used [-Wunused-but-set-variable]
../src/sensor_analysis.c:147:10: warning: variable 'magx' set but not used [-Wunused-but-set-variable]
../src/sensor_analysis.c:146:10: warning: variable 'gyrz' set but not used [-Wunused-but-set-variable]
../src/sensor_analysis.c:143:10: warning: variable 'accz' set but not used [-Wunused-but-set-variable]
../src/sensor_analysis.c:142:10: warning: variable 'accy' set but not used [-Wunused-but-set-variable]
../src/sensor_analysis.c:141:10: warning: variable 'accx' set but not used [-Wunused-but-set-variable]
'Finished building: ../src/sensor_analysis.c'
' '
'Building target: p6_sensor_analysis.elf'
'Invoking: ARM gcc linker'
arm-xilinx-eabi-gcc -Wl,-T -Wl,../src/lscript.ld -L../../system_bsp/ps7_cortexa9_0/lib -o "p6_sensor_analysis.elf"  ./src/platform.o ./src/sensor_analysis.o   -lm -Wl,--start-group,-lxil,-lgcc,-lc,--end-group
'Finished building target: p6_sensor_analysis.elf'
' '
'Invoking: ARM Print Size'
arm-xilinx-eabi-size p6_sensor_analysis.elf  |tee "p6_sensor_analysis.elf.size"
   text	   data	    bss	    dec	    hex	filename
  77596	   2352	  29960	 109908	  1ad54	p6_sensor_analysis.elf
'Finished building: p6_sensor_analysis.elf.size'
' '
09:56:46 **** Incremental Build of configuration Debug for project p7_request_gps ****
make all 
make: Nothing to be done for `all'.
09:56:46 **** Incremental Build of configuration Debug for project p6_sensor_analysis ****
make all 
make: Nothing to be done for `all'.
09:56:47 **** Incremental Build of configuration Debug for project p5_PPM_BT_passthrough ****
make all 
make: Nothing to be done for `all'.
09:56:48 **** Incremental Build of configuration Debug for project p4_quad_commands ****
make all 
make: Nothing to be done for `all'.
09:56:48 **** Incremental Build of configuration Debug for project p3_UART0_test ****
make all 
make: Nothing to be done for `all'.
09:56:49 **** Incremental Build of configuration Debug for project p3_BT_configure ****
make all 
make: Nothing to be done for `all'.
09:58:12 **** Auto Build of configuration Debug for project p6_sensor_analysis ****
make all 
'Building file: ../src/sensor_analysis.c'
'Invoking: ARM gcc compiler'
arm-xilinx-eabi-gcc -Wall -O0 -g3 -c -fmessage-length=0 -I../../system_bsp/ps7_cortexa9_0/include -MMD -MP -MF"src/sensor_analysis.d" -MT"src/sensor_analysis.d" -o "src/sensor_analysis.o" "../src/sensor_analysis.c"
../src/sensor_analysis.c: In function 'main':
../src/sensor_analysis.c:155:14: warning: unused variable 'alpha' [-Wunused-variable]
../src/sensor_analysis.c:149:10: warning: variable 'magz' set but not used [-Wunused-but-set-variable]
../src/sensor_analysis.c:148:10: warning: variable 'magy' set but not used [-Wunused-but-set-variable]
../src/sensor_analysis.c:147:10: warning: variable 'magx' set but not used [-Wunused-but-set-variable]
../src/sensor_analysis.c:146:10: warning: variable 'gyrz' set but not used [-Wunused-but-set-variable]
../src/sensor_analysis.c:143:10: warning: variable 'accz' set but not used [-Wunused-but-set-variable]
../src/sensor_analysis.c:142:10: warning: variable 'accy' set but not used [-Wunused-but-set-variable]
../src/sensor_analysis.c:141:10: warning: variable 'accx' set but not used [-Wunused-but-set-variable]
'Finished building: ../src/sensor_analysis.c'
' '
'Building target: p6_sensor_analysis.elf'
'Invoking: ARM gcc linker'
arm-xilinx-eabi-gcc -Wl,-T -Wl,../src/lscript.ld -L../../system_bsp/ps7_cortexa9_0/lib -o "p6_sensor_analysis.elf"  ./src/platform.o ./src/sensor_analysis.o   -lm -Wl,--start-group,-lxil,-lgcc,-lc,--end-group
'Finished building target: p6_sensor_analysis.elf'
' '
'Invoking: ARM Print Size'
arm-xilinx-eabi-size p6_sensor_analysis.elf  |tee "p6_sensor_analysis.elf.size"
   text	   data	    bss	    dec	    hex	filename
  77612	   2352	  29932	 109896	  1ad48	p6_sensor_analysis.elf
'Finished building: p6_sensor_analysis.elf.size'
' '
09:59:04 **** Auto Build of configuration Debug for project p6_sensor_analysis ****
make all 
'Building file: ../src/sensor_analysis.c'
'Invoking: ARM gcc compiler'
arm-xilinx-eabi-gcc -Wall -O0 -g3 -c -fmessage-length=0 -I../../system_bsp/ps7_cortexa9_0/include -MMD -MP -MF"src/sensor_analysis.d" -MT"src/sensor_analysis.d" -o "src/sensor_analysis.o" "../src/sensor_analysis.c"
../src/sensor_analysis.c: In function 'main':
../src/sensor_analysis.c:155:14: warning: unused variable 'alpha' [-Wunused-variable]
../src/sensor_analysis.c:149:10: warning: variable 'magz' set but not used [-Wunused-but-set-variable]
../src/sensor_analysis.c:148:10: warning: variable 'magy' set but not used [-Wunused-but-set-variable]
../src/sensor_analysis.c:147:10: warning: variable 'magx' set but not used [-Wunused-but-set-variable]
../src/sensor_analysis.c:146:10: warning: variable 'gyrz' set but not used [-Wunused-but-set-variable]
../src/sensor_analysis.c:143:10: warning: variable 'accz' set but not used [-Wunused-but-set-variable]
../src/sensor_analysis.c:142:10: warning: variable 'accy' set but not used [-Wunused-but-set-variable]
../src/sensor_analysis.c:141:10: warning: variable 'accx' set but not used [-Wunused-but-set-variable]
'Finished building: ../src/sensor_analysis.c'
' '
'Building target: p6_sensor_analysis.elf'
'Invoking: ARM gcc linker'
arm-xilinx-eabi-gcc -Wl,-T -Wl,../src/lscript.ld -L../../system_bsp/ps7_cortexa9_0/lib -o "p6_sensor_analysis.elf"  ./src/platform.o ./src/sensor_analysis.o   -lm -Wl,--start-group,-lxil,-lgcc,-lc,--end-group
'Finished building target: p6_sensor_analysis.elf'
' '
'Invoking: ARM Print Size'
arm-xilinx-eabi-size p6_sensor_analysis.elf  |tee "p6_sensor_analysis.elf.size"
   text	   data	    bss	    dec	    hex	filename
  77596	   2352	  29960	 109908	  1ad54	p6_sensor_analysis.elf
'Finished building: p6_sensor_analysis.elf.size'
' '
10:00:03 **** Incremental Build of configuration Debug for project p7_request_gps ****
make all 
make: Nothing to be done for `all'.
10:00:05 **** Incremental Build of configuration Debug for project p6_sensor_analysis ****
make all 
make: Nothing to be done for `all'.
10:00:06 **** Incremental Build of configuration Debug for project p5_PPM_BT_passthrough ****
make all 
make: Nothing to be done for `all'.
10:00:07 **** Incremental Build of configuration Debug for project p4_quad_commands ****
make all 
make: Nothing to be done for `all'.
10:00:08 **** Incremental Build of configuration Debug for project p3_UART0_test ****
make all 
make: Nothing to be done for `all'.
10:00:10 **** Incremental Build of configuration Debug for project p3_BT_configure ****
make all 
make: Nothing to be done for `all'.
10:03:13 **** Auto Build of configuration Debug for project p7_request_gps ****
make all 
'Building file: ../src/helloworld.c'
'Invoking: ARM gcc compiler'
arm-xilinx-eabi-gcc -Wall -O0 -g3 -c -fmessage-length=0 -I../../system_bsp/ps7_cortexa9_0/include -MMD -MP -MF"src/helloworld.d" -MT"src/helloworld.d" -o "src/helloworld.o" "../src/helloworld.c"
../src/helloworld.c: In function 'main':
../src/helloworld.c:151:7: warning: passing argument 1 of 'xil_printf' makes pointer from integer without a cast [enabled by default]
In file included from ../../system_bsp/ps7_cortexa9_0/include/xil_io.h:74:0,
                 from ../../system_bsp/ps7_cortexa9_0/include/xuartps_hw.h:78,
                 from ../../system_bsp/ps7_cortexa9_0/include/xuartps.h:177,
                 from ../src/helloworld.c:37:
../../system_bsp/ps7_cortexa9_0/include/xil_printf.h:38:6: note: expected 'const char *' but argument is of type 'int'
../src/helloworld.c:140:8: warning: unused variable 'send_buff' [-Wunused-variable]
../src/helloworld.c:134:29: warning: unused variable 'yaw' [-Wunused-variable]
../src/helloworld.c:134:19: warning: unused variable 'throttle' [-Wunused-variable]
../src/helloworld.c:134:12: warning: unused variable 'pitch' [-Wunused-variable]
../src/helloworld.c:134:6: warning: unused variable 'roll' [-Wunused-variable]
'Finished building: ../src/helloworld.c'
' '
'Building target: p7_request_gps.elf'
'Invoking: ARM gcc linker'
arm-xilinx-eabi-gcc -Wl,-T -Wl,../src/lscript.ld -L../../system_bsp/ps7_cortexa9_0/lib -o "p7_request_gps.elf"  ./src/helloworld.o ./src/platform.o   -Wl,--start-group,-lxil,-lgcc,-lc,--end-group
'Finished building target: p7_request_gps.elf'
' '
'Invoking: ARM Print Size'
arm-xilinx-eabi-size p7_request_gps.elf  |tee "p7_request_gps.elf.size"
   text	   data	    bss	    dec	    hex	filename
  36112	   1176	  29860	  67148	  1064c	p7_request_gps.elf
'Finished building: p7_request_gps.elf.size'
' '
10:03:38 **** Auto Build of configuration Debug for project p7_request_gps ****
make all 
'Building file: ../src/helloworld.c'
'Invoking: ARM gcc compiler'
arm-xilinx-eabi-gcc -Wall -O0 -g3 -c -fmessage-length=0 -I../../system_bsp/ps7_cortexa9_0/include -MMD -MP -MF"src/helloworld.d" -MT"src/helloworld.d" -o "src/helloworld.o" "../src/helloworld.c"
../src/helloworld.c: In function 'main':
../src/helloworld.c:140:8: warning: unused variable 'send_buff' [-Wunused-variable]
../src/helloworld.c:134:29: warning: unused variable 'yaw' [-Wunused-variable]
../src/helloworld.c:134:19: warning: unused variable 'throttle' [-Wunused-variable]
../src/helloworld.c:134:12: warning: unused variable 'pitch' [-Wunused-variable]
../src/helloworld.c:134:6: warning: unused variable 'roll' [-Wunused-variable]
'Finished building: ../src/helloworld.c'
' '
'Building target: p7_request_gps.elf'
'Invoking: ARM gcc linker'
arm-xilinx-eabi-gcc -Wl,-T -Wl,../src/lscript.ld -L../../system_bsp/ps7_cortexa9_0/lib -o "p7_request_gps.elf"  ./src/helloworld.o ./src/platform.o   -Wl,--start-group,-lxil,-lgcc,-lc,--end-group
'Finished building target: p7_request_gps.elf'
' '
'Invoking: ARM Print Size'
arm-xilinx-eabi-size p7_request_gps.elf  |tee "p7_request_gps.elf.size"
   text	   data	    bss	    dec	    hex	filename
  36120	   1176	  29860	  67156	  10654	p7_request_gps.elf
'Finished building: p7_request_gps.elf.size'
' '
10:04:09 **** Auto Build of configuration Debug for project p7_request_gps ****
make all 
'Building file: ../src/helloworld.c'
'Invoking: ARM gcc compiler'
arm-xilinx-eabi-gcc -Wall -O0 -g3 -c -fmessage-length=0 -I../../system_bsp/ps7_cortexa9_0/include -MMD -MP -MF"src/helloworld.d" -MT"src/helloworld.d" -o "src/helloworld.o" "../src/helloworld.c"
../src/helloworld.c: In function 'main':
../src/helloworld.c:130:8: warning: unused variable 'send_buff' [-Wunused-variable]
../src/helloworld.c: In function 'send_command':
../src/helloworld.c:164:21: error: 'test_quad' undeclared (first use in this function)
../src/helloworld.c:164:21: note: each undeclared identifier is reported only once for each function it appears in
make: *** [src/helloworld.o] Error 1
10:04:12 **** Incremental Build of configuration Debug for project p7_request_gps ****
make all 
'Building file: ../src/helloworld.c'
'Invoking: ARM gcc compiler'
arm-xilinx-eabi-gcc -Wall -O0 -g3 -c -fmessage-length=0 -I../../system_bsp/ps7_cortexa9_0/include -MMD -MP -MF"src/helloworld.d" -MT"src/helloworld.d" -o "src/helloworld.o" "../src/helloworld.c"
../src/helloworld.c: In function 'main':
../src/helloworld.c:130:8: warning: unused variable 'send_buff' [-Wunused-variable]
../src/helloworld.c: In function 'send_command':
../src/helloworld.c:164:21: error: 'test_quad' undeclared (first use in this function)
../src/helloworld.c:164:21: note: each undeclared identifier is reported only once for each function it appears in
make: *** [src/helloworld.o] Error 1
10:04:13 **** Incremental Build of configuration Debug for project p6_sensor_analysis ****
make all 
make: Nothing to be done for `all'.
10:04:14 **** Incremental Build of configuration Debug for project p5_PPM_BT_passthrough ****
make all 
make: Nothing to be done for `all'.
10:04:15 **** Incremental Build of configuration Debug for project p4_quad_commands ****
make all 
make: Nothing to be done for `all'.
10:04:15 **** Incremental Build of configuration Debug for project p3_UART0_test ****
make all 
make: Nothing to be done for `all'.
10:04:16 **** Incremental Build of configuration Debug for project p3_BT_configure ****
make all 
make: Nothing to be done for `all'.
10:04:43 **** Auto Build of configuration Debug for project p7_request_gps ****
make all 
'Building file: ../src/helloworld.c'
'Invoking: ARM gcc compiler'
arm-xilinx-eabi-gcc -Wall -O0 -g3 -c -fmessage-length=0 -I../../system_bsp/ps7_cortexa9_0/include -MMD -MP -MF"src/helloworld.d" -MT"src/helloworld.d" -o "src/helloworld.o" "../src/helloworld.c"
../src/helloworld.c: In function 'main':
../src/helloworld.c:130:8: warning: unused variable 'send_buff' [-Wunused-variable]
'Finished building: ../src/helloworld.c'
' '
'Building target: p7_request_gps.elf'
'Invoking: ARM gcc linker'
arm-xilinx-eabi-gcc -Wl,-T -Wl,../src/lscript.ld -L../../system_bsp/ps7_cortexa9_0/lib -o "p7_request_gps.elf"  ./src/helloworld.o ./src/platform.o   -Wl,--start-group,-lxil,-lgcc,-lc,--end-group
./src/helloworld.o: In function `set_up_bt_chip':
U:\Documents\cpre488mp4\sw\p7_request_gps\Debug/../src/helloworld.c:257: undefined reference to `send_command'
U:\Documents\cpre488mp4\sw\p7_request_gps\Debug/../src/helloworld.c:259: undefined reference to `send_command'
U:\Documents\cpre488mp4\sw\p7_request_gps\Debug/../src/helloworld.c:261: undefined reference to `send_command'
U:\Documents\cpre488mp4\sw\p7_request_gps\Debug/../src/helloworld.c:263: undefined reference to `send_command'
U:\Documents\cpre488mp4\sw\p7_request_gps\Debug/../src/helloworld.c:269: undefined reference to `send_command'
./src/helloworld.o:U:\Documents\cpre488mp4\sw\p7_request_gps\Debug/../src/helloworld.c:270: more undefined references to `send_command' follow
collect2.exe: error: ld returned 1 exit status
make: *** [p7_request_gps.elf] Error 1
10:04:55 **** Auto Build of configuration Debug for project p7_request_gps ****
make all 
'Building file: ../src/helloworld.c'
'Invoking: ARM gcc compiler'
arm-xilinx-eabi-gcc -Wall -O0 -g3 -c -fmessage-length=0 -I../../system_bsp/ps7_cortexa9_0/include -MMD -MP -MF"src/helloworld.d" -MT"src/helloworld.d" -o "src/helloworld.o" "../src/helloworld.c"
../src/helloworld.c: In function 'main':
../src/helloworld.c:136:8: warning: unused variable 'send_buff' [-Wunused-variable]
'Finished building: ../src/helloworld.c'
' '
'Building target: p7_request_gps.elf'
'Invoking: ARM gcc linker'
arm-xilinx-eabi-gcc -Wl,-T -Wl,../src/lscript.ld -L../../system_bsp/ps7_cortexa9_0/lib -o "p7_request_gps.elf"  ./src/helloworld.o ./src/platform.o   -Wl,--start-group,-lxil,-lgcc,-lc,--end-group
'Finished building target: p7_request_gps.elf'
' '
'Invoking: ARM Print Size'
arm-xilinx-eabi-size p7_request_gps.elf  |tee "p7_request_gps.elf.size"
   text	   data	    bss	    dec	    hex	filename
  36120	   1176	  29860	  67156	  10654	p7_request_gps.elf
'Finished building: p7_request_gps.elf.size'
' '
10:05:08 **** Incremental Build of configuration Debug for project p7_request_gps ****
make all 
make: Nothing to be done for `all'.
10:05:08 **** Incremental Build of configuration Debug for project p6_sensor_analysis ****
make all 
make: Nothing to be done for `all'.
10:05:09 **** Incremental Build of configuration Debug for project p5_PPM_BT_passthrough ****
make all 
make: Nothing to be done for `all'.
10:05:10 **** Incremental Build of configuration Debug for project p4_quad_commands ****
make all 
make: Nothing to be done for `all'.
10:05:10 **** Incremental Build of configuration Debug for project p3_UART0_test ****
make all 
make: Nothing to be done for `all'.
10:05:11 **** Incremental Build of configuration Debug for project p3_BT_configure ****
make all 
make: Nothing to be done for `all'.
10:27:24 **** Auto Build of configuration Debug for project p7_request_gps ****
make all 
'Building file: ../src/helloworld.c'
'Invoking: ARM gcc compiler'
arm-xilinx-eabi-gcc -Wall -O0 -g3 -c -fmessage-length=0 -I../../system_bsp/ps7_cortexa9_0/include -MMD -MP -MF"src/helloworld.d" -MT"src/helloworld.d" -o "src/helloworld.o" "../src/helloworld.c"
../src/helloworld.c: In function 'main':
../src/helloworld.c:136:8: warning: unused variable 'send_buff' [-Wunused-variable]
'Finished building: ../src/helloworld.c'
' '
'Building target: p7_request_gps.elf'
'Invoking: ARM gcc linker'
arm-xilinx-eabi-gcc -Wl,-T -Wl,../src/lscript.ld -L../../system_bsp/ps7_cortexa9_0/lib -o "p7_request_gps.elf"  ./src/helloworld.o ./src/platform.o   -Wl,--start-group,-lxil,-lgcc,-lc,--end-group
'Finished building target: p7_request_gps.elf'
' '
'Invoking: ARM Print Size'
arm-xilinx-eabi-size p7_request_gps.elf  |tee "p7_request_gps.elf.size"
   text	   data	    bss	    dec	    hex	filename
  36120	   1176	  29860	  67156	  10654	p7_request_gps.elf
'Finished building: p7_request_gps.elf.size'
' '
10:27:35 **** Incremental Build of configuration Debug for project p7_request_gps ****
make all 
make: Nothing to be done for `all'.
10:27:36 **** Incremental Build of configuration Debug for project p6_sensor_analysis ****
make all 
make: Nothing to be done for `all'.
10:27:36 **** Incremental Build of configuration Debug for project p5_PPM_BT_passthrough ****
make all 
make: Nothing to be done for `all'.
10:27:37 **** Incremental Build of configuration Debug for project p4_quad_commands ****
make all 
make: Nothing to be done for `all'.
10:27:38 **** Incremental Build of configuration Debug for project p3_UART0_test ****
make all 
make: Nothing to be done for `all'.
10:27:38 **** Incremental Build of configuration Debug for project p3_BT_configure ****
make all 
make: Nothing to be done for `all'.
10:30:46 **** Auto Build of configuration Debug for project p7_request_gps ****
make all 
'Building file: ../src/helloworld.c'
'Invoking: ARM gcc compiler'
arm-xilinx-eabi-gcc -Wall -O0 -g3 -c -fmessage-length=0 -I../../system_bsp/ps7_cortexa9_0/include -MMD -MP -MF"src/helloworld.d" -MT"src/helloworld.d" -o "src/helloworld.o" "../src/helloworld.c"
../src/helloworld.c: In function 'main':
../src/helloworld.c:136:8: warning: unused variable 'send_buff' [-Wunused-variable]
'Finished building: ../src/helloworld.c'
' '
'Building target: p7_request_gps.elf'
'Invoking: ARM gcc linker'
arm-xilinx-eabi-gcc -Wl,-T -Wl,../src/lscript.ld -L../../system_bsp/ps7_cortexa9_0/lib -o "p7_request_gps.elf"  ./src/helloworld.o ./src/platform.o   -Wl,--start-group,-lxil,-lgcc,-lc,--end-group
'Finished building target: p7_request_gps.elf'
' '
'Invoking: ARM Print Size'
arm-xilinx-eabi-size p7_request_gps.elf  |tee "p7_request_gps.elf.size"
   text	   data	    bss	    dec	    hex	filename
  36128	   1176	  29860	  67164	  1065c	p7_request_gps.elf
'Finished building: p7_request_gps.elf.size'
' '
10:31:17 **** Auto Build of configuration Debug for project p7_request_gps ****
make all 
'Building file: ../src/helloworld.c'
'Invoking: ARM gcc compiler'
arm-xilinx-eabi-gcc -Wall -O0 -g3 -c -fmessage-length=0 -I../../system_bsp/ps7_cortexa9_0/include -MMD -MP -MF"src/helloworld.d" -MT"src/helloworld.d" -o "src/helloworld.o" "../src/helloworld.c"
../src/helloworld.c: In function 'main':
../src/helloworld.c:136:8: warning: unused variable 'send_buff' [-Wunused-variable]
'Finished building: ../src/helloworld.c'
' '
'Building target: p7_request_gps.elf'
'Invoking: ARM gcc linker'
arm-xilinx-eabi-gcc -Wl,-T -Wl,../src/lscript.ld -L../../system_bsp/ps7_cortexa9_0/lib -o "p7_request_gps.elf"  ./src/helloworld.o ./src/platform.o   -Wl,--start-group,-lxil,-lgcc,-lc,--end-group
'Finished building target: p7_request_gps.elf'
' '
'Invoking: ARM Print Size'
arm-xilinx-eabi-size p7_request_gps.elf  |tee "p7_request_gps.elf.size"
   text	   data	    bss	    dec	    hex	filename
  36144	   1176	  29860	  67180	  1066c	p7_request_gps.elf
'Finished building: p7_request_gps.elf.size'
' '
10:31:19 **** Auto Build of configuration Debug for project p7_request_gps ****
make all 
'Building file: ../src/helloworld.c'
'Invoking: ARM gcc compiler'
arm-xilinx-eabi-gcc -Wall -O0 -g3 -c -fmessage-length=0 -I../../system_bsp/ps7_cortexa9_0/include -MMD -MP -MF"src/helloworld.d" -MT"src/helloworld.d" -o "src/helloworld.o" "../src/helloworld.c"
../src/helloworld.c: In function 'main':
../src/helloworld.c:136:8: warning: unused variable 'send_buff' [-Wunused-variable]
'Finished building: ../src/helloworld.c'
' '
'Building target: p7_request_gps.elf'
'Invoking: ARM gcc linker'
arm-xilinx-eabi-gcc -Wl,-T -Wl,../src/lscript.ld -L../../system_bsp/ps7_cortexa9_0/lib -o "p7_request_gps.elf"  ./src/helloworld.o ./src/platform.o   -Wl,--start-group,-lxil,-lgcc,-lc,--end-group
'Finished building target: p7_request_gps.elf'
' '
'Invoking: ARM Print Size'
arm-xilinx-eabi-size p7_request_gps.elf  |tee "p7_request_gps.elf.size"
   text	   data	    bss	    dec	    hex	filename
  36100	   1176	  29860	  67136	  10640	p7_request_gps.elf
'Finished building: p7_request_gps.elf.size'
' '
10:31:21 **** Incremental Build of configuration Debug for project p7_request_gps ****
make all 
make: Nothing to be done for `all'.
10:31:21 **** Incremental Build of configuration Debug for project p6_sensor_analysis ****
make all 
make: Nothing to be done for `all'.
10:31:22 **** Incremental Build of configuration Debug for project p5_PPM_BT_passthrough ****
make all 
make: Nothing to be done for `all'.
10:31:23 **** Incremental Build of configuration Debug for project p4_quad_commands ****
make all 
make: Nothing to be done for `all'.
10:31:23 **** Incremental Build of configuration Debug for project p3_UART0_test ****
make all 
make: Nothing to be done for `all'.
10:31:24 **** Incremental Build of configuration Debug for project p3_BT_configure ****
make all 
make: Nothing to be done for `all'.
10:32:11 **** Auto Build of configuration Debug for project p7_request_gps ****
make all 
'Building file: ../src/helloworld.c'
'Invoking: ARM gcc compiler'
arm-xilinx-eabi-gcc -Wall -O0 -g3 -c -fmessage-length=0 -I../../system_bsp/ps7_cortexa9_0/include -MMD -MP -MF"src/helloworld.d" -MT"src/helloworld.d" -o "src/helloworld.o" "../src/helloworld.c"
../src/helloworld.c: In function 'main':
../src/helloworld.c:136:8: warning: unused variable 'send_buff' [-Wunused-variable]
'Finished building: ../src/helloworld.c'
' '
'Building target: p7_request_gps.elf'
'Invoking: ARM gcc linker'
arm-xilinx-eabi-gcc -Wl,-T -Wl,../src/lscript.ld -L../../system_bsp/ps7_cortexa9_0/lib -o "p7_request_gps.elf"  ./src/helloworld.o ./src/platform.o   -Wl,--start-group,-lxil,-lgcc,-lc,--end-group
'Finished building target: p7_request_gps.elf'
' '
'Invoking: ARM Print Size'
arm-xilinx-eabi-size p7_request_gps.elf  |tee "p7_request_gps.elf.size"
   text	   data	    bss	    dec	    hex	filename
  36144	   1176	  29860	  67180	  1066c	p7_request_gps.elf
'Finished building: p7_request_gps.elf.size'
' '
10:32:38 **** Auto Build of configuration Debug for project p7_request_gps ****
make all 
'Building file: ../src/helloworld.c'
'Invoking: ARM gcc compiler'
arm-xilinx-eabi-gcc -Wall -O0 -g3 -c -fmessage-length=0 -I../../system_bsp/ps7_cortexa9_0/include -MMD -MP -MF"src/helloworld.d" -MT"src/helloworld.d" -o "src/helloworld.o" "../src/helloworld.c"
../src/helloworld.c: In function 'main':
../src/helloworld.c:147:7: error: stray '\' in program
../src/helloworld.c:147:45: error: expected ')' before 'n'
../src/helloworld.c:147:46: warning: missing terminating " character [enabled by default]
../src/helloworld.c:147:45: error: missing terminating " character
../src/helloworld.c:149:6: error: expected ';' before '}' token
../src/helloworld.c:136:8: warning: unused variable 'send_buff' [-Wunused-variable]
make: *** [src/helloworld.o] Error 1
10:32:41 **** Auto Build of configuration Debug for project p7_request_gps ****
make all 
'Building file: ../src/helloworld.c'
'Invoking: ARM gcc compiler'
arm-xilinx-eabi-gcc -Wall -O0 -g3 -c -fmessage-length=0 -I../../system_bsp/ps7_cortexa9_0/include -MMD -MP -MF"src/helloworld.d" -MT"src/helloworld.d" -o "src/helloworld.o" "../src/helloworld.c"
../src/helloworld.c: In function 'main':
../src/helloworld.c:136:8: warning: unused variable 'send_buff' [-Wunused-variable]
'Finished building: ../src/helloworld.c'
' '
'Building target: p7_request_gps.elf'
'Invoking: ARM gcc linker'
arm-xilinx-eabi-gcc -Wl,-T -Wl,../src/lscript.ld -L../../system_bsp/ps7_cortexa9_0/lib -o "p7_request_gps.elf"  ./src/helloworld.o ./src/platform.o   -Wl,--start-group,-lxil,-lgcc,-lc,--end-group
'Finished building target: p7_request_gps.elf'
' '
'Invoking: ARM Print Size'
arm-xilinx-eabi-size p7_request_gps.elf  |tee "p7_request_gps.elf.size"
   text	   data	    bss	    dec	    hex	filename
  36168	   1176	  29860	  67204	  10684	p7_request_gps.elf
'Finished building: p7_request_gps.elf.size'
' '
10:32:51 **** Auto Build of configuration Debug for project p7_request_gps ****
make all 
'Building file: ../src/helloworld.c'
'Invoking: ARM gcc compiler'
arm-xilinx-eabi-gcc -Wall -O0 -g3 -c -fmessage-length=0 -I../../system_bsp/ps7_cortexa9_0/include -MMD -MP -MF"src/helloworld.d" -MT"src/helloworld.d" -o "src/helloworld.o" "../src/helloworld.c"
../src/helloworld.c: In function 'main':
../src/helloworld.c:136:8: warning: unused variable 'send_buff' [-Wunused-variable]
'Finished building: ../src/helloworld.c'
' '
'Building target: p7_request_gps.elf'
'Invoking: ARM gcc linker'
arm-xilinx-eabi-gcc -Wl,-T -Wl,../src/lscript.ld -L../../system_bsp/ps7_cortexa9_0/lib -o "p7_request_gps.elf"  ./src/helloworld.o ./src/platform.o   -Wl,--start-group,-lxil,-lgcc,-lc,--end-group
'Finished building target: p7_request_gps.elf'
' '
'Invoking: ARM Print Size'
arm-xilinx-eabi-size p7_request_gps.elf  |tee "p7_request_gps.elf.size"
   text	   data	    bss	    dec	    hex	filename
  36176	   1176	  29860	  67212	  1068c	p7_request_gps.elf
'Finished building: p7_request_gps.elf.size'
' '
10:32:55 **** Auto Build of configuration Debug for project p7_request_gps ****
make all 
'Building file: ../src/helloworld.c'
'Invoking: ARM gcc compiler'
arm-xilinx-eabi-gcc -Wall -O0 -g3 -c -fmessage-length=0 -I../../system_bsp/ps7_cortexa9_0/include -MMD -MP -MF"src/helloworld.d" -MT"src/helloworld.d" -o "src/helloworld.o" "../src/helloworld.c"
../src/helloworld.c: In function 'main':
../src/helloworld.c:136:8: warning: unused variable 'send_buff' [-Wunused-variable]
'Finished building: ../src/helloworld.c'
' '
'Building target: p7_request_gps.elf'
'Invoking: ARM gcc linker'
arm-xilinx-eabi-gcc -Wl,-T -Wl,../src/lscript.ld -L../../system_bsp/ps7_cortexa9_0/lib -o "p7_request_gps.elf"  ./src/helloworld.o ./src/platform.o   -Wl,--start-group,-lxil,-lgcc,-lc,--end-group
'Finished building target: p7_request_gps.elf'
' '
'Invoking: ARM Print Size'
arm-xilinx-eabi-size p7_request_gps.elf  |tee "p7_request_gps.elf.size"
   text	   data	    bss	    dec	    hex	filename
  36168	   1176	  29860	  67204	  10684	p7_request_gps.elf
'Finished building: p7_request_gps.elf.size'
' '
10:32:57 **** Auto Build of configuration Debug for project p7_request_gps ****
make all 
'Building file: ../src/helloworld.c'
'Invoking: ARM gcc compiler'
arm-xilinx-eabi-gcc -Wall -O0 -g3 -c -fmessage-length=0 -I../../system_bsp/ps7_cortexa9_0/include -MMD -MP -MF"src/helloworld.d" -MT"src/helloworld.d" -o "src/helloworld.o" "../src/helloworld.c"
../src/helloworld.c: In function 'main':
../src/helloworld.c:136:8: warning: unused variable 'send_buff' [-Wunused-variable]
'Finished building: ../src/helloworld.c'
' '
'Building target: p7_request_gps.elf'
'Invoking: ARM gcc linker'
arm-xilinx-eabi-gcc -Wl,-T -Wl,../src/lscript.ld -L../../system_bsp/ps7_cortexa9_0/lib -o "p7_request_gps.elf"  ./src/helloworld.o ./src/platform.o   -Wl,--start-group,-lxil,-lgcc,-lc,--end-group
'Finished building target: p7_request_gps.elf'
' '
'Invoking: ARM Print Size'
arm-xilinx-eabi-size p7_request_gps.elf  |tee "p7_request_gps.elf.size"
   text	   data	    bss	    dec	    hex	filename
  36168	   1176	  29860	  67204	  10684	p7_request_gps.elf
'Finished building: p7_request_gps.elf.size'
' '
10:36:08 **** Incremental Build of configuration Debug for project p7_request_gps ****
make all 
make: Nothing to be done for `all'.
10:36:09 **** Incremental Build of configuration Debug for project p6_sensor_analysis ****
make all 
make: Nothing to be done for `all'.
10:36:09 **** Incremental Build of configuration Debug for project p5_PPM_BT_passthrough ****
make all 
make: Nothing to be done for `all'.
10:36:10 **** Incremental Build of configuration Debug for project p4_quad_commands ****
make all 
make: Nothing to be done for `all'.
10:36:11 **** Incremental Build of configuration Debug for project p3_UART0_test ****
make all 
make: Nothing to be done for `all'.
10:36:11 **** Incremental Build of configuration Debug for project p3_BT_configure ****
make all 
make: Nothing to be done for `all'.
10:36:31 **** Auto Build of configuration Debug for project p7_request_gps ****
make all 
'Building file: ../src/helloworld.c'
'Invoking: ARM gcc compiler'
arm-xilinx-eabi-gcc -Wall -O0 -g3 -c -fmessage-length=0 -I../../system_bsp/ps7_cortexa9_0/include -MMD -MP -MF"src/helloworld.d" -MT"src/helloworld.d" -o "src/helloworld.o" "../src/helloworld.c"
../src/helloworld.c: In function 'main':
../src/helloworld.c:136:8: warning: unused variable 'send_buff' [-Wunused-variable]
'Finished building: ../src/helloworld.c'
' '
'Building target: p7_request_gps.elf'
'Invoking: ARM gcc linker'
arm-xilinx-eabi-gcc -Wl,-T -Wl,../src/lscript.ld -L../../system_bsp/ps7_cortexa9_0/lib -o "p7_request_gps.elf"  ./src/helloworld.o ./src/platform.o   -Wl,--start-group,-lxil,-lgcc,-lc,--end-group
'Finished building target: p7_request_gps.elf'
' '
'Invoking: ARM Print Size'
arm-xilinx-eabi-size p7_request_gps.elf  |tee "p7_request_gps.elf.size"
   text	   data	    bss	    dec	    hex	filename
  36168	   1176	  29860	  67204	  10684	p7_request_gps.elf
'Finished building: p7_request_gps.elf.size'
' '
10:36:34 **** Incremental Build of configuration Debug for project p7_request_gps ****
make all 
make: Nothing to be done for `all'.
10:36:34 **** Incremental Build of configuration Debug for project p6_sensor_analysis ****
make all 
make: Nothing to be done for `all'.
10:36:35 **** Incremental Build of configuration Debug for project p5_PPM_BT_passthrough ****
make all 
make: Nothing to be done for `all'.
10:36:35 **** Incremental Build of configuration Debug for project p4_quad_commands ****
make all 
make: Nothing to be done for `all'.
10:36:36 **** Incremental Build of configuration Debug for project p3_UART0_test ****
make all 
make: Nothing to be done for `all'.
10:36:37 **** Incremental Build of configuration Debug for project p3_BT_configure ****
make all 
make: Nothing to be done for `all'.
10:43:21 **** Auto Build of configuration Debug for project p7_request_gps ****
make all 
'Building file: ../src/helloworld.c'
'Invoking: ARM gcc compiler'
arm-xilinx-eabi-gcc -Wall -O0 -g3 -c -fmessage-length=0 -I../../system_bsp/ps7_cortexa9_0/include -MMD -MP -MF"src/helloworld.d" -MT"src/helloworld.d" -o "src/helloworld.o" "../src/helloworld.c"
../src/helloworld.c: In function 'main':
../src/helloworld.c:137:8: warning: unused variable 'send_buff' [-Wunused-variable]
'Finished building: ../src/helloworld.c'
' '
'Building target: p7_request_gps.elf'
'Invoking: ARM gcc linker'
arm-xilinx-eabi-gcc -Wl,-T -Wl,../src/lscript.ld -L../../system_bsp/ps7_cortexa9_0/lib -o "p7_request_gps.elf"  ./src/helloworld.o ./src/platform.o   -Wl,--start-group,-lxil,-lgcc,-lc,--end-group
'Finished building target: p7_request_gps.elf'
' '
'Invoking: ARM Print Size'
arm-xilinx-eabi-size p7_request_gps.elf  |tee "p7_request_gps.elf.size"
   text	   data	    bss	    dec	    hex	filename
  36168	   1176	  29924	  67268	  106c4	p7_request_gps.elf
'Finished building: p7_request_gps.elf.size'
' '
10:44:08 **** Auto Build of configuration Debug for project p7_request_gps ****
make all 
'Building file: ../src/helloworld.c'
'Invoking: ARM gcc compiler'
arm-xilinx-eabi-gcc -Wall -O0 -g3 -c -fmessage-length=0 -I../../system_bsp/ps7_cortexa9_0/include -MMD -MP -MF"src/helloworld.d" -MT"src/helloworld.d" -o "src/helloworld.o" "../src/helloworld.c"
../src/helloworld.c: In function 'main':
../src/helloworld.c:137:8: warning: unused variable 'send_buff' [-Wunused-variable]
'Finished building: ../src/helloworld.c'
' '
'Building target: p7_request_gps.elf'
'Invoking: ARM gcc linker'
arm-xilinx-eabi-gcc -Wl,-T -Wl,../src/lscript.ld -L../../system_bsp/ps7_cortexa9_0/lib -o "p7_request_gps.elf"  ./src/helloworld.o ./src/platform.o   -Wl,--start-group,-lxil,-lgcc,-lc,--end-group
'Finished building target: p7_request_gps.elf'
' '
'Invoking: ARM Print Size'
arm-xilinx-eabi-size p7_request_gps.elf  |tee "p7_request_gps.elf.size"
   text	   data	    bss	    dec	    hex	filename
  36168	   1176	  29924	  67268	  106c4	p7_request_gps.elf
'Finished building: p7_request_gps.elf.size'
' '
10:45:12 **** Auto Build of project system_bsp ****
make -k all 
'Finished building libraries'
10:45:13 **** Auto Build of configuration Debug for project p7_request_gps ****
make all 
make: Nothing to be done for `all'.
10:45:13 **** Auto Build of configuration Debug for project p6_sensor_analysis ****
make all 
make: Nothing to be done for `all'.
10:45:13 **** Auto Build of configuration Debug for project p5_PPM_BT_passthrough ****
make all 
make: Nothing to be done for `all'.
10:45:14 **** Auto Build of configuration Debug for project p4_quad_commands ****
make all 
make: Nothing to be done for `all'.
10:45:14 **** Auto Build of configuration Debug for project p3_UART0_test ****
make all 
make: Nothing to be done for `all'.
10:45:14 **** Auto Build of configuration Debug for project p3_BT_configure ****
make all 
make: Nothing to be done for `all'.
10:45:49 **** Auto Build of configuration Debug for project p7_request_gps ****
make all 
'Building file: ../src/helloworld.c'
'Invoking: ARM gcc compiler'
arm-xilinx-eabi-gcc -Wall -O0 -g3 -c -fmessage-length=0 -I../../system_bsp/ps7_cortexa9_0/include -MMD -MP -MF"src/helloworld.d" -MT"src/helloworld.d" -o "src/helloworld.o" "../src/helloworld.c"
../src/helloworld.c: In function 'main':
../src/helloworld.c:137:8: warning: unused variable 'send_buff' [-Wunused-variable]
'Finished building: ../src/helloworld.c'
' '
'Building target: p7_request_gps.elf'
'Invoking: ARM gcc linker'
arm-xilinx-eabi-gcc -Wl,-T -Wl,../src/lscript.ld -L../../system_bsp/ps7_cortexa9_0/lib -o "p7_request_gps.elf"  ./src/helloworld.o ./src/platform.o   -Wl,--start-group,-lxil,-lgcc,-lc,--end-group
'Finished building target: p7_request_gps.elf'
' '
'Invoking: ARM Print Size'
arm-xilinx-eabi-size p7_request_gps.elf  |tee "p7_request_gps.elf.size"
   text	   data	    bss	    dec	    hex	filename
  36372	   1176	  29924	  67472	  10790	p7_request_gps.elf
'Finished building: p7_request_gps.elf.size'
' '
10:46:04 **** Auto Build of configuration Debug for project p7_request_gps ****
make all 
'Building file: ../src/helloworld.c'
'Invoking: ARM gcc compiler'
arm-xilinx-eabi-gcc -Wall -O0 -g3 -c -fmessage-length=0 -I../../system_bsp/ps7_cortexa9_0/include -MMD -MP -MF"src/helloworld.d" -MT"src/helloworld.d" -o "src/helloworld.o" "../src/helloworld.c"
../src/helloworld.c: In function 'main':
../src/helloworld.c:137:8: warning: unused variable 'send_buff' [-Wunused-variable]
'Finished building: ../src/helloworld.c'
' '
'Building target: p7_request_gps.elf'
'Invoking: ARM gcc linker'
arm-xilinx-eabi-gcc -Wl,-T -Wl,../src/lscript.ld -L../../system_bsp/ps7_cortexa9_0/lib -o "p7_request_gps.elf"  ./src/helloworld.o ./src/platform.o   -Wl,--start-group,-lxil,-lgcc,-lc,--end-group
'Finished building target: p7_request_gps.elf'
' '
'Invoking: ARM Print Size'
arm-xilinx-eabi-size p7_request_gps.elf  |tee "p7_request_gps.elf.size"
   text	   data	    bss	    dec	    hex	filename
  36372	   1176	  29924	  67472	  10790	p7_request_gps.elf
'Finished building: p7_request_gps.elf.size'
' '
10:46:08 **** Auto Build of configuration Debug for project p7_request_gps ****
make all 
'Building file: ../src/helloworld.c'
'Invoking: ARM gcc compiler'
arm-xilinx-eabi-gcc -Wall -O0 -g3 -c -fmessage-length=0 -I../../system_bsp/ps7_cortexa9_0/include -MMD -MP -MF"src/helloworld.d" -MT"src/helloworld.d" -o "src/helloworld.o" "../src/helloworld.c"
../src/helloworld.c: In function 'main':
../src/helloworld.c:137:8: warning: unused variable 'send_buff' [-Wunused-variable]
'Finished building: ../src/helloworld.c'
' '
'Building target: p7_request_gps.elf'
'Invoking: ARM gcc linker'
arm-xilinx-eabi-gcc -Wl,-T -Wl,../src/lscript.ld -L../../system_bsp/ps7_cortexa9_0/lib -o "p7_request_gps.elf"  ./src/helloworld.o ./src/platform.o   -Wl,--start-group,-lxil,-lgcc,-lc,--end-group
'Finished building target: p7_request_gps.elf'
' '
'Invoking: ARM Print Size'
arm-xilinx-eabi-size p7_request_gps.elf  |tee "p7_request_gps.elf.size"
   text	   data	    bss	    dec	    hex	filename
  36372	   1176	  29924	  67472	  10790	p7_request_gps.elf
'Finished building: p7_request_gps.elf.size'
' '
10:46:14 **** Auto Build of configuration Debug for project p7_request_gps ****
make all 
'Building file: ../src/helloworld.c'
'Invoking: ARM gcc compiler'
arm-xilinx-eabi-gcc -Wall -O0 -g3 -c -fmessage-length=0 -I../../system_bsp/ps7_cortexa9_0/include -MMD -MP -MF"src/helloworld.d" -MT"src/helloworld.d" -o "src/helloworld.o" "../src/helloworld.c"
../src/helloworld.c: In function 'main':
../src/helloworld.c:137:8: warning: unused variable 'send_buff' [-Wunused-variable]
'Finished building: ../src/helloworld.c'
' '
'Building target: p7_request_gps.elf'
'Invoking: ARM gcc linker'
arm-xilinx-eabi-gcc -Wl,-T -Wl,../src/lscript.ld -L../../system_bsp/ps7_cortexa9_0/lib -o "p7_request_gps.elf"  ./src/helloworld.o ./src/platform.o   -Wl,--start-group,-lxil,-lgcc,-lc,--end-group
'Finished building target: p7_request_gps.elf'
' '
'Invoking: ARM Print Size'
arm-xilinx-eabi-size p7_request_gps.elf  |tee "p7_request_gps.elf.size"
   text	   data	    bss	    dec	    hex	filename
  36348	   1176	  29924	  67448	  10778	p7_request_gps.elf
'Finished building: p7_request_gps.elf.size'
' '
10:46:38 **** Auto Build of configuration Debug for project p7_request_gps ****
make all 
'Building file: ../src/helloworld.c'
'Invoking: ARM gcc compiler'
arm-xilinx-eabi-gcc -Wall -O0 -g3 -c -fmessage-length=0 -I../../system_bsp/ps7_cortexa9_0/include -MMD -MP -MF"src/helloworld.d" -MT"src/helloworld.d" -o "src/helloworld.o" "../src/helloworld.c"
../src/helloworld.c: In function 'main':
../src/helloworld.c:140:5: warning: implicit declaration of function 'init_server_uart' [-Wimplicit-function-declaration]
../src/helloworld.c:137:8: warning: unused variable 'send_buff' [-Wunused-variable]
'Finished building: ../src/helloworld.c'
' '
'Building target: p7_request_gps.elf'
'Invoking: ARM gcc linker'
arm-xilinx-eabi-gcc -Wl,-T -Wl,../src/lscript.ld -L../../system_bsp/ps7_cortexa9_0/lib -o "p7_request_gps.elf"  ./src/helloworld.o ./src/platform.o   -Wl,--start-group,-lxil,-lgcc,-lc,--end-group
'Finished building target: p7_request_gps.elf'
' '
'Invoking: ARM Print Size'
arm-xilinx-eabi-size p7_request_gps.elf  |tee "p7_request_gps.elf.size"
   text	   data	    bss	    dec	    hex	filename
  36348	   1176	  29924	  67448	  10778	p7_request_gps.elf
'Finished building: p7_request_gps.elf.size'
' '
10:47:52 **** Auto Build of configuration Debug for project p7_request_gps ****
make all 
'Building file: ../src/helloworld.c'
'Invoking: ARM gcc compiler'
arm-xilinx-eabi-gcc -Wall -O0 -g3 -c -fmessage-length=0 -I../../system_bsp/ps7_cortexa9_0/include -MMD -MP -MF"src/helloworld.d" -MT"src/helloworld.d" -o "src/helloworld.o" "../src/helloworld.c"
../src/helloworld.c: In function 'main':
../src/helloworld.c:141:5: warning: implicit declaration of function 'init_server_uart' [-Wimplicit-function-declaration]
../src/helloworld.c:138:8: warning: unused variable 'send_buff' [-Wunused-variable]
'Finished building: ../src/helloworld.c'
' '
'Building target: p7_request_gps.elf'
'Invoking: ARM gcc linker'
arm-xilinx-eabi-gcc -Wl,-T -Wl,../src/lscript.ld -L../../system_bsp/ps7_cortexa9_0/lib -o "p7_request_gps.elf"  ./src/helloworld.o ./src/platform.o   -Wl,--start-group,-lxil,-lgcc,-lc,--end-group
'Finished building target: p7_request_gps.elf'
' '
'Invoking: ARM Print Size'
arm-xilinx-eabi-size p7_request_gps.elf  |tee "p7_request_gps.elf.size"
   text	   data	    bss	    dec	    hex	filename
  36348	   1176	  29924	  67448	  10778	p7_request_gps.elf
'Finished building: p7_request_gps.elf.size'
' '
10:48:02 **** Auto Build of configuration Debug for project p7_request_gps ****
make all 
'Building file: ../src/helloworld.c'
'Invoking: ARM gcc compiler'
arm-xilinx-eabi-gcc -Wall -O0 -g3 -c -fmessage-length=0 -I../../system_bsp/ps7_cortexa9_0/include -MMD -MP -MF"src/helloworld.d" -MT"src/helloworld.d" -o "src/helloworld.o" "../src/helloworld.c"
../src/helloworld.c: In function 'main':
../src/helloworld.c:138:8: warning: unused variable 'send_buff' [-Wunused-variable]
'Finished building: ../src/helloworld.c'
' '
'Building target: p7_request_gps.elf'
'Invoking: ARM gcc linker'
arm-xilinx-eabi-gcc -Wl,-T -Wl,../src/lscript.ld -L../../system_bsp/ps7_cortexa9_0/lib -o "p7_request_gps.elf"  ./src/helloworld.o ./src/platform.o   -Wl,--start-group,-lxil,-lgcc,-lc,--end-group
'Finished building target: p7_request_gps.elf'
' '
'Invoking: ARM Print Size'
arm-xilinx-eabi-size p7_request_gps.elf  |tee "p7_request_gps.elf.size"
   text	   data	    bss	    dec	    hex	filename
  36348	   1176	  29924	  67448	  10778	p7_request_gps.elf
'Finished building: p7_request_gps.elf.size'
' '
10:48:55 **** Auto Build of configuration Debug for project p7_request_gps ****
make all 
'Building file: ../src/helloworld.c'
'Invoking: ARM gcc compiler'
arm-xilinx-eabi-gcc -Wall -O0 -g3 -c -fmessage-length=0 -I../../system_bsp/ps7_cortexa9_0/include -MMD -MP -MF"src/helloworld.d" -MT"src/helloworld.d" -o "src/helloworld.o" "../src/helloworld.c"
../src/helloworld.c: In function 'main':
../src/helloworld.c:137:8: warning: unused variable 'send_buff' [-Wunused-variable]
'Finished building: ../src/helloworld.c'
' '
'Building target: p7_request_gps.elf'
'Invoking: ARM gcc linker'
arm-xilinx-eabi-gcc -Wl,-T -Wl,../src/lscript.ld -L../../system_bsp/ps7_cortexa9_0/lib -o "p7_request_gps.elf"  ./src/helloworld.o ./src/platform.o   -Wl,--start-group,-lxil,-lgcc,-lc,--end-group
'Finished building target: p7_request_gps.elf'
' '
'Invoking: ARM Print Size'
arm-xilinx-eabi-size p7_request_gps.elf  |tee "p7_request_gps.elf.size"
   text	   data	    bss	    dec	    hex	filename
  36348	   1176	  29924	  67448	  10778	p7_request_gps.elf
'Finished building: p7_request_gps.elf.size'
' '
10:50:31 **** Auto Build of configuration Debug for project p7_request_gps ****
make all 
'Building file: ../src/helloworld.c'
'Invoking: ARM gcc compiler'
arm-xilinx-eabi-gcc -Wall -O0 -g3 -c -fmessage-length=0 -I../../system_bsp/ps7_cortexa9_0/include -MMD -MP -MF"src/helloworld.d" -MT"src/helloworld.d" -o "src/helloworld.o" "../src/helloworld.c"
../src/helloworld.c: In function 'main':
../src/helloworld.c:151:6: warning: pointer targets in passing argument 2 of 'uart0_sendBuffer' differ in signedness [-Wpointer-sign]
../src/helloworld.c:101:5: note: expected 'u8 *' but argument is of type 'char *'
../src/helloworld.c:153:6: error: expected ';' before 'sleep'
../src/helloworld.c:137:8: warning: unused variable 'send_buff' [-Wunused-variable]
make: *** [src/helloworld.o] Error 1
10:50:50 **** Auto Build of configuration Debug for project p7_request_gps ****
make all 
'Building file: ../src/helloworld.c'
'Invoking: ARM gcc compiler'
arm-xilinx-eabi-gcc -Wall -O0 -g3 -c -fmessage-length=0 -I../../system_bsp/ps7_cortexa9_0/include -MMD -MP -MF"src/helloworld.d" -MT"src/helloworld.d" -o "src/helloworld.o" "../src/helloworld.c"
../src/helloworld.c: In function 'main':
../src/helloworld.c:151:6: warning: pointer targets in passing argument 2 of 'uart0_sendBuffer' differ in signedness [-Wpointer-sign]
../src/helloworld.c:101:5: note: expected 'u8 *' but argument is of type 'char *'
../src/helloworld.c:137:8: warning: unused variable 'send_buff' [-Wunused-variable]
'Finished building: ../src/helloworld.c'
' '
'Building target: p7_request_gps.elf'
'Invoking: ARM gcc linker'
arm-xilinx-eabi-gcc -Wl,-T -Wl,../src/lscript.ld -L../../system_bsp/ps7_cortexa9_0/lib -o "p7_request_gps.elf"  ./src/helloworld.o ./src/platform.o   -Wl,--start-group,-lxil,-lgcc,-lc,--end-group
'Finished building target: p7_request_gps.elf'
' '
'Invoking: ARM Print Size'
arm-xilinx-eabi-size p7_request_gps.elf  |tee "p7_request_gps.elf.size"
   text	   data	    bss	    dec	    hex	filename
  36392	   1176	  29924	  67492	  107a4	p7_request_gps.elf
'Finished building: p7_request_gps.elf.size'
' '
10:51:34 **** Auto Build of configuration Debug for project p7_request_gps ****
make all 
'Building file: ../src/helloworld.c'
'Invoking: ARM gcc compiler'
arm-xilinx-eabi-gcc -Wall -O0 -g3 -c -fmessage-length=0 -I../../system_bsp/ps7_cortexa9_0/include -MMD -MP -MF"src/helloworld.d" -MT"src/helloworld.d" -o "src/helloworld.o" "../src/helloworld.c"
../src/helloworld.c: In function 'main':
../src/helloworld.c:151:6: warning: pointer targets in passing argument 2 of 'uart0_sendBuffer' differ in signedness [-Wpointer-sign]
../src/helloworld.c:101:5: note: expected 'u8 *' but argument is of type 'char *'
../src/helloworld.c:137:8: warning: unused variable 'send_buff' [-Wunused-variable]
'Finished building: ../src/helloworld.c'
' '
'Building target: p7_request_gps.elf'
'Invoking: ARM gcc linker'
arm-xilinx-eabi-gcc -Wl,-T -Wl,../src/lscript.ld -L../../system_bsp/ps7_cortexa9_0/lib -o "p7_request_gps.elf"  ./src/helloworld.o ./src/platform.o   -Wl,--start-group,-lxil,-lgcc,-lc,--end-group
'Finished building target: p7_request_gps.elf'
' '
'Invoking: ARM Print Size'
arm-xilinx-eabi-size p7_request_gps.elf  |tee "p7_request_gps.elf.size"
   text	   data	    bss	    dec	    hex	filename
  36416	   1176	  29924	  67516	  107bc	p7_request_gps.elf
'Finished building: p7_request_gps.elf.size'
' '
10:51:44 **** Auto Build of configuration Debug for project p7_request_gps ****
make all 
'Building file: ../src/helloworld.c'
'Invoking: ARM gcc compiler'
arm-xilinx-eabi-gcc -Wall -O0 -g3 -c -fmessage-length=0 -I../../system_bsp/ps7_cortexa9_0/include -MMD -MP -MF"src/helloworld.d" -MT"src/helloworld.d" -o "src/helloworld.o" "../src/helloworld.c"
../src/helloworld.c: In function 'main':
../src/helloworld.c:137:8: warning: unused variable 'send_buff' [-Wunused-variable]
'Finished building: ../src/helloworld.c'
' '
'Building target: p7_request_gps.elf'
'Invoking: ARM gcc linker'
arm-xilinx-eabi-gcc -Wl,-T -Wl,../src/lscript.ld -L../../system_bsp/ps7_cortexa9_0/lib -o "p7_request_gps.elf"  ./src/helloworld.o ./src/platform.o   -Wl,--start-group,-lxil,-lgcc,-lc,--end-group
'Finished building target: p7_request_gps.elf'
' '
'Invoking: ARM Print Size'
arm-xilinx-eabi-size p7_request_gps.elf  |tee "p7_request_gps.elf.size"
   text	   data	    bss	    dec	    hex	filename
  36416	   1176	  29924	  67516	  107bc	p7_request_gps.elf
'Finished building: p7_request_gps.elf.size'
' '
10:51:48 **** Incremental Build of configuration Debug for project p7_request_gps ****
make all 
make: Nothing to be done for `all'.
10:51:49 **** Incremental Build of configuration Debug for project p6_sensor_analysis ****
make all 
make: Nothing to be done for `all'.
10:51:50 **** Incremental Build of configuration Debug for project p5_PPM_BT_passthrough ****
make all 
make: Nothing to be done for `all'.
10:51:51 **** Incremental Build of configuration Debug for project p4_quad_commands ****
make all 
make: Nothing to be done for `all'.
10:51:52 **** Incremental Build of configuration Debug for project p3_UART0_test ****
make all 
make: Nothing to be done for `all'.
10:51:53 **** Incremental Build of configuration Debug for project p3_BT_configure ****
make all 
make: Nothing to be done for `all'.
10:53:26 **** Auto Build of configuration Debug for project p7_request_gps ****
make all 
'Building file: ../src/helloworld.c'
'Invoking: ARM gcc compiler'
arm-xilinx-eabi-gcc -Wall -O0 -g3 -c -fmessage-length=0 -I../../system_bsp/ps7_cortexa9_0/include -MMD -MP -MF"src/helloworld.d" -MT"src/helloworld.d" -o "src/helloworld.o" "../src/helloworld.c"
../src/helloworld.c: In function 'main':
../src/helloworld.c:137:8: warning: unused variable 'send_buff' [-Wunused-variable]
'Finished building: ../src/helloworld.c'
' '
'Building target: p7_request_gps.elf'
'Invoking: ARM gcc linker'
arm-xilinx-eabi-gcc -Wl,-T -Wl,../src/lscript.ld -L../../system_bsp/ps7_cortexa9_0/lib -o "p7_request_gps.elf"  ./src/helloworld.o ./src/platform.o   -Wl,--start-group,-lxil,-lgcc,-lc,--end-group
'Finished building target: p7_request_gps.elf'
' '
'Invoking: ARM Print Size'
arm-xilinx-eabi-size p7_request_gps.elf  |tee "p7_request_gps.elf.size"
   text	   data	    bss	    dec	    hex	filename
  36416	   1176	  29924	  67516	  107bc	p7_request_gps.elf
'Finished building: p7_request_gps.elf.size'
' '
10:54:34 **** Incremental Build of configuration Debug for project p7_request_gps ****
make all 
make: Nothing to be done for `all'.
10:54:34 **** Incremental Build of configuration Debug for project p6_sensor_analysis ****
make all 
make: Nothing to be done for `all'.
10:54:35 **** Incremental Build of configuration Debug for project p5_PPM_BT_passthrough ****
make all 
make: Nothing to be done for `all'.
10:54:35 **** Incremental Build of configuration Debug for project p4_quad_commands ****
make all 
make: Nothing to be done for `all'.
10:54:36 **** Incremental Build of configuration Debug for project p3_UART0_test ****
make all 
make: Nothing to be done for `all'.
10:54:37 **** Incremental Build of configuration Debug for project p3_BT_configure ****
make all 
make: Nothing to be done for `all'.
10:55:54 **** Auto Build of configuration Debug for project p7_request_gps ****
make all 
'Building file: ../src/helloworld.c'
'Invoking: ARM gcc compiler'
arm-xilinx-eabi-gcc -Wall -O0 -g3 -c -fmessage-length=0 -I../../system_bsp/ps7_cortexa9_0/include -MMD -MP -MF"src/helloworld.d" -MT"src/helloworld.d" -o "src/helloworld.o" "../src/helloworld.c"
'Finished building: ../src/helloworld.c'
' '
'Building target: p7_request_gps.elf'
'Invoking: ARM gcc linker'
arm-xilinx-eabi-gcc -Wl,-T -Wl,../src/lscript.ld -L../../system_bsp/ps7_cortexa9_0/lib -o "p7_request_gps.elf"  ./src/helloworld.o ./src/platform.o   -Wl,--start-group,-lxil,-lgcc,-lc,--end-group
'Finished building target: p7_request_gps.elf'
' '
'Invoking: ARM Print Size'
arm-xilinx-eabi-size p7_request_gps.elf  |tee "p7_request_gps.elf.size"
   text	   data	    bss	    dec	    hex	filename
  36276	   1176	  29924	  67376	  10730	p7_request_gps.elf
'Finished building: p7_request_gps.elf.size'
' '
10:56:00 **** Auto Build of configuration Debug for project p7_request_gps ****
make all 
'Building file: ../src/helloworld.c'
'Invoking: ARM gcc compiler'
arm-xilinx-eabi-gcc -Wall -O0 -g3 -c -fmessage-length=0 -I../../system_bsp/ps7_cortexa9_0/include -MMD -MP -MF"src/helloworld.d" -MT"src/helloworld.d" -o "src/helloworld.o" "../src/helloworld.c"
'Finished building: ../src/helloworld.c'
' '
'Building target: p7_request_gps.elf'
'Invoking: ARM gcc linker'
arm-xilinx-eabi-gcc -Wl,-T -Wl,../src/lscript.ld -L../../system_bsp/ps7_cortexa9_0/lib -o "p7_request_gps.elf"  ./src/helloworld.o ./src/platform.o   -Wl,--start-group,-lxil,-lgcc,-lc,--end-group
'Finished building target: p7_request_gps.elf'
' '
'Invoking: ARM Print Size'
arm-xilinx-eabi-size p7_request_gps.elf  |tee "p7_request_gps.elf.size"
   text	   data	    bss	    dec	    hex	filename
  36276	   1176	  29924	  67376	  10730	p7_request_gps.elf
'Finished building: p7_request_gps.elf.size'
' '
10:56:06 **** Incremental Build of configuration Debug for project p7_request_gps ****
make all 
make: Nothing to be done for `all'.
10:56:06 **** Incremental Build of configuration Debug for project p6_sensor_analysis ****
make all 
make: Nothing to be done for `all'.
10:56:07 **** Incremental Build of configuration Debug for project p5_PPM_BT_passthrough ****
make all 
make: Nothing to be done for `all'.
10:56:07 **** Incremental Build of configuration Debug for project p4_quad_commands ****
make all 
make: Nothing to be done for `all'.
10:56:08 **** Incremental Build of configuration Debug for project p3_UART0_test ****
make all 
make: Nothing to be done for `all'.
10:56:09 **** Incremental Build of configuration Debug for project p3_BT_configure ****
make all 
make: Nothing to be done for `all'.
10:58:06 **** Auto Build of configuration Debug for project p7_request_gps ****
make all 
'Building file: ../src/helloworld.c'
'Invoking: ARM gcc compiler'
arm-xilinx-eabi-gcc -Wall -O0 -g3 -c -fmessage-length=0 -I../../system_bsp/ps7_cortexa9_0/include -MMD -MP -MF"src/helloworld.d" -MT"src/helloworld.d" -o "src/helloworld.o" "../src/helloworld.c"
'Finished building: ../src/helloworld.c'
' '
'Building target: p7_request_gps.elf'
'Invoking: ARM gcc linker'
arm-xilinx-eabi-gcc -Wl,-T -Wl,../src/lscript.ld -L../../system_bsp/ps7_cortexa9_0/lib -o "p7_request_gps.elf"  ./src/helloworld.o ./src/platform.o   -Wl,--start-group,-lxil,-lgcc,-lc,--end-group
'Finished building target: p7_request_gps.elf'
' '
'Invoking: ARM Print Size'
arm-xilinx-eabi-size p7_request_gps.elf  |tee "p7_request_gps.elf.size"
   text	   data	    bss	    dec	    hex	filename
  36268	   1176	  29924	  67368	  10728	p7_request_gps.elf
'Finished building: p7_request_gps.elf.size'
' '
10:58:19 **** Incremental Build of configuration Debug for project p7_request_gps ****
make all 
make: Nothing to be done for `all'.
10:58:20 **** Incremental Build of configuration Debug for project p6_sensor_analysis ****
make all 
make: Nothing to be done for `all'.
10:58:21 **** Incremental Build of configuration Debug for project p5_PPM_BT_passthrough ****
make all 
make: Nothing to be done for `all'.
10:58:22 **** Incremental Build of configuration Debug for project p4_quad_commands ****
make all 
make: Nothing to be done for `all'.
10:58:23 **** Incremental Build of configuration Debug for project p3_UART0_test ****
make all 
make: Nothing to be done for `all'.
10:58:25 **** Incremental Build of configuration Debug for project p3_BT_configure ****
make all 
make: Nothing to be done for `all'.
10:59:08 **** Incremental Build of configuration Debug for project p7_request_gps ****
make all 
make: Nothing to be done for `all'.
10:59:09 **** Incremental Build of configuration Debug for project p6_sensor_analysis ****
make all 
make: Nothing to be done for `all'.
10:59:09 **** Incremental Build of configuration Debug for project p5_PPM_BT_passthrough ****
make all 
make: Nothing to be done for `all'.
10:59:10 **** Incremental Build of configuration Debug for project p4_quad_commands ****
make all 
make: Nothing to be done for `all'.
10:59:10 **** Incremental Build of configuration Debug for project p3_UART0_test ****
make all 
make: Nothing to be done for `all'.
10:59:11 **** Incremental Build of configuration Debug for project p3_BT_configure ****
make all 
make: Nothing to be done for `all'.
11:01:08 **** Incremental Build of configuration Debug for project p7_request_gps ****
make all 
make: Nothing to be done for `all'.
11:01:10 **** Incremental Build of configuration Debug for project p6_sensor_analysis ****
make all 
make: Nothing to be done for `all'.
11:01:11 **** Incremental Build of configuration Debug for project p5_PPM_BT_passthrough ****
make all 
make: Nothing to be done for `all'.
11:01:12 **** Incremental Build of configuration Debug for project p4_quad_commands ****
make all 
make: Nothing to be done for `all'.
11:01:13 **** Incremental Build of configuration Debug for project p3_UART0_test ****
make all 
make: Nothing to be done for `all'.
11:01:13 **** Incremental Build of configuration Debug for project p3_BT_configure ****
make all 
make: Nothing to be done for `all'.
11:02:17 **** Incremental Build of configuration Debug for project p7_request_gps ****
make all 
make: Nothing to be done for `all'.
11:02:20 **** Incremental Build of configuration Debug for project p6_sensor_analysis ****
make all 
make: Nothing to be done for `all'.
11:02:21 **** Incremental Build of configuration Debug for project p5_PPM_BT_passthrough ****
make all 
make: Nothing to be done for `all'.
11:02:22 **** Incremental Build of configuration Debug for project p4_quad_commands ****
make all 
make: Nothing to be done for `all'.
11:02:22 **** Incremental Build of configuration Debug for project p3_UART0_test ****
make all 
make: Nothing to be done for `all'.
11:02:23 **** Incremental Build of configuration Debug for project p3_BT_configure ****
make all 
make: Nothing to be done for `all'.
11:03:16 **** Incremental Build of configuration Debug for project p7_request_gps ****
make all 
make: Nothing to be done for `all'.
11:03:17 **** Incremental Build of configuration Debug for project p6_sensor_analysis ****
make all 
make: Nothing to be done for `all'.
11:03:18 **** Incremental Build of configuration Debug for project p5_PPM_BT_passthrough ****
make all 
make: Nothing to be done for `all'.
11:03:18 **** Incremental Build of configuration Debug for project p4_quad_commands ****
make all 
make: Nothing to be done for `all'.
11:03:19 **** Incremental Build of configuration Debug for project p3_UART0_test ****
make all 
make: Nothing to be done for `all'.
11:03:20 **** Incremental Build of configuration Debug for project p3_BT_configure ****
make all 
make: Nothing to be done for `all'.
11:08:26 **** Auto Build of configuration Debug for project p7_request_gps ****
make all 
'Building file: ../src/helloworld.c'
'Invoking: ARM gcc compiler'
arm-xilinx-eabi-gcc -Wall -O0 -g3 -c -fmessage-length=0 -I../../system_bsp/ps7_cortexa9_0/include -MMD -MP -MF"src/helloworld.d" -MT"src/helloworld.d" -o "src/helloworld.o" "../src/helloworld.c"
'Finished building: ../src/helloworld.c'
' '
'Building target: p7_request_gps.elf'
'Invoking: ARM gcc linker'
arm-xilinx-eabi-gcc -Wl,-T -Wl,../src/lscript.ld -L../../system_bsp/ps7_cortexa9_0/lib -o "p7_request_gps.elf"  ./src/helloworld.o ./src/platform.o   -Wl,--start-group,-lxil,-lgcc,-lc,--end-group
'Finished building target: p7_request_gps.elf'
' '
'Invoking: ARM Print Size'
arm-xilinx-eabi-size p7_request_gps.elf  |tee "p7_request_gps.elf.size"
   text	   data	    bss	    dec	    hex	filename
  36276	   1176	  29924	  67376	  10730	p7_request_gps.elf
'Finished building: p7_request_gps.elf.size'
' '
11:08:31 **** Auto Build of configuration Debug for project p7_request_gps ****
make all 
'Building file: ../src/helloworld.c'
'Invoking: ARM gcc compiler'
arm-xilinx-eabi-gcc -Wall -O0 -g3 -c -fmessage-length=0 -I../../system_bsp/ps7_cortexa9_0/include -MMD -MP -MF"src/helloworld.d" -MT"src/helloworld.d" -o "src/helloworld.o" "../src/helloworld.c"
../src/helloworld.c: In function 'main':
../src/helloworld.c:135:5: warning: implicit declaration of function 'tf' [-Wimplicit-function-declaration]
'Finished building: ../src/helloworld.c'
' '
'Building target: p7_request_gps.elf'
'Invoking: ARM gcc linker'
arm-xilinx-eabi-gcc -Wl,-T -Wl,../src/lscript.ld -L../../system_bsp/ps7_cortexa9_0/lib -o "p7_request_gps.elf"  ./src/helloworld.o ./src/platform.o   -Wl,--start-group,-lxil,-lgcc,-lc,--end-group
./src/helloworld.o: In function `main':
U:\Documents\cpre488mp4\sw\p7_request_gps\Debug/../src/helloworld.c:135: undefined reference to `tf'
collect2.exe: error: ld returned 1 exit status
make: *** [p7_request_gps.elf] Error 1
11:08:38 **** Auto Build of configuration Debug for project p7_request_gps ****
make all 
'Building file: ../src/helloworld.c'
'Invoking: ARM gcc compiler'
arm-xilinx-eabi-gcc -Wall -O0 -g3 -c -fmessage-length=0 -I../../system_bsp/ps7_cortexa9_0/include -MMD -MP -MF"src/helloworld.d" -MT"src/helloworld.d" -o "src/helloworld.o" "../src/helloworld.c"
'Finished building: ../src/helloworld.c'
' '
'Building target: p7_request_gps.elf'
'Invoking: ARM gcc linker'
arm-xilinx-eabi-gcc -Wl,-T -Wl,../src/lscript.ld -L../../system_bsp/ps7_cortexa9_0/lib -o "p7_request_gps.elf"  ./src/helloworld.o ./src/platform.o   -Wl,--start-group,-lxil,-lgcc,-lc,--end-group
'Finished building target: p7_request_gps.elf'
' '
'Invoking: ARM Print Size'
arm-xilinx-eabi-size p7_request_gps.elf  |tee "p7_request_gps.elf.size"
   text	   data	    bss	    dec	    hex	filename
  36216	   1176	  29924	  67316	  106f4	p7_request_gps.elf
'Finished building: p7_request_gps.elf.size'
' '
11:09:51 **** Auto Build of configuration Debug for project p7_request_gps ****
make all 
'Building file: ../src/helloworld.c'
'Invoking: ARM gcc compiler'
arm-xilinx-eabi-gcc -Wall -O0 -g3 -c -fmessage-length=0 -I../../system_bsp/ps7_cortexa9_0/include -MMD -MP -MF"src/helloworld.d" -MT"src/helloworld.d" -o "src/helloworld.o" "../src/helloworld.c"
'Finished building: ../src/helloworld.c'
' '
'Building target: p7_request_gps.elf'
'Invoking: ARM gcc linker'
arm-xilinx-eabi-gcc -Wl,-T -Wl,../src/lscript.ld -L../../system_bsp/ps7_cortexa9_0/lib -o "p7_request_gps.elf"  ./src/helloworld.o ./src/platform.o   -Wl,--start-group,-lxil,-lgcc,-lc,--end-group
'Finished building target: p7_request_gps.elf'
' '
'Invoking: ARM Print Size'
arm-xilinx-eabi-size p7_request_gps.elf  |tee "p7_request_gps.elf.size"
   text	   data	    bss	    dec	    hex	filename
  36272	   1176	  33924	  71372	  116cc	p7_request_gps.elf
'Finished building: p7_request_gps.elf.size'
' '
11:11:23 **** Auto Build of configuration Debug for project p7_request_gps ****
make all 
'Building file: ../src/helloworld.c'
'Invoking: ARM gcc compiler'
arm-xilinx-eabi-gcc -Wall -O0 -g3 -c -fmessage-length=0 -I../../system_bsp/ps7_cortexa9_0/include -MMD -MP -MF"src/helloworld.d" -MT"src/helloworld.d" -o "src/helloworld.o" "../src/helloworld.c"
../src/helloworld.c: In function 'main':
../src/helloworld.c:140:6: error: 'for' loop initial declarations are only allowed in C99 mode
../src/helloworld.c:140:6: note: use option -std=c99 or -std=gnu99 to compile your code
make: *** [src/helloworld.o] Error 1
11:11:40 **** Auto Build of configuration Debug for project p7_request_gps ****
make all 
'Building file: ../src/helloworld.c'
'Invoking: ARM gcc compiler'
arm-xilinx-eabi-gcc -Wall -O0 -g3 -c -fmessage-length=0 -I../../system_bsp/ps7_cortexa9_0/include -MMD -MP -MF"src/helloworld.d" -MT"src/helloworld.d" -o "src/helloworld.o" "../src/helloworld.c"
'Finished building: ../src/helloworld.c'
' '
'Building target: p7_request_gps.elf'
'Invoking: ARM gcc linker'
arm-xilinx-eabi-gcc -Wl,-T -Wl,../src/lscript.ld -L../../system_bsp/ps7_cortexa9_0/lib -o "p7_request_gps.elf"  ./src/helloworld.o ./src/platform.o   -Wl,--start-group,-lxil,-lgcc,-lc,--end-group
'Finished building target: p7_request_gps.elf'
' '
'Invoking: ARM Print Size'
arm-xilinx-eabi-size p7_request_gps.elf  |tee "p7_request_gps.elf.size"
   text	   data	    bss	    dec	    hex	filename
  36304	   2176	  29924	  68404	  10b34	p7_request_gps.elf
'Finished building: p7_request_gps.elf.size'
' '
11:11:44 **** Auto Build of configuration Debug for project p7_request_gps ****
make all 
'Building file: ../src/helloworld.c'
'Invoking: ARM gcc compiler'
arm-xilinx-eabi-gcc -Wall -O0 -g3 -c -fmessage-length=0 -I../../system_bsp/ps7_cortexa9_0/include -MMD -MP -MF"src/helloworld.d" -MT"src/helloworld.d" -o "src/helloworld.o" "../src/helloworld.c"
'Finished building: ../src/helloworld.c'
' '
'Building target: p7_request_gps.elf'
'Invoking: ARM gcc linker'
arm-xilinx-eabi-gcc -Wl,-T -Wl,../src/lscript.ld -L../../system_bsp/ps7_cortexa9_0/lib -o "p7_request_gps.elf"  ./src/helloworld.o ./src/platform.o   -Wl,--start-group,-lxil,-lgcc,-lc,--end-group
'Finished building target: p7_request_gps.elf'
' '
'Invoking: ARM Print Size'
arm-xilinx-eabi-size p7_request_gps.elf  |tee "p7_request_gps.elf.size"
   text	   data	    bss	    dec	    hex	filename
  36304	   2176	  29924	  68404	  10b34	p7_request_gps.elf
'Finished building: p7_request_gps.elf.size'
' '
11:11:49 **** Incremental Build of configuration Debug for project p7_request_gps ****
make all 
make: Nothing to be done for `all'.
11:11:49 **** Incremental Build of configuration Debug for project p6_sensor_analysis ****
make all 
make: Nothing to be done for `all'.
11:11:50 **** Incremental Build of configuration Debug for project p5_PPM_BT_passthrough ****
make all 
make: Nothing to be done for `all'.
11:11:51 **** Incremental Build of configuration Debug for project p4_quad_commands ****
make all 
make: Nothing to be done for `all'.
11:11:52 **** Incremental Build of configuration Debug for project p3_UART0_test ****
make all 
make: Nothing to be done for `all'.
11:11:52 **** Incremental Build of configuration Debug for project p3_BT_configure ****
make all 
make: Nothing to be done for `all'.
11:14:12 **** Incremental Build of configuration Debug for project p7_request_gps ****
make all 
make: Nothing to be done for `all'.
11:14:13 **** Incremental Build of configuration Debug for project p6_sensor_analysis ****
make all 
make: Nothing to be done for `all'.
11:14:13 **** Incremental Build of configuration Debug for project p5_PPM_BT_passthrough ****
make all 
make: Nothing to be done for `all'.
11:14:14 **** Incremental Build of configuration Debug for project p4_quad_commands ****
make all 
make: Nothing to be done for `all'.
11:14:15 **** Incremental Build of configuration Debug for project p3_UART0_test ****
make all 
make: Nothing to be done for `all'.
11:14:15 **** Incremental Build of configuration Debug for project p3_BT_configure ****
make all 
make: Nothing to be done for `all'.
11:15:43 **** Auto Build of configuration Debug for project p7_request_gps ****
make all 
'Building file: ../src/helloworld.c'
'Invoking: ARM gcc compiler'
arm-xilinx-eabi-gcc -Wall -O0 -g3 -c -fmessage-length=0 -I../../system_bsp/ps7_cortexa9_0/include -MMD -MP -MF"src/helloworld.d" -MT"src/helloworld.d" -o "src/helloworld.o" "../src/helloworld.c"
'Finished building: ../src/helloworld.c'
' '
'Building target: p7_request_gps.elf'
'Invoking: ARM gcc linker'
arm-xilinx-eabi-gcc -Wl,-T -Wl,../src/lscript.ld -L../../system_bsp/ps7_cortexa9_0/lib -o "p7_request_gps.elf"  ./src/helloworld.o ./src/platform.o   -Wl,--start-group,-lxil,-lgcc,-lc,--end-group
'Finished building target: p7_request_gps.elf'
' '
'Invoking: ARM Print Size'
arm-xilinx-eabi-size p7_request_gps.elf  |tee "p7_request_gps.elf.size"
   text	   data	    bss	    dec	    hex	filename
  36304	   2176	  29924	  68404	  10b34	p7_request_gps.elf
'Finished building: p7_request_gps.elf.size'
' '
11:16:24 **** Incremental Build of configuration Debug for project p7_request_gps ****
make all 
make: Nothing to be done for `all'.
11:16:24 **** Incremental Build of configuration Debug for project p6_sensor_analysis ****
make all 
make: Nothing to be done for `all'.
11:16:25 **** Incremental Build of configuration Debug for project p5_PPM_BT_passthrough ****
make all 
make: Nothing to be done for `all'.
11:16:26 **** Incremental Build of configuration Debug for project p4_quad_commands ****
make all 
make: Nothing to be done for `all'.
11:16:26 **** Incremental Build of configuration Debug for project p3_UART0_test ****
make all 
make: Nothing to be done for `all'.
11:16:27 **** Incremental Build of configuration Debug for project p3_BT_configure ****
make all 
make: Nothing to be done for `all'.
11:17:01 **** Auto Build of configuration Debug for project p7_request_gps ****
make all 
'Building file: ../src/helloworld.c'
'Invoking: ARM gcc compiler'
arm-xilinx-eabi-gcc -Wall -O0 -g3 -c -fmessage-length=0 -I../../system_bsp/ps7_cortexa9_0/include -MMD -MP -MF"src/helloworld.d" -MT"src/helloworld.d" -o "src/helloworld.o" "../src/helloworld.c"
../src/helloworld.c: In function 'main':
../src/helloworld.c:137:12: warning: unused variable 'i' [-Wunused-variable]
'Finished building: ../src/helloworld.c'
' '
'Building target: p7_request_gps.elf'
'Invoking: ARM gcc linker'
arm-xilinx-eabi-gcc -Wl,-T -Wl,../src/lscript.ld -L../../system_bsp/ps7_cortexa9_0/lib -o "p7_request_gps.elf"  ./src/helloworld.o ./src/platform.o   -Wl,--start-group,-lxil,-lgcc,-lc,--end-group
'Finished building target: p7_request_gps.elf'
' '
'Invoking: ARM Print Size'
arm-xilinx-eabi-size p7_request_gps.elf  |tee "p7_request_gps.elf.size"
   text	   data	    bss	    dec	    hex	filename
  36216	   2176	  29924	  68316	  10adc	p7_request_gps.elf
'Finished building: p7_request_gps.elf.size'
' '
11:17:17 **** Incremental Build of configuration Debug for project p7_request_gps ****
make all 
make: Nothing to be done for `all'.
11:17:18 **** Incremental Build of configuration Debug for project p6_sensor_analysis ****
make all 
make: Nothing to be done for `all'.
11:17:19 **** Incremental Build of configuration Debug for project p5_PPM_BT_passthrough ****
make all 
make: Nothing to be done for `all'.
11:17:19 **** Incremental Build of configuration Debug for project p4_quad_commands ****
make all 
make: Nothing to be done for `all'.
11:17:20 **** Incremental Build of configuration Debug for project p3_UART0_test ****
make all 
make: Nothing to be done for `all'.
11:17:20 **** Incremental Build of configuration Debug for project p3_BT_configure ****
make all 
make: Nothing to be done for `all'.
11:19:58 **** Auto Build of configuration Debug for project p7_request_gps ****
make all 
'Building file: ../src/helloworld.c'
'Invoking: ARM gcc compiler'
arm-xilinx-eabi-gcc -Wall -O0 -g3 -c -fmessage-length=0 -I../../system_bsp/ps7_cortexa9_0/include -MMD -MP -MF"src/helloworld.d" -MT"src/helloworld.d" -o "src/helloworld.o" "../src/helloworld.c"
'Finished building: ../src/helloworld.c'
' '
'Building target: p7_request_gps.elf'
'Invoking: ARM gcc linker'
arm-xilinx-eabi-gcc -Wl,-T -Wl,../src/lscript.ld -L../../system_bsp/ps7_cortexa9_0/lib -o "p7_request_gps.elf"  ./src/helloworld.o ./src/platform.o   -Wl,--start-group,-lxil,-lgcc,-lc,--end-group
'Finished building target: p7_request_gps.elf'
' '
'Invoking: ARM Print Size'
arm-xilinx-eabi-size p7_request_gps.elf  |tee "p7_request_gps.elf.size"
   text	   data	    bss	    dec	    hex	filename
  36304	   2176	  29924	  68404	  10b34	p7_request_gps.elf
'Finished building: p7_request_gps.elf.size'
' '
11:37:19 **** Auto Build of configuration Debug for project p7_request_gps ****
make all 
'Building file: ../src/helloworld.c'
'Invoking: ARM gcc compiler'
arm-xilinx-eabi-gcc -Wall -O0 -g3 -c -fmessage-length=0 -I../../system_bsp/ps7_cortexa9_0/include -MMD -MP -MF"src/helloworld.d" -MT"src/helloworld.d" -o "src/helloworld.o" "../src/helloworld.c"
../src/helloworld.c: In function 'main':
../src/helloworld.c:145:41: error: expected expression before ')' token
../src/helloworld.c:137:20: warning: unused variable 'yaw' [-Wunused-variable]
../src/helloworld.c:137:17: warning: unused variable 'z' [-Wunused-variable]
../src/helloworld.c:137:14: warning: unused variable 'y' [-Wunused-variable]
../src/helloworld.c:137:11: warning: unused variable 'x' [-Wunused-variable]
make: *** [src/helloworld.o] Error 1
11:37:31 **** Auto Build of configuration Debug for project p7_request_gps ****
make all 
'Building file: ../src/helloworld.c'
'Invoking: ARM gcc compiler'
arm-xilinx-eabi-gcc -Wall -O0 -g3 -c -fmessage-length=0 -I../../system_bsp/ps7_cortexa9_0/include -MMD -MP -MF"src/helloworld.d" -MT"src/helloworld.d" -o "src/helloworld.o" "../src/helloworld.c"
'Finished building: ../src/helloworld.c'
' '
'Building target: p7_request_gps.elf'
'Invoking: ARM gcc linker'
arm-xilinx-eabi-gcc -Wl,-T -Wl,../src/lscript.ld -L../../system_bsp/ps7_cortexa9_0/lib -o "p7_request_gps.elf"  ./src/helloworld.o ./src/platform.o   -Wl,--start-group,-lxil,-lgcc,-lc,--end-group
'Finished building target: p7_request_gps.elf'
' '
'Invoking: ARM Print Size'
arm-xilinx-eabi-size p7_request_gps.elf  |tee "p7_request_gps.elf.size"
   text	   data	    bss	    dec	    hex	filename
  88852	   3384	  30252	 122488	  1de78	p7_request_gps.elf
'Finished building: p7_request_gps.elf.size'
' '
11:38:35 **** Auto Build of configuration Debug for project p7_request_gps ****
make all 
'Building file: ../src/helloworld.c'
'Invoking: ARM gcc compiler'
arm-xilinx-eabi-gcc -Wall -O0 -g3 -c -fmessage-length=0 -I../../system_bsp/ps7_cortexa9_0/include -MMD -MP -MF"src/helloworld.d" -MT"src/helloworld.d" -o "src/helloworld.o" "../src/helloworld.c"
../src/helloworld.c: In function 'main':
../src/helloworld.c:140:9: error: expected '(' before 'BTN'
../src/helloworld.c:138:12: warning: unused variable 'i' [-Wunused-variable]
../src/helloworld.c:137:20: warning: unused variable 'yaw' [-Wunused-variable]
../src/helloworld.c:137:17: warning: unused variable 'z' [-Wunused-variable]
../src/helloworld.c:137:14: warning: unused variable 'y' [-Wunused-variable]
../src/helloworld.c:137:11: warning: unused variable 'x' [-Wunused-variable]
make: *** [src/helloworld.o] Error 1
11:38:41 **** Auto Build of configuration Debug for project p7_request_gps ****
make all 
'Building file: ../src/helloworld.c'
'Invoking: ARM gcc compiler'
arm-xilinx-eabi-gcc -Wall -O0 -g3 -c -fmessage-length=0 -I../../system_bsp/ps7_cortexa9_0/include -MMD -MP -MF"src/helloworld.d" -MT"src/helloworld.d" -o "src/helloworld.o" "../src/helloworld.c"
'Finished building: ../src/helloworld.c'
' '
'Building target: p7_request_gps.elf'
'Invoking: ARM gcc linker'
arm-xilinx-eabi-gcc -Wl,-T -Wl,../src/lscript.ld -L../../system_bsp/ps7_cortexa9_0/lib -o "p7_request_gps.elf"  ./src/helloworld.o ./src/platform.o   -Wl,--start-group,-lxil,-lgcc,-lc,--end-group
'Finished building target: p7_request_gps.elf'
' '
'Invoking: ARM Print Size'
arm-xilinx-eabi-size p7_request_gps.elf  |tee "p7_request_gps.elf.size"
   text	   data	    bss	    dec	    hex	filename
  89916	   3384	  30252	 123552	  1e2a0	p7_request_gps.elf
'Finished building: p7_request_gps.elf.size'
' '
11:39:04 **** Auto Build of configuration Debug for project p7_request_gps ****
make all 
'Building file: ../src/helloworld.c'
'Invoking: ARM gcc compiler'
arm-xilinx-eabi-gcc -Wall -O0 -g3 -c -fmessage-length=0 -I../../system_bsp/ps7_cortexa9_0/include -MMD -MP -MF"src/helloworld.d" -MT"src/helloworld.d" -o "src/helloworld.o" "../src/helloworld.c"
'Finished building: ../src/helloworld.c'
' '
'Building target: p7_request_gps.elf'
'Invoking: ARM gcc linker'
arm-xilinx-eabi-gcc -Wl,-T -Wl,../src/lscript.ld -L../../system_bsp/ps7_cortexa9_0/lib -o "p7_request_gps.elf"  ./src/helloworld.o ./src/platform.o   -Wl,--start-group,-lxil,-lgcc,-lc,--end-group
'Finished building target: p7_request_gps.elf'
' '
'Invoking: ARM Print Size'
arm-xilinx-eabi-size p7_request_gps.elf  |tee "p7_request_gps.elf.size"
   text	   data	    bss	    dec	    hex	filename
  89916	   3384	  30252	 123552	  1e2a0	p7_request_gps.elf
'Finished building: p7_request_gps.elf.size'
' '
11:40:36 **** Auto Build of configuration Debug for project p7_request_gps ****
make all 
'Building file: ../src/helloworld.c'
'Invoking: ARM gcc compiler'
arm-xilinx-eabi-gcc -Wall -O0 -g3 -c -fmessage-length=0 -I../../system_bsp/ps7_cortexa9_0/include -MMD -MP -MF"src/helloworld.d" -MT"src/helloworld.d" -o "src/helloworld.o" "../src/helloworld.c"
'Finished building: ../src/helloworld.c'
' '
'Building target: p7_request_gps.elf'
'Invoking: ARM gcc linker'
arm-xilinx-eabi-gcc -Wl,-T -Wl,../src/lscript.ld -L../../system_bsp/ps7_cortexa9_0/lib -o "p7_request_gps.elf"  ./src/helloworld.o ./src/platform.o   -Wl,--start-group,-lxil,-lgcc,-lc,--end-group
'Finished building target: p7_request_gps.elf'
' '
'Invoking: ARM Print Size'
arm-xilinx-eabi-size p7_request_gps.elf  |tee "p7_request_gps.elf.size"
   text	   data	    bss	    dec	    hex	filename
  89948	   3384	  30252	 123584	  1e2c0	p7_request_gps.elf
'Finished building: p7_request_gps.elf.size'
' '
11:41:28 **** Auto Build of configuration Debug for project p7_request_gps ****
make all 
'Building file: ../src/helloworld.c'
'Invoking: ARM gcc compiler'
arm-xilinx-eabi-gcc -Wall -O0 -g3 -c -fmessage-length=0 -I../../system_bsp/ps7_cortexa9_0/include -MMD -MP -MF"src/helloworld.d" -MT"src/helloworld.d" -o "src/helloworld.o" "../src/helloworld.c"
../src/helloworld.c: In function 'main':
../src/helloworld.c:143:4: error: incompatible type for argument 2 of 'sprintf'
In file included from ../src/helloworld.c:34:0:
c:\xilinx\14.7\ise_ds\edk\gnu\arm\nt\bin\../lib/gcc/arm-xilinx-eabi/4.7.3/../../../../arm-xilinx-eabi/include/stdio.h:262:5: note: expected 'const char *' but argument is of type 'float'
make: *** [src/helloworld.o] Error 1
11:41:40 **** Auto Build of configuration Debug for project p7_request_gps ****
make all 
'Building file: ../src/helloworld.c'
'Invoking: ARM gcc compiler'
arm-xilinx-eabi-gcc -Wall -O0 -g3 -c -fmessage-length=0 -I../../system_bsp/ps7_cortexa9_0/include -MMD -MP -MF"src/helloworld.d" -MT"src/helloworld.d" -o "src/helloworld.o" "../src/helloworld.c"
'Finished building: ../src/helloworld.c'
' '
'Building target: p7_request_gps.elf'
'Invoking: ARM gcc linker'
arm-xilinx-eabi-gcc -Wl,-T -Wl,../src/lscript.ld -L../../system_bsp/ps7_cortexa9_0/lib -o "p7_request_gps.elf"  ./src/helloworld.o ./src/platform.o   -Wl,--start-group,-lxil,-lgcc,-lc,--end-group
'Finished building target: p7_request_gps.elf'
' '
'Invoking: ARM Print Size'
arm-xilinx-eabi-size p7_request_gps.elf  |tee "p7_request_gps.elf.size"
   text	   data	    bss	    dec	    hex	filename
  90044	   3384	  30252	 123680	  1e320	p7_request_gps.elf
'Finished building: p7_request_gps.elf.size'
' '
11:41:45 **** Auto Build of configuration Debug for project p7_request_gps ****
make all 
'Building file: ../src/helloworld.c'
'Invoking: ARM gcc compiler'
arm-xilinx-eabi-gcc -Wall -O0 -g3 -c -fmessage-length=0 -I../../system_bsp/ps7_cortexa9_0/include -MMD -MP -MF"src/helloworld.d" -MT"src/helloworld.d" -o "src/helloworld.o" "../src/helloworld.c"
'Finished building: ../src/helloworld.c'
' '
'Building target: p7_request_gps.elf'
'Invoking: ARM gcc linker'
arm-xilinx-eabi-gcc -Wl,-T -Wl,../src/lscript.ld -L../../system_bsp/ps7_cortexa9_0/lib -o "p7_request_gps.elf"  ./src/helloworld.o ./src/platform.o   -Wl,--start-group,-lxil,-lgcc,-lc,--end-group
'Finished building target: p7_request_gps.elf'
' '
'Invoking: ARM Print Size'
arm-xilinx-eabi-size p7_request_gps.elf  |tee "p7_request_gps.elf.size"
   text	   data	    bss	    dec	    hex	filename
  90044	   2384	  31244	 123672	  1e318	p7_request_gps.elf
'Finished building: p7_request_gps.elf.size'
' '
11:41:53 **** Incremental Build of configuration Debug for project p7_request_gps ****
make all 
make: Nothing to be done for `all'.
11:41:54 **** Incremental Build of configuration Debug for project p6_sensor_analysis ****
make all 
make: Nothing to be done for `all'.
11:41:54 **** Incremental Build of configuration Debug for project p5_PPM_BT_passthrough ****
make all 
make: Nothing to be done for `all'.
11:41:55 **** Incremental Build of configuration Debug for project p4_quad_commands ****
make all 
make: Nothing to be done for `all'.
11:41:56 **** Incremental Build of configuration Debug for project p3_UART0_test ****
make all 
make: Nothing to be done for `all'.
11:41:56 **** Incremental Build of configuration Debug for project p3_BT_configure ****
make all 
make: Nothing to be done for `all'.
11:42:21 **** Auto Build of configuration Debug for project p7_request_gps ****
make all 
'Building file: ../src/helloworld.c'
'Invoking: ARM gcc compiler'
arm-xilinx-eabi-gcc -Wall -O0 -g3 -c -fmessage-length=0 -I../../system_bsp/ps7_cortexa9_0/include -MMD -MP -MF"src/helloworld.d" -MT"src/helloworld.d" -o "src/helloworld.o" "../src/helloworld.c"
'Finished building: ../src/helloworld.c'
' '
'Building target: p7_request_gps.elf'
'Invoking: ARM gcc linker'
arm-xilinx-eabi-gcc -Wl,-T -Wl,../src/lscript.ld -L../../system_bsp/ps7_cortexa9_0/lib -o "p7_request_gps.elf"  ./src/helloworld.o ./src/platform.o   -Wl,--start-group,-lxil,-lgcc,-lc,--end-group
'Finished building target: p7_request_gps.elf'
' '
'Invoking: ARM Print Size'
arm-xilinx-eabi-size p7_request_gps.elf  |tee "p7_request_gps.elf.size"
   text	   data	    bss	    dec	    hex	filename
  90036	   2384	  31244	 123664	  1e310	p7_request_gps.elf
'Finished building: p7_request_gps.elf.size'
' '
11:42:22 **** Incremental Build of configuration Debug for project p7_request_gps ****
make all 
make: Nothing to be done for `all'.
11:42:23 **** Incremental Build of configuration Debug for project p6_sensor_analysis ****
make all 
make: Nothing to be done for `all'.
11:42:24 **** Incremental Build of configuration Debug for project p5_PPM_BT_passthrough ****
make all 
make: Nothing to be done for `all'.
11:42:24 **** Incremental Build of configuration Debug for project p4_quad_commands ****
make all 
make: Nothing to be done for `all'.
11:42:25 **** Incremental Build of configuration Debug for project p3_UART0_test ****
make all 
make: Nothing to be done for `all'.
11:42:25 **** Incremental Build of configuration Debug for project p3_BT_configure ****
make all 
make: Nothing to be done for `all'.
