17:58:47 **** Auto Build of configuration Debug for project p3_UART0_test ****
make all 
'Building file: ../src/helloworld.c'
'Invoking: ARM gcc compiler'
arm-xilinx-eabi-gcc -Wall -O0 -g3 -c -fmessage-length=0 -I../../system_bsp/ps7_cortexa9_0/include -MMD -MP -MF"src/helloworld.d" -MT"src/helloworld.d" -o "src/helloworld.o" "../src/helloworld.c"
../src/helloworld.c:42:0: warning: "UART_DEVICE_ID" redefined [enabled by default]
In file included from ../src/platform.h:22:0,
                 from ../src/helloworld.c:38:
../src/platform_config.h:5:0: note: this is the location of the previous definition
'Finished building: ../src/helloworld.c'
' '
'Building target: p3_UART0_test.elf'
'Invoking: ARM gcc linker'
arm-xilinx-eabi-gcc -Wl,-T -Wl,../src/lscript.ld -L../../system_bsp/ps7_cortexa9_0/lib -o "p3_UART0_test.elf"  ./src/helloworld.o ./src/platform.o   -Wl,--start-group,-lxil,-lgcc,-lc,--end-group
'Finished building target: p3_UART0_test.elf'
' '
'Invoking: ARM Print Size'
arm-xilinx-eabi-size p3_UART0_test.elf  |tee "p3_UART0_test.elf.size"
   text	   data	    bss	    dec	    hex	filename
  24504	   1128	  29860	  55492	   d8c4	p3_UART0_test.elf
'Finished building: p3_UART0_test.elf.size'
' '

17:58:48 Build Finished (took 1s.50ms)

