18:44:55 **** Auto Build of configuration Debug for project p3_UART0_test ****
make all 
'Building file: ../src/platform.c'
'Invoking: ARM gcc compiler'
arm-xilinx-eabi-gcc -Wall -O0 -g3 -c -fmessage-length=0 -I../../system_bsp/ps7_cortexa9_0/include -MMD -MP -MF"src/platform.d" -MT"src/platform.d" -o "src/platform.o" "../src/platform.c"
'Finished building: ../src/platform.c'
' '
'Building target: p3_UART0_test.elf'
'Invoking: ARM gcc linker'
arm-xilinx-eabi-gcc -Wl,-T -Wl,../src/lscript.ld -L../../system_bsp/ps7_cortexa9_0/lib -o "p3_UART0_test.elf"  ./src/helloworld.o ./src/platform.o   -Wl,--start-group,-lxil,-lgcc,-lc,--end-group
'Finished building target: p3_UART0_test.elf'
' '
'Invoking: ARM Print Size'
arm-xilinx-eabi-size p3_UART0_test.elf  |tee "p3_UART0_test.elf.size"
   text	   data	    bss	    dec	    hex	filename
  39028	   2144	  29908	  71080	  115a8	p3_UART0_test.elf
'Finished building: p3_UART0_test.elf.size'
' '

18:44:56 Build Finished (took 1s.140ms)

